Archive member included to satisfy reference by file (symbol)

contiki-srf06-cc26xx.a(contiki-main.o)
                              obj_srf06-cc26xx/startup_gcc.o (main)
contiki-srf06-cc26xx.a(sensors.o)
                              contiki-srf06-cc26xx.a(contiki-main.o) (sensors_process)
contiki-srf06-cc26xx.a(leds.o)
                              contiki-srf06-cc26xx.a(contiki-main.o) (leds_init)
contiki-srf06-cc26xx.a(leds-arch.o)
                              contiki-srf06-cc26xx.a(leds.o) (leds_arch_init)
contiki-srf06-cc26xx.a(sensortag-senso)
                              contiki-srf06-cc26xx.a(sensors.o) (sensors_flags)
contiki-srf06-cc26xx.a(bmp-280-sensor.)
                              contiki-srf06-cc26xx.a(sensortag-senso) (bmp_280_sensor)
contiki-srf06-cc26xx.a(tmp-007-sensor.)
                              contiki-srf06-cc26xx.a(sensortag-senso) (tmp_007_sensor)
contiki-srf06-cc26xx.a(opt-3001-sensor)
                              contiki-srf06-cc26xx.a(sensortag-senso) (opt_3001_sensor)
contiki-srf06-cc26xx.a(hdc-1000-sensor)
                              contiki-srf06-cc26xx.a(sensortag-senso) (hdc_1000_sensor)
contiki-srf06-cc26xx.a(mpu-9250-sensor)
                              contiki-srf06-cc26xx.a(sensortag-senso) (mpu_9250_sensor)
contiki-srf06-cc26xx.a(button-sensor.o)
                              contiki-srf06-cc26xx.a(sensortag-senso) (button_right_sensor)
contiki-srf06-cc26xx.a(reed-relay.o)
                              contiki-srf06-cc26xx.a(sensortag-senso) (reed_relay_sensor)
contiki-srf06-cc26xx.a(board.o)
                              contiki-srf06-cc26xx.a(contiki-main.o) (board_init)
contiki-srf06-cc26xx.a(board-i2c.o)
                              contiki-srf06-cc26xx.a(board.o) (board_i2c_wakeup)
contiki-srf06-cc26xx.a(clock.o)
                              contiki-srf06-cc26xx.a(contiki-main.o) (clock_init)
contiki-srf06-cc26xx.a(rtimer-arch.o)
                              contiki-srf06-cc26xx.a(mpu-9250-sensor) (rtimer_arch_now)
contiki-srf06-cc26xx.a(soc-rtc.o)
                              contiki-srf06-cc26xx.a(contiki-main.o) (soc_rtc_init)
contiki-srf06-cc26xx.a(contiki-watchdo)
                              contiki-srf06-cc26xx.a(contiki-main.o) (watchdog_init)
contiki-srf06-cc26xx.a(putchar.o)
                              contiki-srf06-cc26xx.a(contiki-main.o) (putchar)
contiki-srf06-cc26xx.a(ieee-addr.o)
                              contiki-srf06-cc26xx.a(contiki-main.o) (ieee_addr_cpy_to)
contiki-srf06-cc26xx.a(cc26xx-uart.o)
                              contiki-srf06-cc26xx.a(contiki-main.o) (cc26xx_uart_init)
contiki-srf06-cc26xx.a(lpm.o)
                              contiki-srf06-cc26xx.a(contiki-main.o) (lpm_drop)
contiki-srf06-cc26xx.a(gpio-interrupt.)
                              contiki-srf06-cc26xx.a(button-sensor.o) (gpio_interrupt_register_handler)
contiki-srf06-cc26xx.a(oscillators.o)
                              contiki-srf06-cc26xx.a(contiki-main.o) (oscillators_select_lf_xosc)
contiki-srf06-cc26xx.a(ieee-mode.o)
                              contiki-srf06-cc26xx.a(contiki-main.o) (ieee_mode_driver)
contiki-srf06-cc26xx.a(random.o)
                              contiki-srf06-cc26xx.a(contiki-main.o) (random_init)
contiki-srf06-cc26xx.a(soc-trng.o)
                              contiki-srf06-cc26xx.a(random.o) (soc_trng_rand_synchronous)
contiki-srf06-cc26xx.a(dbg-printf.o)
                              p_tx.co (printf)
contiki-srf06-cc26xx.a(strformat.o)
                              contiki-srf06-cc26xx.a(dbg-printf.o) (format_str_v)
contiki-srf06-cc26xx.a(autostart.o)
                              contiki-srf06-cc26xx.a(contiki-main.o) (autostart_start)
contiki-srf06-cc26xx.a(energest.o)
                              contiki-srf06-cc26xx.a(contiki-main.o) (energest_init)
contiki-srf06-cc26xx.a(etimer.o)
                              contiki-srf06-cc26xx.a(clock.o) (etimer_request_poll)
contiki-srf06-cc26xx.a(ctimer.o)
                              contiki-srf06-cc26xx.a(contiki-main.o) (ctimer_init)
contiki-srf06-cc26xx.a(process.o)
                              contiki-srf06-cc26xx.a(sensors.o) (process_alloc_event)
contiki-srf06-cc26xx.a(rtimer.o)
                              contiki-srf06-cc26xx.a(contiki-main.o) (rtimer_init)
contiki-srf06-cc26xx.a(timer.o)
                              contiki-srf06-cc26xx.a(button-sensor.o) (timer_set)
contiki-srf06-cc26xx.a(serial-line.o)
                              contiki-srf06-cc26xx.a(contiki-main.o) (serial_line_init)
contiki-srf06-cc26xx.a(ringbuf.o)
                              contiki-srf06-cc26xx.a(serial-line.o) (ringbuf_init)
contiki-srf06-cc26xx.a(list.o)
                              contiki-srf06-cc26xx.a(lpm.o) (list_init)
contiki-srf06-cc26xx.a(setup.o)
                              obj_srf06-cc26xx/startup_gcc.o (NOROM_SetupTrimDevice)
contiki-srf06-cc26xx.a(osc.o)
                              contiki-srf06-cc26xx.a(oscillators.o) (NOROM_OSCClockSourceSet)
[...]
Memory Configuration

Name             Origin             Length             Attributes
FLASH            0x0000000000000000 0x000000000001ffa8 xr
FLASH_CCFG       0x000000000001ffa8 0x0000000000000058 xr
SRAM             0x0000000020000000 0x0000000000005000 xrw
GPRAM            0x0000000011000000 0x0000000000002000 xrw
*default*        0x0000000000000000 0xffffffffffffffff

Linker script and memory map

LOAD obj_srf06-cc26xx/fault-handlers.o
LOAD obj_srf06-cc26xx/ccfg.o
LOAD obj_srf06-cc26xx/startup_gcc.o
LOAD p_tx.co
LOAD contiki-srf06-cc26xx.a
LOAD /usr/lib/gcc/arm-none-eabi/5.4.1/../../../arm-none-eabi/lib/armv7-m/libm.a
START GROUP
LOAD /usr/lib/gcc/arm-none-eabi/5.4.1/armv7-m/libgcc.a
LOAD /usr/lib/gcc/arm-none-eabi/5.4.1/../../../arm-none-eabi/lib/armv7-m/libc.a
END GROUP
                0x0000000020005000                _estack = (ORIGIN (SRAM) + LENGTH (SRAM))
                0x0000000000000000                _Min_Heap_Size = 0x0
                0x0000000000000100                _Min_Stack_Size = 0x100

.text           0x0000000000000000     0xabc8
                0x0000000000000000                _text = .
 *(SORT(.vectors))
 .vectors       0x0000000000000000       0xc8 obj_srf06-cc26xx/startup_gcc.o
                0x0000000000000000                g_pfnVectors
 *(SORT(.text*))
 .text.value    0x00000000000000c8       0xb0 contiki-srf06-cc26xx.a(opt-3001-sensor)
 .text.value    0x0000000000000178       0x9c contiki-srf06-cc26xx.a(hdc-1000-sensor)
 *fill*         0x0000000000000214        0x4 00000000
 .text.value    0x0000000000000218      0x19c contiki-srf06-cc26xx.a(mpu-9250-sensor)
 *fill*         0x00000000000003b4        0x4 00000000
 .text          0x00000000000003b8      0xac4 /usr/lib/gcc/arm-none-eabi/5.4.1/../../../arm-none-eabi/lib/armv7-m/libm.a(lib_a-e_pow.o)
                0x00000000000003b8                __ieee754_pow
 *fill*         0x0000000000000e7c        0x4 00000000
 .text          0x0000000000000e80       0xe4 /usr/lib/gcc/arm-none-eabi/5.4.1/../../../arm-none-eabi/lib/armv7-m/libm.a(lib_a-s_scalbn.o)
                0x0000000000000e80                scalbn
 .text.FaultISR
                0x0000000000000f64       0x18 obj_srf06-cc26xx/fault-handlers.o
                0x0000000000000f64                FaultISR
 .text.NmiSRHandler
                0x0000000000000f7c        0x4 obj_srf06-cc26xx/startup_gcc.o
                0x0000000000000f7c                NmiSR
 .text.IntDefaultHandler
                0x0000000000000f80        0x4 obj_srf06-cc26xx/startup_gcc.o
                0x0000000000000f80                SSI0IntHandler
                0x0000000000000f80                SWEvent0IntHandler
                0x0000000000000f80                uDMAIntHandler
                0x0000000000000f80                WatchdogIntHandler
                0x0000000000000f80                RFCHardwareIntHandler
                0x0000000000000f80                Timer1BIntHandler
                0x0000000000000f80                I2SIntHandler
                0x0000000000000f80                Timer2BIntHandler
                0x0000000000000f80                Timer2AIntHandler
                0x0000000000000f80                Timer1AIntHandler
                0x0000000000000f80                AONIntHandler
                0x0000000000000f80                AUXSWEvent0IntHandler
                0x0000000000000f80                AUXADCIntHandler
                0x0000000000000f80                PendSVIntHandler
                0x0000000000000f80                AUXSWEvent1IntHandler
                0x0000000000000f80                SVCallIntHandler
                0x0000000000000f80                MPUFaultIntHandler
                0x0000000000000f80                SysTickIntHandler
                0x0000000000000f80                BusFaultIntHandler
                0x0000000000000f80                AONProgIntHandler
                0x0000000000000f80                AUXCompAIntHandler
                0x0000000000000f80                SSI1IntHandler
                0x0000000000000f80                FlashIntHandler
                0x0000000000000f80                uDMAErrIntHandler
                0x0000000000000f80                UsageFaultIntHandler
                0x0000000000000f80                RFCCmdAckIntHandler
                0x0000000000000f80                CryptoIntHandler
                0x0000000000000f80                Timer0AIntHandler
                0x0000000000000f80                I2CIntHandler
                0x0000000000000f80                DebugMonIntHandler
                0x0000000000000f80                Timer0BIntHandler
                0x0000000000000f80                AUXCombEventIntHandler
                0x0000000000000f80                Timer3AIntHandler
                0x0000000000000f80                DynProgIntHandler
                0x0000000000000f80                Timer3BIntHandler
 .text.ResetISR
                0x0000000000000f84       0x5c obj_srf06-cc26xx/startup_gcc.o
                0x0000000000000f84                ResetISR
 .text.process_thread_example_broadcast_process
                0x0000000000000fe0       0x74 p_tx.co
 .text.broadcast_recv
                0x0000000000001054       0x28 p_tx.co
 .text.fade     0x000000000000107c       0x64 contiki-srf06-cc26xx.a(contiki-main.o)
 .text.startup.main
                0x00000000000010e0      0x22c contiki-srf06-cc26xx.a(contiki-main.o)
                0x00000000000010e0                main
 .text.process_thread_sensors_process
                0x000000000000130c       0xf8 contiki-srf06-cc26xx.a(sensors.o)
 .text.sensors_changed
                0x0000000000001404       0x4c contiki-srf06-cc26xx.a(sensors.o)
                0x0000000000001404                sensors_changed
 .text.leds_init
                0x0000000000001450       0x14 contiki-srf06-cc26xx.a(leds.o)
                0x0000000000001450                leds_init
 .text.leds_on  0x0000000000001464       0x14 contiki-srf06-cc26xx.a(leds.o)
                0x0000000000001464                leds_on
 .text.leds_off
                0x0000000000001478       0x14 contiki-srf06-cc26xx.a(leds.o)
                0x0000000000001478                leds_off
 .text.leds_toggle
                0x000000000000148c       0x14 contiki-srf06-cc26xx.a(leds.o)
                0x000000000000148c                leds_toggle
 .text.leds_arch_init
                0x00000000000014a0       0x38 contiki-srf06-cc26xx.a(leds-arch.o)
                0x00000000000014a0                leds_arch_init
 .text.leds_arch_set
                0x00000000000014d8       0x34 contiki-srf06-cc26xx.a(leds-arch.o)
                0x00000000000014d8                leds_arch_set
 .text.status   0x000000000000150c       0x14 contiki-srf06-cc26xx.a(bmp-280-sensor.)
 .text.notify_ready
                0x0000000000001520       0x14 contiki-srf06-cc26xx.a(bmp-280-sensor.)
 .text.enable_sensor
                0x0000000000001534       0x2c contiki-srf06-cc26xx.a(bmp-280-sensor.)
 .text.configure
                0x0000000000001560       0x94 contiki-srf06-cc26xx.a(bmp-280-sensor.)
 .text.value    0x00000000000015f4      0x178 contiki-srf06-cc26xx.a(bmp-280-sensor.)
 .text.status   0x000000000000176c       0x14 contiki-srf06-cc26xx.a(tmp-007-sensor.)
 .text.notify_ready
                0x0000000000001780       0x14 contiki-srf06-cc26xx.a(tmp-007-sensor.)
 .text.enable_sensor
                0x0000000000001794       0x2c contiki-srf06-cc26xx.a(tmp-007-sensor.)
 .text.configure
                0x00000000000017c0       0x94 contiki-srf06-cc26xx.a(tmp-007-sensor.)
 .text.value    0x0000000000001854       0xf0 contiki-srf06-cc26xx.a(tmp-007-sensor.)
 .text.status   0x0000000000001944        0xc contiki-srf06-cc26xx.a(opt-3001-sensor)
 .text.enable_sensor
                0x0000000000001950       0x44 contiki-srf06-cc26xx.a(opt-3001-sensor)
 .text.notify_ready
                0x0000000000001994       0x54 contiki-srf06-cc26xx.a(opt-3001-sensor)
 .text.configure
                0x00000000000019e8       0x4c contiki-srf06-cc26xx.a(opt-3001-sensor)
 .text.status   0x0000000000001a34       0x14 contiki-srf06-cc26xx.a(hdc-1000-sensor)
 .text.notify_ready
                0x0000000000001a48       0x68 contiki-srf06-cc26xx.a(hdc-1000-sensor)
 .text.configure
                0x0000000000001ab0       0xb8 contiki-srf06-cc26xx.a(hdc-1000-sensor)
 .text.acc_convert
                0x0000000000001b68       0x70 contiki-srf06-cc26xx.a(mpu-9250-sensor)
 .text.status   0x0000000000001bd8       0x14 contiki-srf06-cc26xx.a(mpu-9250-sensor)
 .text.notify_ready
                0x0000000000001bec       0x14 contiki-srf06-cc26xx.a(mpu-9250-sensor)
 .text.sensor_sleep
                0x0000000000001c00       0x38 contiki-srf06-cc26xx.a(mpu-9250-sensor)
 .text.configure
                0x0000000000001c38       0xdc contiki-srf06-cc26xx.a(mpu-9250-sensor)
 .text.int_status
                0x0000000000001d14       0x28 contiki-srf06-cc26xx.a(mpu-9250-sensor)
 .text.initialise
                0x0000000000001d3c      0x100 contiki-srf06-cc26xx.a(mpu-9250-sensor)
 .text.status.part.0
                0x0000000000001e3c       0x14 contiki-srf06-cc26xx.a(button-sensor.o)
 .text.value_left
                0x0000000000001e50       0x24 contiki-srf06-cc26xx.a(button-sensor.o)
 .text.value_right
                0x0000000000001e74       0x24 contiki-srf06-cc26xx.a(button-sensor.o)
 .text.status_left
                0x0000000000001e98       0x10 contiki-srf06-cc26xx.a(button-sensor.o)
 .text.status_right
                0x0000000000001ea8       0x10 contiki-srf06-cc26xx.a(button-sensor.o)
 .text.config_buttons
                0x0000000000001eb8       0x84 contiki-srf06-cc26xx.a(button-sensor.o)
 .text.config_left
                0x0000000000001f3c        0xc contiki-srf06-cc26xx.a(button-sensor.o)
 .text.config_right
                0x0000000000001f48        0xc contiki-srf06-cc26xx.a(button-sensor.o)
 .text.button_press_handler
                0x0000000000001f54       0x98 contiki-srf06-cc26xx.a(button-sensor.o)
 .text.value    0x0000000000001fec       0x10 contiki-srf06-cc26xx.a(reed-relay.o)
 .text.status   0x0000000000001ffc       0x20 contiki-srf06-cc26xx.a(reed-relay.o)
 .text.configure
                0x000000000000201c       0x6c contiki-srf06-cc26xx.a(reed-relay.o)
 .text.reed_interrupt_handler
                0x0000000000002088       0x28 contiki-srf06-cc26xx.a(reed-relay.o)
 .text.power_domains_on
                0x00000000000020b0       0x20 contiki-srf06-cc26xx.a(board.o)
 .text.lpm_wakeup_handler
                0x00000000000020d0        0x4 contiki-srf06-cc26xx.a(board.o)
 .text.shutdown_handler
                0x00000000000020d4       0x68 contiki-srf06-cc26xx.a(board.o)
 .text.board_init
                0x000000000000213c      0x118 contiki-srf06-cc26xx.a(board.o)
                0x000000000000213c                board_init
 .text.i2c_status
                0x0000000000002254       0x34 contiki-srf06-cc26xx.a(board-i2c.o)
 .text.accessible
                0x0000000000002288       0x24 contiki-srf06-cc26xx.a(board-i2c.o)
 .text.board_i2c_wakeup
                0x00000000000022ac       0x5c contiki-srf06-cc26xx.a(board-i2c.o)
                0x00000000000022ac                board_i2c_wakeup
 .text.board_i2c_shutdown
                0x0000000000002308       0xa4 contiki-srf06-cc26xx.a(board-i2c.o)
                0x0000000000002308                board_i2c_shutdown
 .text.board_i2c_write
                0x00000000000023ac      0x138 contiki-srf06-cc26xx.a(board-i2c.o)
                0x00000000000023ac                board_i2c_write
 .text.board_i2c_write_single
                0x00000000000024e4       0x70 contiki-srf06-cc26xx.a(board-i2c.o)
                0x00000000000024e4                board_i2c_write_single
 .text.board_i2c_read
                0x0000000000002554      0x118 contiki-srf06-cc26xx.a(board-i2c.o)
                0x0000000000002554                board_i2c_read
 .text.board_i2c_write_read
                0x000000000000266c      0x1c0 contiki-srf06-cc26xx.a(board-i2c.o)
                0x000000000000266c                board_i2c_write_read
 .text.board_i2c_select
                0x000000000000282c       0xdc contiki-srf06-cc26xx.a(board-i2c.o)
                0x000000000000282c                board_i2c_select
 .text.power_domain_on
                0x0000000000002908       0x20 contiki-srf06-cc26xx.a(clock.o)
 .text.clock_init
                0x0000000000002928       0x98 contiki-srf06-cc26xx.a(clock.o)
                0x0000000000002928                clock_init
 .text.clock_time
                0x00000000000029c0       0x34 contiki-srf06-cc26xx.a(clock.o)
                0x00000000000029c0                clock_time
 .text.clock_update
                0x00000000000029f4       0x3c contiki-srf06-cc26xx.a(clock.o)
                0x00000000000029f4                clock_update
 .text.rtimer_arch_init
                0x0000000000002a30        0x4 contiki-srf06-cc26xx.a(rtimer-arch.o)
                0x0000000000002a30                rtimer_arch_init
 .text.rtimer_arch_schedule
                0x0000000000002a34        0x8 contiki-srf06-cc26xx.a(rtimer-arch.o)
                0x0000000000002a34                rtimer_arch_schedule
 .text.rtimer_arch_now
                0x0000000000002a3c        0x4 contiki-srf06-cc26xx.a(rtimer-arch.o)
                0x0000000000002a3c                rtimer_arch_now
 .text.soc_rtc_init
                0x0000000000002a40       0xa0 contiki-srf06-cc26xx.a(soc-rtc.o)
                0x0000000000002a40                soc_rtc_init
 .text.soc_rtc_schedule_one_shot
                0x0000000000002ae0       0x6c contiki-srf06-cc26xx.a(soc-rtc.o)
                0x0000000000002ae0                soc_rtc_schedule_one_shot
 .text.soc_rtc_last_isr_time
                0x0000000000002b4c        0xc contiki-srf06-cc26xx.a(soc-rtc.o)
                0x0000000000002b4c                soc_rtc_last_isr_time
 .text.AONRTCIntHandler
                0x0000000000002b58       0x88 contiki-srf06-cc26xx.a(soc-rtc.o)
                0x0000000000002b58                AONRTCIntHandler
 .text.watchdog_init
                0x0000000000002be0       0x1c contiki-srf06-cc26xx.a(contiki-watchdo)
                0x0000000000002be0                watchdog_init
 .text.watchdog_start
                0x0000000000002bfc       0x68 contiki-srf06-cc26xx.a(contiki-watchdo)
                0x0000000000002bfc                watchdog_start
 .text.watchdog_periodic
                0x0000000000002c64       0x1c contiki-srf06-cc26xx.a(contiki-watchdo)
                0x0000000000002c64                watchdog_periodic
 .text.putchar  0x0000000000002c80       0x10 contiki-srf06-cc26xx.a(putchar.o)
                0x0000000000002c80                putchar
 .text.puts     0x0000000000002c90       0x30 contiki-srf06-cc26xx.a(putchar.o)
                0x0000000000002c90                puts
 .text.dbg_send_bytes
                0x0000000000002cc0       0x40 contiki-srf06-cc26xx.a(putchar.o)
                0x0000000000002cc0                dbg_send_bytes
 .text.ieee_addr_cpy_to
                0x0000000000002d00       0x40 contiki-srf06-cc26xx.a(ieee-addr.o)
                0x0000000000002d00                ieee_addr_cpy_to
 .text.power_and_clock
                0x0000000000002d40       0x40 contiki-srf06-cc26xx.a(cc26xx-uart.o)
 .text.enable   0x0000000000002d80       0xf4 contiki-srf06-cc26xx.a(cc26xx-uart.o)
 .text.accessible
                0x0000000000002e74       0x24 contiki-srf06-cc26xx.a(cc26xx-uart.o)
 .text.lpm_drop_handler
                0x0000000000002e98       0xcc contiki-srf06-cc26xx.a(cc26xx-uart.o)
 .text.cc26xx_uart_init
                0x0000000000002f64       0x28 contiki-srf06-cc26xx.a(cc26xx-uart.o)
                0x0000000000002f64                cc26xx_uart_init
 .text.cc26xx_uart_write_byte
                0x0000000000002f8c       0x28 contiki-srf06-cc26xx.a(cc26xx-uart.o)
                0x0000000000002f8c                cc26xx_uart_write_byte
 .text.cc26xx_uart_busy
                0x0000000000002fb4       0x18 contiki-srf06-cc26xx.a(cc26xx-uart.o)
                0x0000000000002fb4                cc26xx_uart_busy
 .text.UART0IntHandler
                0x0000000000002fcc       0x54 contiki-srf06-cc26xx.a(cc26xx-uart.o)
                0x0000000000002fcc                UART0IntHandler
 .text.lpm_sleep
                0x0000000000003020       0x14 contiki-srf06-cc26xx.a(lpm.o)
                0x0000000000003020                lpm_sleep
 .text.lpm_drop
                0x0000000000003034      0x258 contiki-srf06-cc26xx.a(lpm.o)
                0x0000000000003034                lpm_drop
 .text.lpm_register_module
                0x000000000000328c        0xc contiki-srf06-cc26xx.a(lpm.o)
                0x000000000000328c                lpm_register_module
 .text.lpm_unregister_module
                0x0000000000003298        0xc contiki-srf06-cc26xx.a(lpm.o)
                0x0000000000003298                lpm_unregister_module
 .text.lpm_init
                0x00000000000032a4       0x20 contiki-srf06-cc26xx.a(lpm.o)
                0x00000000000032a4                lpm_init
 .text.lpm_pin_set_default_state
                0x00000000000032c4       0x2c contiki-srf06-cc26xx.a(lpm.o)
                0x00000000000032c4                lpm_pin_set_default_state
 .text.gpio_interrupt_register_handler
                0x00000000000032f0       0x2c contiki-srf06-cc26xx.a(gpio-interrupt.)
                0x00000000000032f0                gpio_interrupt_register_handler
 .text.gpio_interrupt_init
                0x000000000000331c       0x24 contiki-srf06-cc26xx.a(gpio-interrupt.)
                0x000000000000331c                gpio_interrupt_init
 .text.GPIOIntHandler
                0x0000000000003340       0x30 contiki-srf06-cc26xx.a(gpio-interrupt.)
                0x0000000000003340                GPIOIntHandler
 .text.oscillators_select_lf_xosc
                0x0000000000003370       0x50 contiki-srf06-cc26xx.a(oscillators.o)
                0x0000000000003370                oscillators_select_lf_xosc
 .text.oscillators_request_hf_xosc
                0x00000000000033c0       0x30 contiki-srf06-cc26xx.a(oscillators.o)
                0x00000000000033c0                oscillators_request_hf_xosc
 .text.oscillators_switch_to_hf_xosc
                0x00000000000033f0       0x34 contiki-srf06-cc26xx.a(oscillators.o)
                0x00000000000033f0                oscillators_switch_to_hf_xosc
 .text.oscillators_switch_to_hf_rc
                0x0000000000003424       0x38 contiki-srf06-cc26xx.a(oscillators.o)
                0x0000000000003424                oscillators_switch_to_hf_rc
 .text.request  0x000000000000345c       0x20 contiki-srf06-cc26xx.a(ieee-mode.o)
 .text.rx_on    0x000000000000347c       0x60 contiki-srf06-cc26xx.a(ieee-mode.o)
 .text.prepare  0x00000000000034dc       0x1c contiki-srf06-cc26xx.a(ieee-mode.o)
 .text.rf_radio_setup
                0x00000000000034f8       0x64 contiki-srf06-cc26xx.a(ieee-mode.o)
 .text.soft_on  0x000000000000355c       0x18 contiki-srf06-cc26xx.a(ieee-mode.o)
 .text.pending_packet
                0x0000000000003574       0x48 contiki-srf06-cc26xx.a(ieee-mode.o)
 .text.soft_off
                0x00000000000035bc       0x44 contiki-srf06-cc26xx.a(ieee-mode.o)
 .text.get_object
                0x0000000000003600       0x4c contiki-srf06-cc26xx.a(ieee-mode.o)
 .text.transmitting.part.1
                0x000000000000364c       0x40 contiki-srf06-cc26xx.a(ieee-mode.o)
 .text.rx_off   0x000000000000368c       0x74 contiki-srf06-cc26xx.a(ieee-mode.o)
 .text.set_object
                0x0000000000003700       0x60 contiki-srf06-cc26xx.a(ieee-mode.o)
 .text.get_cca_info
                0x0000000000003760       0x50 contiki-srf06-cc26xx.a(ieee-mode.o)
 .text.check_rat_overflow
                0x00000000000037b0       0x80 contiki-srf06-cc26xx.a(ieee-mode.o)
 .text.receiving_packet
                0x0000000000003830       0x3c contiki-srf06-cc26xx.a(ieee-mode.o)
 .text.off.part.7
                0x000000000000386c       0x6c contiki-srf06-cc26xx.a(ieee-mode.o)
 .text.off      0x00000000000038d8       0x14 contiki-srf06-cc26xx.a(ieee-mode.o)
 .text.on       0x00000000000038ec       0xa8 contiki-srf06-cc26xx.a(ieee-mode.o)
 .text.set_value
                0x0000000000003994      0x178 contiki-srf06-cc26xx.a(ieee-mode.o)
 .text.get_value
                0x0000000000003b0c      0x188 contiki-srf06-cc26xx.a(ieee-mode.o)
 .text.transmit
                0x0000000000003c94      0x114 contiki-srf06-cc26xx.a(ieee-mode.o)
 .text.send     0x0000000000003da8       0x24 contiki-srf06-cc26xx.a(ieee-mode.o)
 .text.channel_clear
                0x0000000000003dcc       0x84 contiki-srf06-cc26xx.a(ieee-mode.o)
 .text.read_frame
                0x0000000000003e50      0x190 contiki-srf06-cc26xx.a(ieee-mode.o)
 .text.handle_rat_overflow
                0x0000000000003fe0       0x68 contiki-srf06-cc26xx.a(ieee-mode.o)
 .text.init     0x0000000000004048       0xfc contiki-srf06-cc26xx.a(ieee-mode.o)
 .text.random_rand
                0x0000000000004144        0xc contiki-srf06-cc26xx.a(random.o)
                0x0000000000004144                random_rand
 .text.random_init
                0x0000000000004150        0x4 contiki-srf06-cc26xx.a(random.o)
                0x0000000000004150                random_init
 .text.power_up
                0x0000000000004154       0x40 contiki-srf06-cc26xx.a(soc-trng.o)
 .text.request  0x0000000000004194       0x14 contiki-srf06-cc26xx.a(soc-trng.o)
 .text.process_thread_soc_trng_process
                0x00000000000041a8       0x94 contiki-srf06-cc26xx.a(soc-trng.o)
 .text.accessible
                0x000000000000423c       0x24 contiki-srf06-cc26xx.a(soc-trng.o)
 .text.soc_trng_rand_synchronous
                0x0000000000004260       0xc4 contiki-srf06-cc26xx.a(soc-trng.o)
                0x0000000000004260                soc_trng_rand_synchronous
 .text.TRNGIntHandler
                0x0000000000004324       0x50 contiki-srf06-cc26xx.a(soc-trng.o)
                0x0000000000004324                TRNGIntHandler
 .text.soc_trng_init
                0x0000000000004374       0x28 contiki-srf06-cc26xx.a(soc-trng.o)
                0x0000000000004374                soc_trng_init
 .text.write_str
                0x000000000000439c       0x14 contiki-srf06-cc26xx.a(dbg-printf.o)
 .text.printf   0x00000000000043b0       0x24 contiki-srf06-cc26xx.a(dbg-printf.o)
                0x00000000000043b0                printf
 .text.fill_space
                0x00000000000043d4       0x3c contiki-srf06-cc26xx.a(strformat.o)
 .text.format_str_v
                0x0000000000004410      0x95c contiki-srf06-cc26xx.a(strformat.o)
                0x0000000000004410                format_str_v
 .text.autostart_start
                0x0000000000004d6c       0x18 contiki-srf06-cc26xx.a(autostart.o)
                0x0000000000004d6c                autostart_start
 .text.energest_init
                0x0000000000004d84        0x4 contiki-srf06-cc26xx.a(energest.o)
                0x0000000000004d84                energest_init
 .text.update_time
                0x0000000000004d88       0x44 contiki-srf06-cc26xx.a(etimer.o)
 .text.process_thread_etimer_process
                0x0000000000004dcc       0xc8 contiki-srf06-cc26xx.a(etimer.o)
 .text.add_timer
                0x0000000000004e94       0x54 contiki-srf06-cc26xx.a(etimer.o)
 .text.etimer_request_poll
                0x0000000000004ee8        0xc contiki-srf06-cc26xx.a(etimer.o)
                0x0000000000004ee8                etimer_request_poll
 .text.etimer_set
                0x0000000000004ef4       0x14 contiki-srf06-cc26xx.a(etimer.o)
                0x0000000000004ef4                etimer_set
 .text.etimer_expired
                0x0000000000004f08        0xc contiki-srf06-cc26xx.a(etimer.o)
                0x0000000000004f08                etimer_expired
 .text.etimer_pending
                0x0000000000004f14       0x10 contiki-srf06-cc26xx.a(etimer.o)
                0x0000000000004f14                etimer_pending
 .text.etimer_next_expiration_time
                0x0000000000004f24       0x14 contiki-srf06-cc26xx.a(etimer.o)
                0x0000000000004f24                etimer_next_expiration_time
 .text.etimer_stop
                0x0000000000004f38       0x44 contiki-srf06-cc26xx.a(etimer.o)
                0x0000000000004f38                etimer_stop
 .text.process_thread_ctimer_process
                0x0000000000004f7c       0x94 contiki-srf06-cc26xx.a(ctimer.o)
 .text.ctimer_init
                0x0000000000005010       0x28 contiki-srf06-cc26xx.a(ctimer.o)
                0x0000000000005010                ctimer_init
 .text.ctimer_set_with_process
                0x0000000000005038       0x4c contiki-srf06-cc26xx.a(ctimer.o)
                0x0000000000005038                ctimer_set_with_process
 .text.ctimer_set
                0x0000000000005084       0x18 contiki-srf06-cc26xx.a(ctimer.o)
                0x0000000000005084                ctimer_set
 .text.ctimer_stop
                0x000000000000509c       0x34 contiki-srf06-cc26xx.a(ctimer.o)
                0x000000000000509c                ctimer_stop
 .text.exit_process
                0x00000000000050d0       0xb0 contiki-srf06-cc26xx.a(process.o)
 .text.call_process.part.0
                0x0000000000005180       0x38 contiki-srf06-cc26xx.a(process.o)
 .text.do_poll  0x00000000000051b8       0x3c contiki-srf06-cc26xx.a(process.o)
 .text.process_alloc_event
                0x00000000000051f4       0x10 contiki-srf06-cc26xx.a(process.o)
                0x00000000000051f4                process_alloc_event
 .text.process_start
                0x0000000000005204       0x48 contiki-srf06-cc26xx.a(process.o)
                0x0000000000005204                process_start
 .text.process_init
                0x000000000000524c       0x34 contiki-srf06-cc26xx.a(process.o)
                0x000000000000524c                process_init
 .text.process_run
                0x0000000000005280       0xa8 contiki-srf06-cc26xx.a(process.o)
                0x0000000000005280                process_run
 .text.process_nevents
                0x0000000000005328       0x14 contiki-srf06-cc26xx.a(process.o)
                0x0000000000005328                process_nevents
 .text.process_post
                0x000000000000533c       0x40 contiki-srf06-cc26xx.a(process.o)
                0x000000000000533c                process_post
 .text.process_poll
                0x000000000000537c       0x18 contiki-srf06-cc26xx.a(process.o)
                0x000000000000537c                process_poll
 .text.rtimer_init
                0x0000000000005394        0x4 contiki-srf06-cc26xx.a(rtimer.o)
                0x0000000000005394                rtimer_init
 .text.rtimer_set
                0x0000000000005398       0x2c contiki-srf06-cc26xx.a(rtimer.o)
                0x0000000000005398                rtimer_set
 .text.rtimer_run_next
                0x00000000000053c4       0x28 contiki-srf06-cc26xx.a(rtimer.o)
                0x00000000000053c4                rtimer_run_next
 .text.timer_set
                0x00000000000053ec       0x10 contiki-srf06-cc26xx.a(timer.o)
                0x00000000000053ec                timer_set
 .text.timer_expired
                0x00000000000053fc       0x1c contiki-srf06-cc26xx.a(timer.o)
                0x00000000000053fc                timer_expired
 .text.process_thread_serial_line_process
                0x0000000000005418       0xa8 contiki-srf06-cc26xx.a(serial-line.o)
 .text.serial_line_init
                0x00000000000054c0       0x24 contiki-srf06-cc26xx.a(serial-line.o)
                0x00000000000054c0                serial_line_init
 .text.ringbuf_init
                0x00000000000054e4       0x10 contiki-srf06-cc26xx.a(ringbuf.o)
                0x00000000000054e4                ringbuf_init
 .text.ringbuf_get
                0x00000000000054f4       0x24 contiki-srf06-cc26xx.a(ringbuf.o)
                0x00000000000054f4                ringbuf_get
 .text.list_init
                0x0000000000005518        0x8 contiki-srf06-cc26xx.a(list.o)
                0x0000000000005518                list_init
 .text.list_head
                0x0000000000005520        0x4 contiki-srf06-cc26xx.a(list.o)
                0x0000000000005520                list_head
 .text.list_add
                0x0000000000005524       0x5c contiki-srf06-cc26xx.a(list.o)
                0x0000000000005524                list_add
 .text.list_push
                0x0000000000005580       0x48 contiki-srf06-cc26xx.a(list.o)
                0x0000000000005580                list_push
 .text.list_remove
                0x00000000000055c8       0x38 contiki-srf06-cc26xx.a(list.o)
                0x00000000000055c8                list_remove
 .text.list_length
                0x0000000000005600       0x14 contiki-srf06-cc26xx.a(list.o)
                0x0000000000005600                list_length
 .text.list_item_next
                0x0000000000005614        0x8 contiki-srf06-cc26xx.a(list.o)
                0x0000000000005614                list_item_next
 .text.TrimAfterColdResetWakeupFromShutDown
                0x000000000000561c       0xe4 contiki-srf06-cc26xx.a(setup.o)
 .text.NOROM_SetupTrimDevice
                0x0000000000005700       0xa4 contiki-srf06-cc26xx.a(setup.o)
                0x0000000000005700                NOROM_SetupTrimDevice
 .text.NOROM_OSCClockSourceSet
                0x00000000000057a4       0x50 contiki-srf06-cc26xx.a(osc.o)
                0x00000000000057a4                NOROM_OSCClockSourceSet
 .text.NOROM_OSCClockSourceGet
                0x00000000000057f4       0x20 contiki-srf06-cc26xx.a(osc.o)
                0x00000000000057f4                NOROM_OSCClockSourceGet
 .text.NOROM_DDI32RegWrite
                0x0000000000005814       0x34 contiki-srf06-cc26xx.a(ddi.o)
                0x0000000000005814                NOROM_DDI32RegWrite
 .text.NOROM_DDI16BitfieldWrite
                0x0000000000005848       0x4c contiki-srf06-cc26xx.a(ddi.o)
                0x0000000000005848                NOROM_DDI16BitfieldWrite
 .text.NOROM_DDI16BitfieldRead
                0x0000000000005894       0x4c contiki-srf06-cc26xx.a(ddi.o)
                0x0000000000005894                NOROM_DDI16BitfieldRead
 .text.NOROM_SysCtrlSetRechargeBeforePowerDown
                0x00000000000058e0      0x264 contiki-srf06-cc26xx.a(sys_ctrl.o)
                0x00000000000058e0                NOROM_SysCtrlSetRechargeBeforePowerDown
 .text.NOROM_SysCtrlAdjustRechargeAfterPowerDown
                0x0000000000005b44       0x70 contiki-srf06-cc26xx.a(sys_ctrl.o)
                0x0000000000005b44                NOROM_SysCtrlAdjustRechargeAfterPowerDown
 .text.NOROM_SysCtrl_DCDC_VoltageConditionalControl
                0x0000000000005bb4       0x7c contiki-srf06-cc26xx.a(sys_ctrl.o)
                0x0000000000005bb4                NOROM_SysCtrl_DCDC_VoltageConditionalControl
 .text.SafeHapiVoid
                0x0000000000005c30       0x2c contiki-srf06-cc26xx.a(adi.o)
                0x0000000000005c30                SafeHapiVoid
 .text.NOROM_PowerCtrlSourceSet
                0x0000000000005c5c       0x30 contiki-srf06-cc26xx.a(pwr_ctrl.o)
                0x0000000000005c5c                NOROM_PowerCtrlSourceSet
 .text.NOROM_TRNGConfigure
                0x0000000000005c8c       0x38 contiki-srf06-cc26xx.a(trng.o)
                0x0000000000005c8c                NOROM_TRNGConfigure
 .text.NOROM_CPUcpsid
                0x0000000000005cc4        0x8 contiki-srf06-cc26xx.a(cpu.o)
                0x0000000000005cc4                NOROM_CPUcpsid
 .text.NOROM_CPUcpsie
                0x0000000000005ccc        0x8 contiki-srf06-cc26xx.a(cpu.o)
                0x0000000000005ccc                NOROM_CPUcpsie
 .text.NOROM_CPUdelay
                0x0000000000005cd4        0x8 contiki-srf06-cc26xx.a(cpu.o)
                0x0000000000005cd4                NOROM_CPUdelay
 .text.NOROM_AONRTCCurrentCompareValueGet
                0x0000000000005cdc       0x24 contiki-srf06-cc26xx.a(aon_rtc.o)
                0x0000000000005cdc                NOROM_AONRTCCurrentCompareValueGet
 .text.NOROM_ChipInfo_GetSupportedProtocol_BV
                0x0000000000005d00       0x10 contiki-srf06-cc26xx.a(chipinfo.o)
                0x0000000000005d00                NOROM_ChipInfo_GetSupportedProtocol_BV
 .text.NOROM_ChipInfo_GetChipFamily
                0x0000000000005d10       0x4c contiki-srf06-cc26xx.a(chipinfo.o)
                0x0000000000005d10                NOROM_ChipInfo_GetChipFamily
 .text.NOROM_ChipInfo_GetChipType
                0x0000000000005d5c       0x50 contiki-srf06-cc26xx.a(chipinfo.o)
                0x0000000000005d5c                NOROM_ChipInfo_GetChipType
 .text.NOROM_ChipInfo_GetHwRevision
                0x0000000000005dac       0x6c contiki-srf06-cc26xx.a(chipinfo.o)
                0x0000000000005dac                NOROM_ChipInfo_GetHwRevision
 .text.NOROM_ThisCodeIsBuiltForCC26xxHwRev22AndLater_HaltIfViolated
                0x0000000000005e18       0x14 contiki-srf06-cc26xx.a(chipinfo.o)
                0x0000000000005e18                NOROM_ThisCodeIsBuiltForCC26xxHwRev22AndLater_HaltIfViolated
 .text.packetbuf_compact
                0x0000000000005e2c       0x44 contiki-srf06-cc26xx.a(packetbuf.o)
                0x0000000000005e2c                packetbuf_compact
 .text.packetbuf_copyto
                0x0000000000005e70       0x50 contiki-srf06-cc26xx.a(packetbuf.o)
                0x0000000000005e70                packetbuf_copyto
 .text.packetbuf_hdralloc
                0x0000000000005ec0       0x54 contiki-srf06-cc26xx.a(packetbuf.o)
                0x0000000000005ec0                packetbuf_hdralloc
 .text.packetbuf_hdrreduce
                0x0000000000005f14       0x2c contiki-srf06-cc26xx.a(packetbuf.o)
                0x0000000000005f14                packetbuf_hdrreduce
 .text.packetbuf_set_datalen
                0x0000000000005f40        0xc contiki-srf06-cc26xx.a(packetbuf.o)
                0x0000000000005f40                packetbuf_set_datalen
 .text.packetbuf_dataptr
                0x0000000000005f4c       0x20 contiki-srf06-cc26xx.a(packetbuf.o)
                0x0000000000005f4c                packetbuf_dataptr
 .text.packetbuf_hdrptr
                0x0000000000005f6c        0x8 contiki-srf06-cc26xx.a(packetbuf.o)
                0x0000000000005f6c                packetbuf_hdrptr
 .text.packetbuf_datalen
                0x0000000000005f74        0xc contiki-srf06-cc26xx.a(packetbuf.o)
                0x0000000000005f74                packetbuf_datalen
 .text.packetbuf_totlen
                0x0000000000005f80       0x24 contiki-srf06-cc26xx.a(packetbuf.o)
                0x0000000000005f80                packetbuf_totlen
 .text.packetbuf_attr_clear
                0x0000000000005fa4       0x30 contiki-srf06-cc26xx.a(packetbuf.o)
                0x0000000000005fa4                packetbuf_attr_clear
 .text.packetbuf_clear
                0x0000000000005fd4       0x20 contiki-srf06-cc26xx.a(packetbuf.o)
                0x0000000000005fd4                packetbuf_clear
 .text.packetbuf_copyfrom
                0x0000000000005ff4       0x40 contiki-srf06-cc26xx.a(packetbuf.o)
                0x0000000000005ff4                packetbuf_copyfrom
 .text.packetbuf_attr_copyto
                0x0000000000006034       0x3c contiki-srf06-cc26xx.a(packetbuf.o)
                0x0000000000006034                packetbuf_attr_copyto
 .text.packetbuf_attr_copyfrom
                0x0000000000006070       0x3c contiki-srf06-cc26xx.a(packetbuf.o)
                0x0000000000006070                packetbuf_attr_copyfrom
 .text.packetbuf_set_attr
                0x00000000000060ac       0x10 contiki-srf06-cc26xx.a(packetbuf.o)
                0x00000000000060ac                packetbuf_set_attr
 .text.packetbuf_attr
                0x00000000000060bc        0xc contiki-srf06-cc26xx.a(packetbuf.o)
                0x00000000000060bc                packetbuf_attr
 .text.packetbuf_set_addr
                0x00000000000060c8       0x18 contiki-srf06-cc26xx.a(packetbuf.o)
                0x00000000000060c8                packetbuf_set_addr
 .text.packetbuf_addr
                0x00000000000060e0       0x10 contiki-srf06-cc26xx.a(packetbuf.o)
                0x00000000000060e0                packetbuf_addr
 .text.packetbuf_holds_broadcast
                0x00000000000060f0       0x10 contiki-srf06-cc26xx.a(packetbuf.o)
                0x00000000000060f0                packetbuf_holds_broadcast
 .text.netstack_init
                0x0000000000006100       0x38 contiki-srf06-cc26xx.a(netstack.o)
                0x0000000000006100                netstack_init
 .text.linkaddr_copy
                0x0000000000006138        0x8 contiki-srf06-cc26xx.a(linkaddr.o)
                0x0000000000006138                linkaddr_copy
 .text.linkaddr_cmp
                0x0000000000006140       0x10 contiki-srf06-cc26xx.a(linkaddr.o)
                0x0000000000006140                linkaddr_cmp
 .text.input_packet
                0x0000000000006150        0xc contiki-srf06-cc26xx.a(csma.o)
 .text.on       0x000000000000615c        0xc contiki-srf06-cc26xx.a(csma.o)
 .text.off      0x0000000000006168        0xc contiki-srf06-cc26xx.a(csma.o)
 .text.channel_check_interval
                0x0000000000006174       0x10 contiki-srf06-cc26xx.a(csma.o)
 .text.transmit_packet_list
                0x0000000000006184       0x34 contiki-srf06-cc26xx.a(csma.o)
 .text.schedule_transmission
                0x00000000000061b8       0x58 contiki-srf06-cc26xx.a(csma.o)
 .text.send_packet
                0x0000000000006210      0x164 contiki-srf06-cc26xx.a(csma.o)
 .text.init     0x0000000000006374       0x24 contiki-srf06-cc26xx.a(csma.o)
 .text.tx_done  0x0000000000006398       0x90 contiki-srf06-cc26xx.a(csma.o)
 .text.packet_sent
                0x0000000000006428       0xe8 contiki-srf06-cc26xx.a(csma.o)
 .text.duty_cycle
                0x0000000000006510        0x4 contiki-srf06-cc26xx.a(contikimac.o)
 .text.init     0x0000000000006514       0x40 contiki-srf06-cc26xx.a(contikimac.o)
 .text.on.part.0
                0x0000000000006554       0x14 contiki-srf06-cc26xx.a(contikimac.o)
 .text.off      0x0000000000006568       0x38 contiki-srf06-cc26xx.a(contikimac.o)
 .text.recv_burst_off
                0x00000000000065a0       0x14 contiki-srf06-cc26xx.a(contikimac.o)
 .text.powercycle_turn_radio_off.part.2
                0x00000000000065b4       0x10 contiki-srf06-cc26xx.a(contikimac.o)
 .text.turn_off
                0x00000000000065c4       0x44 contiki-srf06-cc26xx.a(contikimac.o)
 .text.turn_on  0x0000000000006608       0x44 contiki-srf06-cc26xx.a(contikimac.o)
 .text.schedule_powercycle_fixed.part.5
                0x000000000000664c       0x2c contiki-srf06-cc26xx.a(contikimac.o)
 .text.input_packet
                0x0000000000006678       0xc4 contiki-srf06-cc26xx.a(contikimac.o)
 .text.send_packet.isra.8
                0x000000000000673c      0x23c contiki-srf06-cc26xx.a(contikimac.o)
 .text.qsend_list
                0x0000000000006978       0xec contiki-srf06-cc26xx.a(contikimac.o)
 .text.qsend_packet
                0x0000000000006a64       0x24 contiki-srf06-cc26xx.a(contikimac.o)
 .text.powercycle_wrapper
                0x0000000000006a88      0x264 contiki-srf06-cc26xx.a(contikimac.o)
 .text.init     0x0000000000006cec        0x4 contiki-srf06-cc26xx.a(nullsec.o)
 .text.input    0x0000000000006cf0        0xc contiki-srf06-cc26xx.a(nullsec.o)
 .text.send     0x0000000000006cfc       0x20 contiki-srf06-cc26xx.a(nullsec.o)
 .text.packet_sent
                0x0000000000006d1c       0x38 contiki-srf06-cc26xx.a(rime.o)
 .text.input    0x0000000000006d54       0x38 contiki-srf06-cc26xx.a(rime.o)
 .text.init     0x0000000000006d8c       0x28 contiki-srf06-cc26xx.a(rime.o)
 .text.rime_output
                0x0000000000006db4       0x24 contiki-srf06-cc26xx.a(rime.o)
                0x0000000000006db4                rime_output
 .text.adv_packet_sent
                0x0000000000006dd8        0x4 contiki-srf06-cc26xx.a(broadcast-annou)
 .text.set_timers
                0x0000000000006ddc       0x3c contiki-srf06-cc26xx.a(broadcast-annou)
 .text.send_timer
                0x0000000000006e18       0x18 contiki-srf06-cc26xx.a(broadcast-annou)
 .text.send_adv
                0x0000000000006e30       0x58 contiki-srf06-cc26xx.a(broadcast-annou)
 .text.adv_packet_received
                0x0000000000006e88       0x48 contiki-srf06-cc26xx.a(broadcast-annou)
 .text.new_announcement
                0x0000000000006ed0       0x18 contiki-srf06-cc26xx.a(broadcast-annou)
 .text.broadcast_announcement_init
                0x0000000000006ee8       0x30 contiki-srf06-cc26xx.a(broadcast-annou)
                0x0000000000006ee8                broadcast_announcement_init
 .text.abc_open
                0x0000000000006f18       0x20 contiki-srf06-cc26xx.a(abc.o)
                0x0000000000006f18                abc_open
 .text.abc_close
                0x0000000000006f38        0x4 contiki-srf06-cc26xx.a(abc.o)
                0x0000000000006f38                abc_close
 .text.abc_send
                0x0000000000006f3c        0x4 contiki-srf06-cc26xx.a(abc.o)
                0x0000000000006f3c                abc_send
 .text.abc_input
                0x0000000000006f40        0xc contiki-srf06-cc26xx.a(abc.o)
                0x0000000000006f40                abc_input
 .text.abc_sent
                0x0000000000006f4c        0xc contiki-srf06-cc26xx.a(abc.o)
                0x0000000000006f4c                abc_sent
 .text.sent_by_abc
                0x0000000000006f58        0xc contiki-srf06-cc26xx.a(broadcast.o)
 .text.recv_from_abc
                0x0000000000006f64       0x24 contiki-srf06-cc26xx.a(broadcast.o)
 .text.broadcast_open
                0x0000000000006f88       0x24 contiki-srf06-cc26xx.a(broadcast.o)
                0x0000000000006f88                broadcast_open
 .text.broadcast_close
                0x0000000000006fac        0x4 contiki-srf06-cc26xx.a(broadcast.o)
                0x0000000000006fac                broadcast_close
 .text.broadcast_send
                0x0000000000006fb0       0x1c contiki-srf06-cc26xx.a(broadcast.o)
                0x0000000000006fb0                broadcast_send
 .text.chameleon_init
                0x0000000000006fcc        0x4 contiki-srf06-cc26xx.a(chameleon.o)
                0x0000000000006fcc                chameleon_init
 .text.chameleon_parse
                0x0000000000006fd0       0x1c contiki-srf06-cc26xx.a(chameleon.o)
                0x0000000000006fd0                chameleon_parse
 .text.chameleon_create
                0x0000000000006fec       0x20 contiki-srf06-cc26xx.a(chameleon.o)
                0x0000000000006fec                chameleon_create
 .text.chameleon_hdrsize
                0x000000000000700c        0xc contiki-srf06-cc26xx.a(chameleon.o)
                0x000000000000700c                chameleon_hdrsize
 .text.channel_init
                0x0000000000007018        0xc contiki-srf06-cc26xx.a(channel.o)
                0x0000000000007018                channel_init
 .text.channel_open
                0x0000000000007024       0x10 contiki-srf06-cc26xx.a(channel.o)
                0x0000000000007024                channel_open
 .text.channel_close
                0x0000000000007034        0xc contiki-srf06-cc26xx.a(channel.o)
                0x0000000000007034                channel_close
 .text.channel_lookup
                0x0000000000007040       0x30 contiki-srf06-cc26xx.a(channel.o)
                0x0000000000007040                channel_lookup
 .text.channel_set_attributes
                0x0000000000007070       0x18 contiki-srf06-cc26xx.a(channel.o)
                0x0000000000007070                channel_set_attributes
 .text.announcement_init
                0x0000000000007088        0xc contiki-srf06-cc26xx.a(announcement.o)
                0x0000000000007088                announcement_init
 .text.announcement_register_observer_callback
                0x0000000000007094        0xc contiki-srf06-cc26xx.a(announcement.o)
                0x0000000000007094                announcement_register_observer_callback
 .text.announcement_list
                0x00000000000070a0        0xc contiki-srf06-cc26xx.a(announcement.o)
                0x00000000000070a0                announcement_list
 .text.announcement_heard
                0x00000000000070ac       0x3c contiki-srf06-cc26xx.a(announcement.o)
                0x00000000000070ac                announcement_heard
 .text.sensor_common_read_reg
                0x00000000000070e8       0x1c contiki-srf06-cc26xx.a(sensor-common.o)
                0x00000000000070e8                sensor_common_read_reg
 .text.sensor_common_write_reg
                0x0000000000007104       0x38 contiki-srf06-cc26xx.a(sensor-common.o)
                0x0000000000007104                sensor_common_write_reg
 .text.sensor_common_set_error_data
                0x000000000000713c       0x10 contiki-srf06-cc26xx.a(sensor-common.o)
                0x000000000000713c                sensor_common_set_error_data
 .text.verify_part
                0x000000000000714c       0x80 contiki-srf06-cc26xx.a(ext-flash.o)
 .text.wait_ready
                0x00000000000071cc       0x64 contiki-srf06-cc26xx.a(ext-flash.o)
 .text.power_down
                0x0000000000007230       0x50 contiki-srf06-cc26xx.a(ext-flash.o)
 .text.ext_flash_open
                0x0000000000007280       0x60 contiki-srf06-cc26xx.a(ext-flash.o)
                0x0000000000007280                ext_flash_open
 .text.ext_flash_init
                0x00000000000072e0       0x14 contiki-srf06-cc26xx.a(ext-flash.o)
                0x00000000000072e0                ext_flash_init
 .text.buzzer_init
                0x00000000000072f4        0xc contiki-srf06-cc26xx.a(buzzer.o)
                0x00000000000072f4                buzzer_init
 .text.buzzer_stop
                0x0000000000007300       0x74 contiki-srf06-cc26xx.a(buzzer.o)
                0x0000000000007300                buzzer_stop
 .text.accessible
                0x0000000000007374       0x24 contiki-srf06-cc26xx.a(board-spi.o)
 .text.board_spi_write
                0x0000000000007398       0x3c contiki-srf06-cc26xx.a(board-spi.o)
                0x0000000000007398                board_spi_write
 .text.board_spi_read
                0x00000000000073d4       0x48 contiki-srf06-cc26xx.a(board-spi.o)
                0x00000000000073d4                board_spi_read
 .text.board_spi_flush
                0x000000000000741c       0x24 contiki-srf06-cc26xx.a(board-spi.o)
                0x000000000000741c                board_spi_flush
 .text.board_spi_open
                0x0000000000007440       0xbc contiki-srf06-cc26xx.a(board-spi.o)
                0x0000000000007440                board_spi_open
 .text.board_spi_close
                0x00000000000074fc       0x70 contiki-srf06-cc26xx.a(board-spi.o)
                0x00000000000074fc                board_spi_close
 .text.aux_ctrl_power_up
                0x000000000000756c       0x28 contiki-srf06-cc26xx.a(aux-ctrl.o)
                0x000000000000756c                aux_ctrl_power_up
 .text.aux_ctrl_register_consumer
                0x0000000000007594       0x40 contiki-srf06-cc26xx.a(aux-ctrl.o)
                0x0000000000007594                aux_ctrl_register_consumer
 .text.aux_ctrl_power_down
                0x00000000000075d4       0x6c contiki-srf06-cc26xx.a(aux-ctrl.o)
                0x00000000000075d4                aux_ctrl_power_down
 .text.aux_ctrl_unregister_consumer
                0x0000000000007640       0x28 contiki-srf06-cc26xx.a(aux-ctrl.o)
                0x0000000000007640                aux_ctrl_unregister_consumer
 .text.process_thread_rf_core_process
                0x0000000000007668       0x58 contiki-srf06-cc26xx.a(rf-core.o)
 .text.rf_core_is_accessible
                0x00000000000076c0       0x10 contiki-srf06-cc26xx.a(rf-core.o)
                0x00000000000076c0                rf_core_is_accessible
 .text.rf_core_send_cmd
                0x00000000000076d0       0x94 contiki-srf06-cc26xx.a(rf-core.o)
                0x00000000000076d0                rf_core_send_cmd
 .text.rf_core_wait_cmd_done
                0x0000000000007764       0x30 contiki-srf06-cc26xx.a(rf-core.o)
                0x0000000000007764                rf_core_wait_cmd_done
 .text.rf_core_power_up
                0x0000000000007794       0xcc contiki-srf06-cc26xx.a(rf-core.o)
                0x0000000000007794                rf_core_power_up
 .text.rf_core_start_rat
                0x0000000000007860       0x68 contiki-srf06-cc26xx.a(rf-core.o)
                0x0000000000007860                rf_core_start_rat
 .text.rf_core_stop_rat
                0x00000000000078c8       0x7c contiki-srf06-cc26xx.a(rf-core.o)
                0x00000000000078c8                rf_core_stop_rat
 .text.rf_core_power_down
                0x0000000000007944       0xec contiki-srf06-cc26xx.a(rf-core.o)
                0x0000000000007944                rf_core_power_down
 .text.rf_core_set_modesel
                0x0000000000007a30       0x44 contiki-srf06-cc26xx.a(rf-core.o)
                0x0000000000007a30                rf_core_set_modesel
 .text.rf_core_boot
                0x0000000000007a74       0x1c contiki-srf06-cc26xx.a(rf-core.o)
                0x0000000000007a74                rf_core_boot
 .text.rf_core_restart_rat
                0x0000000000007a90       0x18 contiki-srf06-cc26xx.a(rf-core.o)
                0x0000000000007a90                rf_core_restart_rat
 .text.rf_core_setup_interrupts
                0x0000000000007aa8       0x74 contiki-srf06-cc26xx.a(rf-core.o)
                0x0000000000007aa8                rf_core_setup_interrupts
 .text.rf_core_cmd_done_en
                0x0000000000007b1c       0x28 contiki-srf06-cc26xx.a(rf-core.o)
                0x0000000000007b1c                rf_core_cmd_done_en
 .text.rf_core_cmd_done_dis
                0x0000000000007b44       0x18 contiki-srf06-cc26xx.a(rf-core.o)
                0x0000000000007b44                rf_core_cmd_done_dis
 .text.rf_core_get_last_radio_op
                0x0000000000007b5c        0xc contiki-srf06-cc26xx.a(rf-core.o)
                0x0000000000007b5c                rf_core_get_last_radio_op
 .text.rf_core_init_radio_op
                0x0000000000007b68       0x1c contiki-srf06-cc26xx.a(rf-core.o)
                0x0000000000007b68                rf_core_init_radio_op
 .text.rf_core_primary_mode_register
                0x0000000000007b84        0xc contiki-srf06-cc26xx.a(rf-core.o)
                0x0000000000007b84                rf_core_primary_mode_register
 .text.RFCCPE1IntHandler
                0x0000000000007b90       0x28 contiki-srf06-cc26xx.a(rf-core.o)
                0x0000000000007b90                RFCCPE1IntHandler
 .text.RFCCPE0IntHandler
                0x0000000000007bb8       0x5c contiki-srf06-cc26xx.a(rf-core.o)
                0x0000000000007bb8                RFCCPE0IntHandler
 .text.rf_ble_is_active
                0x0000000000007c14        0xc contiki-srf06-cc26xx.a(rf-ble.o)
                0x0000000000007c14                rf_ble_is_active
 .text.memb_init
                0x0000000000007c20       0x24 contiki-srf06-cc26xx.a(memb.o)
                0x0000000000007c20                memb_init
 .text.memb_alloc
                0x0000000000007c44       0x3c contiki-srf06-cc26xx.a(memb.o)
                0x0000000000007c44                memb_alloc
 .text.memb_free
                0x0000000000007c80       0x3c contiki-srf06-cc26xx.a(memb.o)
                0x0000000000007c80                memb_free
 .text.memb_inmemb
                0x0000000000007cbc       0x1c contiki-srf06-cc26xx.a(memb.o)
                0x0000000000007cbc                memb_inmemb
 .text.NOROM_SetupGetTrimForXoscHfCtl.part.3
                0x0000000000007cd8       0x20 contiki-srf06-cc26xx.a(setup_rom.o)
 .text.NOROM_SetupGetTrimForRadcExtCfg.part.4
                0x0000000000007cf8       0x1c contiki-srf06-cc26xx.a(setup_rom.o)
 .text.NOROM_SetupAfterColdResetWakeupFromShutDownCfg1
                0x0000000000007d14       0x7c contiki-srf06-cc26xx.a(setup_rom.o)
                0x0000000000007d14                NOROM_SetupAfterColdResetWakeupFromShutDownCfg1
 .text.NOROM_SetupAfterColdResetWakeupFromShutDownCfg3
                0x0000000000007d90      0x1a0 contiki-srf06-cc26xx.a(setup_rom.o)
                0x0000000000007d90                NOROM_SetupAfterColdResetWakeupFromShutDownCfg3
 .text.NOROM_SetupGetTrimForAnabypassValue1
                0x0000000000007f30       0x64 contiki-srf06-cc26xx.a(setup_rom.o)
                0x0000000000007f30                NOROM_SetupGetTrimForAnabypassValue1
 .text.NOROM_SetupGetTrimForAmpcompCtrl
                0x0000000000007f94       0x74 contiki-srf06-cc26xx.a(setup_rom.o)
                0x0000000000007f94                NOROM_SetupGetTrimForAmpcompCtrl
 .text.NOROM_SetupAfterColdResetWakeupFromShutDownCfg2
                0x0000000000008008      0x194 contiki-srf06-cc26xx.a(setup_rom.o)
                0x0000000000008008                NOROM_SetupAfterColdResetWakeupFromShutDownCfg2
 .text.NOROM_SetupSetCacheModeAccordingToCcfgSetting
                0x000000000000819c       0x68 contiki-srf06-cc26xx.a(setup_rom.o)
                0x000000000000819c                NOROM_SetupSetCacheModeAccordingToCcfgSetting
 .text.NOROM_AONBatMonTemperatureGetDegC
                0x0000000000008204       0x30 contiki-srf06-cc26xx.a(aon_batmon.o)
                0x0000000000008204                NOROM_AONBatMonTemperatureGetDegC
 .text.queuebuf_init
                0x0000000000008234       0x1c contiki-srf06-cc26xx.a(queuebuf.o)
                0x0000000000008234                queuebuf_init
 .text.queuebuf_new_from_packetbuf
                0x0000000000008250       0x48 contiki-srf06-cc26xx.a(queuebuf.o)
                0x0000000000008250                queuebuf_new_from_packetbuf
 .text.queuebuf_update_attr_from_packetbuf
                0x0000000000008298        0xc contiki-srf06-cc26xx.a(queuebuf.o)
                0x0000000000008298                queuebuf_update_attr_from_packetbuf
 .text.queuebuf_update_from_packetbuf
                0x00000000000082a4       0x1c contiki-srf06-cc26xx.a(queuebuf.o)
                0x00000000000082a4                queuebuf_update_from_packetbuf
 .text.queuebuf_free
                0x00000000000082c0       0x2c contiki-srf06-cc26xx.a(queuebuf.o)
                0x00000000000082c0                queuebuf_free
 .text.queuebuf_to_packetbuf
                0x00000000000082ec       0x30 contiki-srf06-cc26xx.a(queuebuf.o)
                0x00000000000082ec                queuebuf_to_packetbuf
 .text.queuebuf_attr
                0x000000000000831c        0xc contiki-srf06-cc26xx.a(queuebuf.o)
                0x000000000000831c                queuebuf_attr
 .text.mac_sequence_is_duplicate
                0x0000000000008328       0x50 contiki-srf06-cc26xx.a(mac-sequence.o)
                0x0000000000008328                mac_sequence_is_duplicate
 .text.mac_sequence_register_seqno
                0x0000000000008378       0x74 contiki-srf06-cc26xx.a(mac-sequence.o)
                0x0000000000008378                mac_sequence_register_seqno
 .text.parse    0x00000000000083ec       0xa8 contiki-srf06-cc26xx.a(framer-802154.o)
 .text.create_frame.isra.0
                0x0000000000008494      0x140 contiki-srf06-cc26xx.a(framer-802154.o)
 .text.create   0x00000000000085d4        0x8 contiki-srf06-cc26xx.a(framer-802154.o)
 .text.hdr_length
                0x00000000000085dc        0x8 contiki-srf06-cc26xx.a(framer-802154.o)
 .text.frame802154_get_pan_id
                0x00000000000085e4        0xc contiki-srf06-cc26xx.a(frame802154.o)
                0x00000000000085e4                frame802154_get_pan_id
 .text.frame802154_has_panid
                0x00000000000085f0       0xac contiki-srf06-cc26xx.a(frame802154.o)
                0x00000000000085f0                frame802154_has_panid
 .text.field_len
                0x000000000000869c       0x88 contiki-srf06-cc26xx.a(frame802154.o)
 .text.frame802154_is_broadcast_addr
                0x0000000000008724       0x20 contiki-srf06-cc26xx.a(frame802154.o)
                0x0000000000008724                frame802154_is_broadcast_addr
 .text.frame802154_hdrlen
                0x0000000000008744       0x34 contiki-srf06-cc26xx.a(frame802154.o)
                0x0000000000008744                frame802154_hdrlen
 .text.frame802154_create_fcf
                0x0000000000008778       0x64 contiki-srf06-cc26xx.a(frame802154.o)
                0x0000000000008778                frame802154_create_fcf
 .text.frame802154_create
                0x00000000000087dc       0xbc contiki-srf06-cc26xx.a(frame802154.o)
                0x00000000000087dc                frame802154_create
 .text.frame802154_parse_fcf
                0x0000000000008898       0x44 contiki-srf06-cc26xx.a(frame802154.o)
                0x0000000000008898                frame802154_parse_fcf
 .text.frame802154_parse
                0x00000000000088dc      0x138 contiki-srf06-cc26xx.a(frame802154.o)
                0x00000000000088dc                frame802154_parse
 .text.mac_call_sent_callback
                0x0000000000008a14       0x18 contiki-srf06-cc26xx.a(mac.o)
                0x0000000000008a14                mac_call_sent_callback
 .text.header_size
                0x0000000000008a2c       0x1c contiki-srf06-cc26xx.a(chameleon-bitop)
 .text.get_bits
                0x0000000000008a48       0xa8 contiki-srf06-cc26xx.a(chameleon-bitop)
                0x0000000000008a48                get_bits
 .text.unpack_header
                0x0000000000008af0       0xb8 contiki-srf06-cc26xx.a(chameleon-bitop)
 .text.set_bits
                0x0000000000008ba8       0xd4 contiki-srf06-cc26xx.a(chameleon-bitop)
                0x0000000000008ba8                set_bits
 .text.pack_header
                0x0000000000008c7c       0xa8 contiki-srf06-cc26xx.a(chameleon-bitop)
 .text          0x0000000000008d24       0x10 /usr/lib/gcc/arm-none-eabi/5.4.1/../../../arm-none-eabi/lib/armv7-m/libm.a(lib_a-w_exp2.o)
                0x0000000000008d24                exp2
 .text          0x0000000000008d34      0x330 /usr/lib/gcc/arm-none-eabi/5.4.1/../../../arm-none-eabi/lib/armv7-m/libm.a(lib_a-w_pow.o)
                0x0000000000008d34                pow
 .text          0x0000000000009064      0x188 /usr/lib/gcc/arm-none-eabi/5.4.1/../../../arm-none-eabi/lib/armv7-m/libm.a(lib_a-e_sqrt.o)
                0x0000000000009064                __ieee754_sqrt
 .text          0x00000000000091ec        0x8 /usr/lib/gcc/arm-none-eabi/5.4.1/../../../arm-none-eabi/lib/armv7-m/libm.a(lib_a-s_fabs.o)
                0x00000000000091ec                fabs
 .text          0x00000000000091f4        0xc /usr/lib/gcc/arm-none-eabi/5.4.1/../../../arm-none-eabi/lib/armv7-m/libm.a(lib_a-s_finite.o)
                0x00000000000091f4                finite
 .text          0x0000000000009200        0x4 /usr/lib/gcc/arm-none-eabi/5.4.1/../../../arm-none-eabi/lib/armv7-m/libm.a(lib_a-s_matherr.o)
                0x0000000000009200                matherr
 .text          0x0000000000009204        0xc /usr/lib/gcc/arm-none-eabi/5.4.1/../../../arm-none-eabi/lib/armv7-m/libm.a(lib_a-s_nan.o)
                0x0000000000009204                nan
 .text          0x0000000000009210      0x120 /usr/lib/gcc/arm-none-eabi/5.4.1/../../../arm-none-eabi/lib/armv7-m/libm.a(lib_a-s_rint.o)
                0x0000000000009210                rint
 .text          0x0000000000009330       0x10 /usr/lib/gcc/arm-none-eabi/5.4.1/../../../arm-none-eabi/lib/armv7-m/libm.a(lib_a-s_copysign.o)
                0x0000000000009330                copysign
 .text          0x0000000000009340      0x370 /usr/lib/gcc/arm-none-eabi/5.4.1/armv7-m/libgcc.a(_arm_addsubdf3.o)
                0x0000000000009340                __aeabi_drsub
                0x0000000000009348                __aeabi_dsub
                0x0000000000009348                __subdf3
                0x000000000000934c                __adddf3
                0x000000000000934c                __aeabi_dadd
                0x00000000000095c4                __aeabi_ui2d
                0x00000000000095c4                __floatunsidf
                0x00000000000095e4                __floatsidf
                0x00000000000095e4                __aeabi_i2d
                0x0000000000009608                __extendsfdf2
                0x0000000000009608                __aeabi_f2d
                0x0000000000009644                __aeabi_ul2d
                0x0000000000009644                __floatundidf
                0x0000000000009654                __floatdidf
                0x0000000000009654                __aeabi_l2d
 .text          0x00000000000096b0      0x424 /usr/lib/gcc/arm-none-eabi/5.4.1/armv7-m/libgcc.a(_arm_muldivdf3.o)
                0x00000000000096b0                __aeabi_dmul
                0x00000000000096b0                __muldf3
                0x0000000000009904                __aeabi_ddiv
                0x0000000000009904                __divdf3
 .text          0x0000000000009ad4      0x110 /usr/lib/gcc/arm-none-eabi/5.4.1/armv7-m/libgcc.a(_arm_cmpdf2.o)
                0x0000000000009ad4                __gtdf2
                0x0000000000009ad4                __gedf2
                0x0000000000009adc                __ltdf2
                0x0000000000009adc                __ledf2
                0x0000000000009ae4                __cmpdf2
                0x0000000000009ae4                __eqdf2
                0x0000000000009ae4                __nedf2
                0x0000000000009b60                __aeabi_cdrcmple
                0x0000000000009b70                __aeabi_cdcmple
                0x0000000000009b70                __aeabi_cdcmpeq
                0x0000000000009b80                __aeabi_dcmpeq
                0x0000000000009b94                __aeabi_dcmplt
                0x0000000000009ba8                __aeabi_dcmple
                0x0000000000009bbc                __aeabi_dcmpge
                0x0000000000009bd0                __aeabi_dcmpgt
 .text          0x0000000000009be4       0x2c /usr/lib/gcc/arm-none-eabi/5.4.1/armv7-m/libgcc.a(_arm_unorddf2.o)
                0x0000000000009be4                __aeabi_dcmpun
                0x0000000000009be4                __unorddf2
 .text          0x0000000000009c10       0xa0 /usr/lib/gcc/arm-none-eabi/5.4.1/armv7-m/libgcc.a(_arm_truncdfsf2.o)
                0x0000000000009c10                __aeabi_d2f
                0x0000000000009c10                __truncdfsf2
 .text          0x0000000000009cb0      0x21c /usr/lib/gcc/arm-none-eabi/5.4.1/armv7-m/libgcc.a(_arm_addsubsf3.o)
                0x0000000000009cb0                __aeabi_frsub
                0x0000000000009cb8                __subsf3
                0x0000000000009cb8                __aeabi_fsub
                0x0000000000009cbc                __aeabi_fadd
                0x0000000000009cbc                __addsf3
                0x0000000000009e1c                __aeabi_ui2f
                0x0000000000009e1c                __floatunsisf
                0x0000000000009e24                __aeabi_i2f
                0x0000000000009e24                __floatsisf
                0x0000000000009e40                __floatundisf
                0x0000000000009e40                __aeabi_ul2f
                0x0000000000009e50                __floatdisf
                0x0000000000009e50                __aeabi_l2f
 .text          0x0000000000009ecc      0x2a0 /usr/lib/gcc/arm-none-eabi/5.4.1/armv7-m/libgcc.a(_arm_muldivsf3.o)
                0x0000000000009ecc                __mulsf3
                0x0000000000009ecc                __aeabi_fmul
                0x000000000000a034                __divsf3
                0x000000000000a034                __aeabi_fdiv
 .text          0x000000000000a16c       0x4c /usr/lib/gcc/arm-none-eabi/5.4.1/armv7-m/libgcc.a(_arm_fixsfsi.o)
                0x000000000000a16c                __fixsfsi
                0x000000000000a16c                __aeabi_f2iz
 .text          0x000000000000a1b8       0x30 /usr/lib/gcc/arm-none-eabi/5.4.1/armv7-m/libgcc.a(_aeabi_uldivmod.o)
                0x000000000000a1b8                __aeabi_uldivmod
 .text          0x000000000000a1e8      0x2ec /usr/lib/gcc/arm-none-eabi/5.4.1/armv7-m/libgcc.a(_udivmoddi4.o)
                0x000000000000a1e8                __udivmoddi4
 .text          0x000000000000a4d4        0x4 /usr/lib/gcc/arm-none-eabi/5.4.1/armv7-m/libgcc.a(_dvmd_tls.o)
                0x000000000000a4d4                __aeabi_ldiv0
                0x000000000000a4d4                __aeabi_idiv0
 .text          0x000000000000a4d8        0xc /usr/lib/gcc/arm-none-eabi/5.4.1/../../../arm-none-eabi/lib/armv7-m/libc.a(lib_a-errno.o)
                0x000000000000a4d8                __errno
 .text          0x000000000000a4e4       0x64 /usr/lib/gcc/arm-none-eabi/5.4.1/../../../arm-none-eabi/lib/armv7-m/libc.a(lib_a-memcmp.o)
                0x000000000000a4e4                memcmp
 .text          0x000000000000a548       0xec /usr/lib/gcc/arm-none-eabi/5.4.1/../../../arm-none-eabi/lib/armv7-m/libc.a(lib_a-memcpy.o)
                0x000000000000a548                memcpy
 .text          0x000000000000a634       0x9c /usr/lib/gcc/arm-none-eabi/5.4.1/../../../arm-none-eabi/lib/armv7-m/libc.a(lib_a-memset.o)
                0x000000000000a634                memset
 .text          0x000000000000a6d0       0x5c /usr/lib/gcc/arm-none-eabi/5.4.1/../../../arm-none-eabi/lib/armv7-m/libc.a(lib_a-strlen-stub.o)
                0x000000000000a6d0                strlen
 *(SORT(.rodata*))
 *fill*         0x000000000000a72c        0x4 00000000
 .rodata        0x000000000000a730       0x10 /usr/lib/gcc/arm-none-eabi/5.4.1/../../../arm-none-eabi/lib/armv7-m/libm.a(lib_a-s_rint.o)
 .rodata.autostart_processes
                0x000000000000a740        0x8 p_tx.co
                0x000000000000a740                autostart_processes
 .rodata.str1.4
                0x000000000000a748       0x59 p_tx.co
 *fill*         0x000000000000a7a1        0x3 00000000
 .rodata.broadcast_call
                0x000000000000a7a4        0x8 p_tx.co
 .rodata.str1.4
                0x000000000000a7ac       0xf2 contiki-srf06-cc26xx.a(contiki-main.o)
 *fill*         0x000000000000a89e        0x2 00000000
 .rodata.str1.4
                0x000000000000a8a0        0x8 contiki-srf06-cc26xx.a(sensors.o)
 .rodata.str1.4
                0x000000000000a8a8        0x7 contiki-srf06-cc26xx.a(bmp-280-sensor.)
 *fill*         0x000000000000a8af        0x1 00000000
 .rodata.bmp_280_sensor
                0x000000000000a8b0       0x10 contiki-srf06-cc26xx.a(bmp-280-sensor.)
                0x000000000000a8b0                bmp_280_sensor
 .rodata.tmp_007_sensor
                0x000000000000a8c0       0x10 contiki-srf06-cc26xx.a(tmp-007-sensor.)
                0x000000000000a8c0                tmp_007_sensor
 .rodata.str1.4
                0x000000000000a8d0        0x7 contiki-srf06-cc26xx.a(tmp-007-sensor.)
 *fill*         0x000000000000a8d7        0x1 00000000
 .rodata.str1.4
                0x000000000000a8d8        0x8 contiki-srf06-cc26xx.a(opt-3001-sensor)
 .rodata.opt_3001_sensor
                0x000000000000a8e0       0x10 contiki-srf06-cc26xx.a(opt-3001-sensor)
                0x000000000000a8e0                opt_3001_sensor
 .rodata.hdc_1000_sensor
                0x000000000000a8f0       0x10 contiki-srf06-cc26xx.a(hdc-1000-sensor)
                0x000000000000a8f0                hdc_1000_sensor
 .rodata.str1.4
                0x000000000000a900        0x8 contiki-srf06-cc26xx.a(hdc-1000-sensor)
 .rodata.mpu_9250_sensor
                0x000000000000a908       0x10 contiki-srf06-cc26xx.a(mpu-9250-sensor)
                0x000000000000a908                mpu_9250_sensor
 .rodata.str1.4
                0x000000000000a918        0x8 contiki-srf06-cc26xx.a(mpu-9250-sensor)
 .rodata.button_left_sensor
                0x000000000000a920       0x10 contiki-srf06-cc26xx.a(button-sensor.o)
                0x000000000000a920                button_left_sensor
 .rodata.str1.4
                0x000000000000a930        0x7 contiki-srf06-cc26xx.a(button-sensor.o)
 *fill*         0x000000000000a937        0x1 00000000
 .rodata.button_right_sensor
                0x000000000000a938       0x10 contiki-srf06-cc26xx.a(button-sensor.o)
                0x000000000000a938                button_right_sensor
 .rodata.reed_relay_sensor
                0x000000000000a948       0x10 contiki-srf06-cc26xx.a(reed-relay.o)
                0x000000000000a948                reed_relay_sensor
 .rodata.str1.4
                0x000000000000a958        0x5 contiki-srf06-cc26xx.a(reed-relay.o)
 *fill*         0x000000000000a95d        0x3 00000000
 .rodata.output_power
                0x000000000000a960       0x68 contiki-srf06-cc26xx.a(ieee-mode.o)
 .rodata.ieee_mode_driver
                0x000000000000a9c8       0x38 contiki-srf06-cc26xx.a(ieee-mode.o)
                0x000000000000a9c8                ieee_mode_driver
 .rodata.mode_ieee
                0x000000000000aa00        0x8 contiki-srf06-cc26xx.a(ieee-mode.o)
 .rodata.str1.4
                0x000000000000aa08       0x1b contiki-srf06-cc26xx.a(soc-trng.o)
 *fill*         0x000000000000aa23        0x1 00000000
 .rodata.buffer.4106
                0x000000000000aa24       0x10 contiki-srf06-cc26xx.a(strformat.o)
 .rodata.buffer.4115
                0x000000000000aa34       0x10 contiki-srf06-cc26xx.a(strformat.o)
 .rodata.str1.4
                0x000000000000aa44       0x46 contiki-srf06-cc26xx.a(strformat.o)
 *fill*         0x000000000000aa8a        0x2 00000000
 .rodata.str1.4
                0x000000000000aa8c        0xc contiki-srf06-cc26xx.a(etimer.o)
 .rodata.str1.4
                0x000000000000aa98        0xf contiki-srf06-cc26xx.a(ctimer.o)
 *fill*         0x000000000000aaa7        0x1 00000000
 .rodata.str1.4
                0x000000000000aaa8        0xe contiki-srf06-cc26xx.a(serial-line.o)
 *fill*         0x000000000000aab6        0x2 00000000
 .rodata.linkaddr_null
                0x000000000000aab8        0x2 contiki-srf06-cc26xx.a(linkaddr.o)
                0x000000000000aab8                linkaddr_null
 *fill*         0x000000000000aaba        0x2 00000000
 .rodata.csma_driver
                0x000000000000aabc       0x1c contiki-srf06-cc26xx.a(csma.o)
                0x000000000000aabc                csma_driver
 .rodata.str1.4
                0x000000000000aad8        0x5 contiki-srf06-cc26xx.a(csma.o)
 *fill*         0x000000000000aadd        0x3 00000000
 .rodata.contikimac_driver
                0x000000000000aae0       0x20 contiki-srf06-cc26xx.a(contikimac.o)
                0x000000000000aae0                contikimac_driver
 .rodata.str1.4
                0x000000000000ab00        0xb contiki-srf06-cc26xx.a(contikimac.o)
 *fill*         0x000000000000ab0b        0x1 00000000
 .rodata.str1.4
                0x000000000000ab0c        0x8 contiki-srf06-cc26xx.a(nullsec.o)
 .rodata.nullsec_driver
                0x000000000000ab14       0x10 contiki-srf06-cc26xx.a(nullsec.o)
                0x000000000000ab14                nullsec_driver
 .rodata.str1.4
                0x000000000000ab24        0x5 contiki-srf06-cc26xx.a(rime.o)
 *fill*         0x000000000000ab29        0x3 00000000
 .rodata.rime_driver
                0x000000000000ab2c        0xc contiki-srf06-cc26xx.a(rime.o)
                0x000000000000ab2c                rime_driver
 .rodata.broadcast_callbacks
                0x000000000000ab38        0x8 contiki-srf06-cc26xx.a(broadcast-annou)
 .rodata.attributes
                0x000000000000ab40        0x2 contiki-srf06-cc26xx.a(abc.o)
 *fill*         0x000000000000ab42        0x2 00000000
 .rodata.attributes
                0x000000000000ab44        0x4 contiki-srf06-cc26xx.a(broadcast.o)
 .rodata.broadcast
                0x000000000000ab48        0x8 contiki-srf06-cc26xx.a(broadcast.o)
 .rodata        0x000000000000ab50        0x4 contiki-srf06-cc26xx.a(ext-flash.o)
 .rodata.str1.4
                0x000000000000ab54       0x46 contiki-srf06-cc26xx.a(rf-core.o)
 *fill*         0x000000000000ab9a        0x2 00000000
 .rodata.framer_802154
                0x000000000000ab9c        0xc contiki-srf06-cc26xx.a(framer-802154.o)
                0x000000000000ab9c                framer_802154
 .rodata.chameleon_bitopt
                0x000000000000aba8        0xc contiki-srf06-cc26xx.a(chameleon-bitop)
                0x000000000000aba8                chameleon_bitopt
 .rodata.bitmask
                0x000000000000abb4        0x9 contiki-srf06-cc26xx.a(chameleon-bitop)
 *fill*         0x000000000000abbd        0x3 00000000
 .rodata.str1.4
                0x000000000000abc0        0x4 /usr/lib/gcc/arm-none-eabi/5.4.1/../../../arm-none-eabi/lib/armv7-m/libm.a(lib_a-w_pow.o)
 .rodata.str1.4
                0x000000000000abc4        0x4 /usr/lib/gcc/arm-none-eabi/5.4.1/../../../arm-none-eabi/lib/armv7-m/libm.a(lib_a-e_pow.o)
                                          0x1 (size before relaxing)
 .rodata.str1.4
                0x000000000000abc4        0x4 /usr/lib/gcc/arm-none-eabi/5.4.1/../../../arm-none-eabi/lib/armv7-m/libc.a(lib_a-impure.o)
                                          0x2 (size before relaxing)
                0x000000000000abc8                _etext = .

.glue_7         0x000000000000abc8        0x0
 .glue_7        0x000000000000abc8        0x0 linker stubs

.glue_7t        0x000000000000abc8        0x0
 .glue_7t       0x000000000000abc8        0x0 linker stubs

.vfp11_veneer   0x000000000000abc8        0x0
 .vfp11_veneer  0x000000000000abc8        0x0 linker stubs

.v4_bx          0x000000000000abc8        0x0
 .v4_bx         0x000000000000abc8        0x0 linker stubs

.iplt           0x000000000000abc8        0x0
 .iplt          0x000000000000abc8        0x0 obj_srf06-cc26xx/startup_gcc.o

.data           0x0000000020000000      0x5a1 load address 0x000000000000abc8
                0x0000000020000000                _data = .
 *(SORT(vtable))
 *(SORT(.data*))
 .data          0x0000000020000000      0x430 /usr/lib/gcc/arm-none-eabi/5.4.1/../../../arm-none-eabi/lib/armv7-m/libc.a(lib_a-impure.o)
                0x0000000020000000                _impure_ptr
 .data.example_broadcast_process
                0x0000000020000430       0x10 p_tx.co
                0x0000000020000430                example_broadcast_process
 .data.sensors_process
                0x0000000020000440       0x10 contiki-srf06-cc26xx.a(sensors.o)
                0x0000000020000440                sensors_process
 .data.sensors  0x0000000020000450       0x24 contiki-srf06-cc26xx.a(sensortag-senso)
                0x0000000020000450                sensors
 .data.sensortag_module
                0x0000000020000474       0x14 contiki-srf06-cc26xx.a(board.o)
 .data.uart_module
                0x0000000020000488       0x14 contiki-srf06-cc26xx.a(cc26xx-uart.o)
 .data.tx_power_current
                0x000000002000049c        0x4 contiki-srf06-cc26xx.a(ieee-mode.o)
                0x000000002000049c                tx_power_current
 .data.cc26xx_rf_lpm_module
                0x00000000200004a0       0x14 contiki-srf06-cc26xx.a(ieee-mode.o)
 .data.ieee_overrides
                0x00000000200004b4       0x2c contiki-srf06-cc26xx.a(ieee-mode.o)
 .data.rng_module
                0x00000000200004e0       0x14 contiki-srf06-cc26xx.a(soc-trng.o)
 .data.soc_trng_process
                0x00000000200004f4       0x10 contiki-srf06-cc26xx.a(soc-trng.o)
                0x00000000200004f4                soc_trng_process
 .data.ctxt     0x0000000020000504        0x8 contiki-srf06-cc26xx.a(dbg-printf.o)
 .data.etimer_process
                0x000000002000050c       0x10 contiki-srf06-cc26xx.a(etimer.o)
                0x000000002000050c                etimer_process
 .data.ctimer_process
                0x000000002000051c       0x10 contiki-srf06-cc26xx.a(ctimer.o)
                0x000000002000051c                ctimer_process
 .data.serial_line_process
                0x000000002000052c       0x10 contiki-srf06-cc26xx.a(serial-line.o)
                0x000000002000052c                serial_line_process
 .data.metadata_memb
                0x000000002000053c        0xc contiki-srf06-cc26xx.a(csma.o)
 .data.packet_memb
                0x0000000020000548        0xc contiki-srf06-cc26xx.a(csma.o)
 .data.neighbor_memb
                0x0000000020000554        0xc contiki-srf06-cc26xx.a(csma.o)
 .data.buzzer_module
                0x0000000020000560       0x14 contiki-srf06-cc26xx.a(buzzer.o)
 .data.rf_core_process
                0x0000000020000574       0x10 contiki-srf06-cc26xx.a(rf-core.o)
                0x0000000020000574                rf_core_process
 .data.bufmem   0x0000000020000584        0xc contiki-srf06-cc26xx.a(queuebuf.o)
 .data.buframmem
                0x0000000020000590        0xc contiki-srf06-cc26xx.a(queuebuf.o)
 .data.mac_pan_id
                0x000000002000059c        0x2 contiki-srf06-cc26xx.a(frame802154.o)
 .data.interface
                0x000000002000059e        0x1 contiki-srf06-cc26xx.a(board-i2c.o)
 .data.rng_ready_event
                0x000000002000059f        0x1 contiki-srf06-cc26xx.a(soc-trng.o)
 .data          0x00000000200005a0        0x1 /usr/lib/gcc/arm-none-eabi/5.4.1/../../../arm-none-eabi/lib/armv7-m/libm.a(lib_a-s_lib_ver.o)
                0x00000000200005a0                __fdlib_version
                0x00000000200005a1                _edata = .

.igot.plt       0x00000000200005a4        0x0 load address 0x000000000000b169
 .igot.plt      0x00000000200005a4        0x0 obj_srf06-cc26xx/startup_gcc.o

.ARM.exidx      0x000000000000b16c        0x8
 *(SORT(.ARM.exidx*))
 .ARM.exidx     0x000000000000b16c        0x8 /usr/lib/gcc/arm-none-eabi/5.4.1/armv7-m/libgcc.a(_udivmoddi4.o)

.bss            0x00000000200005a8     0x128c
                0x00000000200005a8                _bss = .
 *(SORT(.bss*))
 .bss.count     0x00000000200005a8        0x8 contiki-srf06-cc26xx.a(clock.o)
 .bss.rands_cache
                0x00000000200005b0       0x20 contiki-srf06-cc26xx.a(soc-trng.o)
 .bss.broadcast
                0x00000000200005d0       0x18 p_tx.co
 .bss.et.7106   0x00000000200005e8       0x10 p_tx.co
 .bss.i.4895    0x00000000200005f8        0x4 contiki-srf06-cc26xx.a(sensors.o)
 .bss.events.4896
                0x00000000200005fc        0x4 contiki-srf06-cc26xx.a(sensors.o)
 .bss.inited    0x0000000020000600        0x4 contiki-srf06-cc26xx.a(leds-arch.o)
 .bss.sensor_value
                0x0000000020000604        0x6 contiki-srf06-cc26xx.a(bmp-280-sensor.)
 *fill*         0x000000002000060a        0x2 
 .bss.calibration_data
                0x000000002000060c       0x1c contiki-srf06-cc26xx.a(bmp-280-sensor.)
 .bss.startup_timer
                0x0000000020000628       0x20 contiki-srf06-cc26xx.a(bmp-280-sensor.)
 .bss.enabled   0x0000000020000648        0x4 contiki-srf06-cc26xx.a(bmp-280-sensor.)
 .bss.obj_temp_latched
                0x000000002000064c        0x4 contiki-srf06-cc26xx.a(tmp-007-sensor.)
 .bss.startup_timer
                0x0000000020000650       0x20 contiki-srf06-cc26xx.a(tmp-007-sensor.)
 .bss.enabled   0x0000000020000670        0x4 contiki-srf06-cc26xx.a(tmp-007-sensor.)
 .bss.buf       0x0000000020000674        0x4 contiki-srf06-cc26xx.a(tmp-007-sensor.)
 .bss.amb_temp_latched
                0x0000000020000678        0x4 contiki-srf06-cc26xx.a(tmp-007-sensor.)
 .bss.startup_timer
                0x000000002000067c       0x20 contiki-srf06-cc26xx.a(opt-3001-sensor)
 .bss.state     0x000000002000069c        0x4 contiki-srf06-cc26xx.a(opt-3001-sensor)
 .bss.startup_timer
                0x00000000200006a0       0x20 contiki-srf06-cc26xx.a(hdc-1000-sensor)
 .bss.enabled   0x00000000200006c0        0x4 contiki-srf06-cc26xx.a(hdc-1000-sensor)
 .bss.data      0x00000000200006c4        0x4 contiki-srf06-cc26xx.a(hdc-1000-sensor)
 .bss.sensor_value
                0x00000000200006c8        0x6 contiki-srf06-cc26xx.a(mpu-9250-sensor)
 *fill*         0x00000000200006ce        0x2 
 .bss.startup_timer
                0x00000000200006d0       0x20 contiki-srf06-cc26xx.a(mpu-9250-sensor)
 .bss.state     0x00000000200006f0        0x4 contiki-srf06-cc26xx.a(mpu-9250-sensor)
 .bss.elements  0x00000000200006f4        0x4 contiki-srf06-cc26xx.a(mpu-9250-sensor)
 .bss.right_timer
                0x00000000200006f8       0x10 contiki-srf06-cc26xx.a(button-sensor.o)
 .bss.left_timer
                0x0000000020000708       0x10 contiki-srf06-cc26xx.a(button-sensor.o)
 .bss.debouncetimer
                0x0000000020000718        0x8 contiki-srf06-cc26xx.a(reed-relay.o)
 .bss.last_isr_time
                0x0000000020000720        0x4 contiki-srf06-cc26xx.a(soc-rtc.o)
 .bss.input_handler
                0x0000000020000724        0x4 contiki-srf06-cc26xx.a(cc26xx-uart.o)
 .bss.modules_list_list
                0x0000000020000728        0x4 contiki-srf06-cc26xx.a(lpm.o)
 .bss.handlers  0x000000002000072c       0x80 contiki-srf06-cc26xx.a(gpio-interrupt.)
 .bss.rat_overflow_timer
                0x00000000200007ac       0x20 contiki-srf06-cc26xx.a(ieee-mode.o)
 .bss.filter_cmd
                0x00000000200007cc        0x8 contiki-srf06-cc26xx.a(ieee-mode.o)
 .bss.rx_data_queue
                0x00000000200007d4        0x8 contiki-srf06-cc26xx.a(ieee-mode.o)
 .bss.rx_read_entry
                0x00000000200007dc        0x4 contiki-srf06-cc26xx.a(ieee-mode.o)
 .bss.last_value.8738
                0x00000000200007e0        0x4 contiki-srf06-cc26xx.a(ieee-mode.o)
 .bss.cmd_ieee_rx_buf
                0x00000000200007e4       0x80 contiki-srf06-cc26xx.a(ieee-mode.o)
 .bss.tx_buf    0x0000000020000864       0xb6 contiki-srf06-cc26xx.a(ieee-mode.o)
 *fill*         0x000000002000091a        0x2 
 .bss.rat_overflow_counter
                0x000000002000091c        0x4 contiki-srf06-cc26xx.a(ieee-mode.o)
 .bss.rf_stats  0x0000000020000920       0x10 contiki-srf06-cc26xx.a(ieee-mode.o)
 .bss.rx_buf_0  0x0000000020000930       0x90 contiki-srf06-cc26xx.a(ieee-mode.o)
 .bss.rx_buf_1  0x00000000200009c0       0x90 contiki-srf06-cc26xx.a(ieee-mode.o)
 .bss.last_rat_overflow
                0x0000000020000a50        0x4 contiki-srf06-cc26xx.a(ieee-mode.o)
 .bss.rx_buf_3  0x0000000020000a54       0x90 contiki-srf06-cc26xx.a(ieee-mode.o)
 .bss.rx_buf_2  0x0000000020000ae4       0x90 contiki-srf06-cc26xx.a(ieee-mode.o)
 .bss.last_packet_timestamp
                0x0000000020000b74        0x4 contiki-srf06-cc26xx.a(ieee-mode.o)
 .bss.notify_cb
                0x0000000020000b78        0x4 contiki-srf06-cc26xx.a(soc-trng.o)
 .bss.rands_mask
                0x0000000020000b7c        0x4 contiki-srf06-cc26xx.a(soc-trng.o)
 .bss.timerlist
                0x0000000020000b80        0x4 contiki-srf06-cc26xx.a(etimer.o)
 .bss.next_expiration
                0x0000000020000b84        0x4 contiki-srf06-cc26xx.a(etimer.o)
 .bss.ctimer_list_list
                0x0000000020000b88        0x4 contiki-srf06-cc26xx.a(ctimer.o)
 .bss.process_current
                0x0000000020000b8c        0x4 contiki-srf06-cc26xx.a(process.o)
                0x0000000020000b8c                process_current
 .bss.process_list
                0x0000000020000b90        0x4 contiki-srf06-cc26xx.a(process.o)
                0x0000000020000b90                process_list
 .bss.events    0x0000000020000b94      0x180 contiki-srf06-cc26xx.a(process.o)
 .bss.next_rtimer
                0x0000000020000d14        0x4 contiki-srf06-cc26xx.a(rtimer.o)
 .bss.rxbuf_data
                0x0000000020000d18       0x80 contiki-srf06-cc26xx.a(serial-line.o)
 .bss.ptr.4880  0x0000000020000d98        0x4 contiki-srf06-cc26xx.a(serial-line.o)
 .bss.rxbuf     0x0000000020000d9c        0x8 contiki-srf06-cc26xx.a(serial-line.o)
 .bss.buf.4879  0x0000000020000da4       0x80 contiki-srf06-cc26xx.a(serial-line.o)
 .bss.powerQualGlobals
                0x0000000020000e24        0x8 contiki-srf06-cc26xx.a(sys_ctrl.o)
 .bss.packetbuf_aligned
                0x0000000020000e2c       0x80 contiki-srf06-cc26xx.a(packetbuf.o)
 .bss.metadata_memb_memb_count
                0x0000000020000eac        0x8 contiki-srf06-cc26xx.a(csma.o)
 .bss.packet_memb_memb_count
                0x0000000020000eb4        0x8 contiki-srf06-cc26xx.a(csma.o)
 .bss.metadata_memb_memb_mem
                0x0000000020000ebc       0x60 contiki-srf06-cc26xx.a(csma.o)
 .bss.neighbor_list_list
                0x0000000020000f1c        0x4 contiki-srf06-cc26xx.a(csma.o)
 .bss.packet_memb_memb_mem
                0x0000000020000f20       0x60 contiki-srf06-cc26xx.a(csma.o)
 .bss.neighbor_memb_memb_count
                0x0000000020000f80        0x2 contiki-srf06-cc26xx.a(csma.o)
 *fill*         0x0000000020000f82        0x2 
 .bss.neighbor_memb_memb_mem
                0x0000000020000f84       0x68 contiki-srf06-cc26xx.a(csma.o)
 .bss.cycle_start
                0x0000000020000fec        0x4 contiki-srf06-cc26xx.a(contikimac.o)
 .bss.we_are_receiving_burst
                0x0000000020000ff0        0x4 contiki-srf06-cc26xx.a(contikimac.o)
 .bss.rt        0x0000000020000ff4        0xc contiki-srf06-cc26xx.a(contikimac.o)
 .bss.ct.7028   0x0000000020001000       0x20 contiki-srf06-cc26xx.a(contikimac.o)
 .bss.pt        0x0000000020001020        0x2 contiki-srf06-cc26xx.a(contikimac.o)
 *fill*         0x0000000020001022        0x2 
 .bss.start.6953
                0x0000000020001024        0x4 contiki-srf06-cc26xx.a(contikimac.o)
 .bss.sniffers_list
                0x0000000020001028        0x4 contiki-srf06-cc26xx.a(rime.o)
 .bss.c         0x000000002000102c       0x6c contiki-srf06-cc26xx.a(broadcast-annou)
 .bss.channel_list_list
                0x0000000020001098        0x4 contiki-srf06-cc26xx.a(channel.o)
 .bss.announcements_list
                0x000000002000109c        0x4 contiki-srf06-cc26xx.a(announcement.o)
 .bss.observer_callback
                0x00000000200010a0        0x4 contiki-srf06-cc26xx.a(announcement.o)
 .bss.buffer    0x00000000200010a4       0x20 contiki-srf06-cc26xx.a(sensor-common.o)
 .bss.consumers_list_list
                0x00000000200010c4        0x4 contiki-srf06-cc26xx.a(aux-ctrl.o)
 .bss.last_radio_op
                0x00000000200010c8        0x4 contiki-srf06-cc26xx.a(rf-core.o)
 .bss.primary_mode
                0x00000000200010cc        0x4 contiki-srf06-cc26xx.a(rf-core.o)
 .bss.rat_offset
                0x00000000200010d0        0x4 contiki-srf06-cc26xx.a(rf-core.o)
                0x00000000200010d0                rat_offset
 .bss.buframmem_memb_count
                0x00000000200010d4        0x8 contiki-srf06-cc26xx.a(queuebuf.o)
 .bss.bufmem_memb_mem
                0x00000000200010dc       0x20 contiki-srf06-cc26xx.a(queuebuf.o)
 .bss.buframmem_memb_mem
                0x00000000200010fc      0x5f0 contiki-srf06-cc26xx.a(queuebuf.o)
 .bss.bufmem_memb_count
                0x00000000200016ec        0x8 contiki-srf06-cc26xx.a(queuebuf.o)
 .bss.received_seqnos
                0x00000000200016f4       0xc0 contiki-srf06-cc26xx.a(mac-sequence.o)
 .bss.node_id   0x00000000200017b4        0x2 contiki-srf06-cc26xx.a(contiki-main.o)
                0x00000000200017b4                node_id
 .bss.val       0x00000000200017b6        0x2 contiki-srf06-cc26xx.a(tmp-007-sensor.)
 .bss.raw_temp  0x00000000200017b8        0x2 contiki-srf06-cc26xx.a(hdc-1000-sensor)
 .bss.raw_hum   0x00000000200017ba        0x2 contiki-srf06-cc26xx.a(hdc-1000-sensor)
 .bss.buflen    0x00000000200017bc        0x2 contiki-srf06-cc26xx.a(packetbuf.o)
 .bss.bufptr    0x00000000200017be        0x2 contiki-srf06-cc26xx.a(packetbuf.o)
 .bss.seqno.6228
                0x00000000200017c0        0x2 contiki-srf06-cc26xx.a(csma.o)
 .bss.num_sensors
                0x00000000200017c2        0x1 contiki-srf06-cc26xx.a(sensors.o)
 .bss.leds      0x00000000200017c3        0x1 contiki-srf06-cc26xx.a(leds.o)
 .bss.c         0x00000000200017c4        0x1 contiki-srf06-cc26xx.a(leds-arch.o)
 .bss.success   0x00000000200017c5        0x1 contiki-srf06-cc26xx.a(hdc-1000-sensor)
 .bss.interrupt_status
                0x00000000200017c6        0x1 contiki-srf06-cc26xx.a(mpu-9250-sensor)
 .bss.acc_range_reg
                0x00000000200017c7        0x1 contiki-srf06-cc26xx.a(mpu-9250-sensor)
 .bss.mpu_config
                0x00000000200017c8        0x1 contiki-srf06-cc26xx.a(mpu-9250-sensor)
 .bss.acc_range
                0x00000000200017c9        0x1 contiki-srf06-cc26xx.a(mpu-9250-sensor)
 .bss.val       0x00000000200017ca        0x1 contiki-srf06-cc26xx.a(mpu-9250-sensor)
 .bss.slave_addr
                0x00000000200017cb        0x1 contiki-srf06-cc26xx.a(board-i2c.o)
 .bss.last_rssi
                0x00000000200017cc        0x1 contiki-srf06-cc26xx.a(ieee-mode.o)
 .bss.last_corr_lqi
                0x00000000200017cd        0x1 contiki-srf06-cc26xx.a(ieee-mode.o)
 .bss.poll_mode
                0x00000000200017ce        0x1 contiki-srf06-cc26xx.a(ieee-mode.o)
 .bss.initialized
                0x00000000200017cf        0x1 contiki-srf06-cc26xx.a(ctimer.o)
 .bss.fevent    0x00000000200017d0        0x1 contiki-srf06-cc26xx.a(process.o)
 .bss.nevents   0x00000000200017d1        0x1 contiki-srf06-cc26xx.a(process.o)
 .bss.poll_requested
                0x00000000200017d2        0x1 contiki-srf06-cc26xx.a(process.o)
 .bss.lastevent
                0x00000000200017d3        0x1 contiki-srf06-cc26xx.a(process.o)
 .bss.hdrlen    0x00000000200017d4        0x1 contiki-srf06-cc26xx.a(packetbuf.o)
 .bss.initialized.6227
                0x00000000200017d5        0x1 contiki-srf06-cc26xx.a(csma.o)
 .bss.radio_is_on
                0x00000000200017d6        0x1 contiki-srf06-cc26xx.a(contikimac.o)
 .bss.we_are_sending
                0x00000000200017d7        0x1 contiki-srf06-cc26xx.a(contikimac.o)
 .bss.contikimac_keep_radio_on
                0x00000000200017d8        0x1 contiki-srf06-cc26xx.a(contikimac.o)
 .bss.packet_seen.6947
                0x00000000200017d9        0x1 contiki-srf06-cc26xx.a(contikimac.o)
 .bss.count.6948
                0x00000000200017da        0x1 contiki-srf06-cc26xx.a(contikimac.o)
 .bss.periods.6955
                0x00000000200017db        0x1 contiki-srf06-cc26xx.a(contikimac.o)
 .bss.contikimac_is_on
                0x00000000200017dc        0x1 contiki-srf06-cc26xx.a(contikimac.o)
 .bss.silence_periods.6954
                0x00000000200017dd        0x1 contiki-srf06-cc26xx.a(contikimac.o)
 .bss.buzzer_on
                0x00000000200017de        0x1 contiki-srf06-cc26xx.a(buzzer.o)
 .bss.rat_offset_known
                0x00000000200017df        0x1 contiki-srf06-cc26xx.a(rf-core.o)
 .bss.ble_mode_on
                0x00000000200017e0        0x1 contiki-srf06-cc26xx.a(rf-ble.o)
 .bss.mac_dsn   0x00000000200017e1        0x1 contiki-srf06-cc26xx.a(framer-802154.o)
 .bss.initialized
                0x00000000200017e2        0x1 contiki-srf06-cc26xx.a(framer-802154.o)
 *(SORT(COMMON))
 *fill*         0x00000000200017e3        0x1 
 COMMON         0x00000000200017e4        0x9 contiki-srf06-cc26xx.a(sensortag-senso)
                0x00000000200017e4                sensors_flags
 *fill*         0x00000000200017ed        0x3 
 COMMON         0x00000000200017f0        0x4 contiki-srf06-cc26xx.a(mpu-9250-sensor)
                0x00000000200017f0                t0
 COMMON         0x00000000200017f4       0x3c contiki-srf06-cc26xx.a(packetbuf.o)
                0x00000000200017f4                packetbuf_addrs
                0x00000000200017fc                packetbuf_attrs
 COMMON         0x0000000020001830        0x2 contiki-srf06-cc26xx.a(linkaddr.o)
                0x0000000020001830                linkaddr_node_addr
 COMMON         0x0000000020001832        0x1 contiki-srf06-cc26xx.a(sensors.o)
                0x0000000020001832                sensors_event
 COMMON         0x0000000020001833        0x1 contiki-srf06-cc26xx.a(serial-line.o)
                0x0000000020001833                serial_line_event_message
                0x0000000020001834                _ebss = .

.ccfg           0x000000000001ffa8       0x58
 *(SORT(.ccfg))
 .ccfg          0x000000000001ffa8       0x58 obj_srf06-cc26xx/ccfg.o
                0x000000000001ffa8                __ccfg

.rel.dyn        0x0000000000020000        0x0
 .rel.iplt      0x0000000000020000        0x0 obj_srf06-cc26xx/startup_gcc.o

._user_heap_stack
                0x0000000020001834      0x100
                0x0000000020001834                . = ALIGN (0x4)
                0x0000000020001834                . = (. + _Min_Heap_Size)
                0x0000000020001934                . = (. + _Min_Stack_Size)
 *fill*         0x0000000020001834      0x100 
                0x0000000020001934                . = ALIGN (0x4)

.gpram
OUTPUT(p_tx.elf elf32-littlearm)

.comment        0x0000000000000000       0x2b
 .comment       0x0000000000000000       0x2b obj_srf06-cc26xx/fault-handlers.o
                                         0x2c (size before relaxing)
 .comment       0x000000000000002b       0x2c obj_srf06-cc26xx/ccfg.o
 .comment       0x000000000000002b       0x2c obj_srf06-cc26xx/startup_gcc.o
 .comment       0x000000000000002b       0x2c p_tx.co
 .comment       0x000000000000002b       0x2c contiki-srf06-cc26xx.a(contiki-main.o)
 .comment       0x000000000000002b       0x2c contiki-srf06-cc26xx.a(sensors.o)
 .comment       0x000000000000002b       0x2c contiki-srf06-cc26xx.a(leds.o)
 .comment       0x000000000000002b       0x2c contiki-srf06-cc26xx.a(leds-arch.o)
 .comment       0x000000000000002b       0x2c contiki-srf06-cc26xx.a(sensortag-senso)
 .comment       0x000000000000002b       0x2c contiki-srf06-cc26xx.a(bmp-280-sensor.)
 .comment       0x000000000000002b       0x2c contiki-srf06-cc26xx.a(tmp-007-sensor.)
 .comment       0x000000000000002b       0x2c contiki-srf06-cc26xx.a(opt-3001-sensor)
 .comment       0x000000000000002b       0x2c contiki-srf06-cc26xx.a(hdc-1000-sensor)
 .comment       0x000000000000002b       0x2c contiki-srf06-cc26xx.a(mpu-9250-sensor)
 .comment       0x000000000000002b       0x2c contiki-srf06-cc26xx.a(button-sensor.o)
 .comment       0x000000000000002b       0x2c contiki-srf06-cc26xx.a(reed-relay.o)