Archive member included to satisfy reference by file (symbol)

contiki-srf06-cc26xx.a(contiki-main.o)
                              obj_srf06-cc26xx/startup_gcc.o (main)
contiki-srf06-cc26xx.a(sensors.o)
                              contiki-srf06-cc26xx.a(contiki-main.o) (sensors_process)
contiki-srf06-cc26xx.a(leds.o)
                              contiki-srf06-cc26xx.a(contiki-main.o) (leds_init)
contiki-srf06-cc26xx.a(leds-arch.o)
                              contiki-srf06-cc26xx.a(leds.o) (leds_arch_init)
contiki-srf06-cc26xx.a(sensortag-senso)
                              contiki-srf06-cc26xx.a(sensors.o) (sensors_flags)
contiki-srf06-cc26xx.a(bmp-280-sensor.)
                              contiki-srf06-cc26xx.a(sensortag-senso) (bmp_280_sensor)
contiki-srf06-cc26xx.a(tmp-007-sensor.)
                              contiki-srf06-cc26xx.a(sensortag-senso) (tmp_007_sensor)
contiki-srf06-cc26xx.a(opt-3001-sensor)
                              contiki-srf06-cc26xx.a(sensortag-senso) (opt_3001_sensor)
contiki-srf06-cc26xx.a(hdc-1000-sensor)
                              contiki-srf06-cc26xx.a(sensortag-senso) (hdc_1000_sensor)
contiki-srf06-cc26xx.a(mpu-9250-sensor)
                              contiki-srf06-cc26xx.a(sensortag-senso) (mpu_9250_sensor)
contiki-srf06-cc26xx.a(button-sensor.o)
                              contiki-srf06-cc26xx.a(sensortag-senso) (button_right_sensor)
contiki-srf06-cc26xx.a(reed-relay.o)
                              contiki-srf06-cc26xx.a(sensortag-senso) (reed_relay_sensor)
contiki-srf06-cc26xx.a(board.o)
                              contiki-srf06-cc26xx.a(contiki-main.o) (board_init)
contiki-srf06-cc26xx.a(board-i2c.o)
                              contiki-srf06-cc26xx.a(board.o) (board_i2c_wakeup)
contiki-srf06-cc26xx.a(clock.o)
                              contiki-srf06-cc26xx.a(contiki-main.o) (clock_init)
contiki-srf06-cc26xx.a(rtimer-arch.o)
                              contiki-srf06-cc26xx.a(mpu-9250-sensor) (rtimer_arch_now)
contiki-srf06-cc26xx.a(soc-rtc.o)
                              contiki-srf06-cc26xx.a(contiki-main.o) (soc_rtc_init)
contiki-srf06-cc26xx.a(contiki-watchdo)
                              contiki-srf06-cc26xx.a(contiki-main.o) (watchdog_init)
contiki-srf06-cc26xx.a(putchar.o)
                              contiki-srf06-cc26xx.a(contiki-main.o) (putchar)
contiki-srf06-cc26xx.a(ieee-addr.o)
                              contiki-srf06-cc26xx.a(contiki-main.o) (ieee_addr_cpy_to)
contiki-srf06-cc26xx.a(cc26xx-uart.o)
                              contiki-srf06-cc26xx.a(contiki-main.o) (cc26xx_uart_init)
contiki-srf06-cc26xx.a(lpm.o)
                              contiki-srf06-cc26xx.a(contiki-main.o) (lpm_drop)
contiki-srf06-cc26xx.a(gpio-interrupt.)
                              contiki-srf06-cc26xx.a(button-sensor.o) (gpio_interrupt_register_handler)
contiki-srf06-cc26xx.a(oscillators.o)
                              contiki-srf06-cc26xx.a(contiki-main.o) (oscillators_select_lf_xosc)
contiki-srf06-cc26xx.a(ieee-mode.o)
                              contiki-srf06-cc26xx.a(contiki-main.o) (ieee_mode_driver)
contiki-srf06-cc26xx.a(random.o)
                              contiki-srf06-cc26xx.a(contiki-main.o) (random_init)
contiki-srf06-cc26xx.a(soc-trng.o)
                              contiki-srf06-cc26xx.a(random.o) (soc_trng_rand_synchronous)
contiki-srf06-cc26xx.a(dbg-printf.o)
                              contiki-srf06-cc26xx.a(contiki-main.o) (printf)
contiki-srf06-cc26xx.a(strformat.o)
                              contiki-srf06-cc26xx.a(dbg-printf.o) (format_str_v)
contiki-srf06-cc26xx.a(autostart.o)
                              contiki-srf06-cc26xx.a(contiki-main.o) (autostart_start)
contiki-srf06-cc26xx.a(energest.o)
                              contiki-srf06-cc26xx.a(contiki-main.o) (energest_init)
contiki-srf06-cc26xx.a(etimer.o)
                              contiki-srf06-cc26xx.a(clock.o) (etimer_request_poll)
contiki-srf06-cc26xx.a(ctimer.o)
                              contiki-srf06-cc26xx.a(contiki-main.o) (ctimer_init)
contiki-srf06-cc26xx.a(process.o)
                              contiki-srf06-cc26xx.a(sensors.o) (process_alloc_event)
contiki-srf06-cc26xx.a(rtimer.o)
                              contiki-srf06-cc26xx.a(contiki-main.o) (rtimer_init)
contiki-srf06-cc26xx.a(timer.o)
                              contiki-srf06-cc26xx.a(button-sensor.o) (timer_set)
contiki-srf06-cc26xx.a(serial-line.o)
                              contiki-srf06-cc26xx.a(contiki-main.o) (serial_line_init)
contiki-srf06-cc26xx.a(ringbuf.o)
                              contiki-srf06-cc26xx.a(serial-line.o) (ringbuf_init)
contiki-srf06-cc26xx.a(list.o)
                              contiki-srf06-cc26xx.a(lpm.o) (list_init)
contiki-srf06-cc26xx.a(setup.o)
                              obj_srf06-cc26xx/startup_gcc.o (NOROM_SetupTrimDevice)
contiki-srf06-cc26xx.a(osc.o)
[...]
Memory Configuration

Name             Origin             Length             Attributes
FLASH            0x0000000000000000 0x000000000001ffa8 xr
FLASH_CCFG       0x000000000001ffa8 0x0000000000000058 xr
SRAM             0x0000000020000000 0x0000000000005000 xrw
GPRAM            0x0000000011000000 0x0000000000002000 xrw
*default*        0x0000000000000000 0xffffffffffffffff

Linker script and memory map

LOAD obj_srf06-cc26xx/fault-handlers.o
LOAD obj_srf06-cc26xx/ccfg.o
LOAD obj_srf06-cc26xx/startup_gcc.o
LOAD p_flat.co
LOAD contiki-srf06-cc26xx.a
LOAD /usr/lib/gcc/arm-none-eabi/5.4.1/../../../arm-none-eabi/lib/armv7-m/libm.a
START GROUP
LOAD /usr/lib/gcc/arm-none-eabi/5.4.1/armv7-m/libgcc.a
LOAD /usr/lib/gcc/arm-none-eabi/5.4.1/../../../arm-none-eabi/lib/armv7-m/libc.a
END GROUP
                0x0000000020005000                _estack = (ORIGIN (SRAM) + LENGTH (SRAM))
                0x0000000000000000                _Min_Heap_Size = 0x0
                0x0000000000000100                _Min_Stack_Size = 0x100

.text           0x0000000000000000     0xab10
                0x0000000000000000                _text = .
 *(SORT(.vectors))
 .vectors       0x0000000000000000       0xc8 obj_srf06-cc26xx/startup_gcc.o
                0x0000000000000000                g_pfnVectors
 *(SORT(.text*))
 .text.value    0x00000000000000c8       0xb0 contiki-srf06-cc26xx.a(opt-3001-sensor)
 .text.value    0x0000000000000178       0x9c contiki-srf06-cc26xx.a(hdc-1000-sensor)
 *fill*         0x0000000000000214        0x4 00000000
 .text.value    0x0000000000000218      0x19c contiki-srf06-cc26xx.a(mpu-9250-sensor)
 *fill*         0x00000000000003b4        0x4 00000000
 .text          0x00000000000003b8      0xac4 /usr/lib/gcc/arm-none-eabi/5.4.1/../../../arm-none-eabi/lib/armv7-m/libm.a(lib_a-e_pow.o)
                0x00000000000003b8                __ieee754_pow
 *fill*         0x0000000000000e7c        0x4 00000000
 .text          0x0000000000000e80       0xe4 /usr/lib/gcc/arm-none-eabi/5.4.1/../../../arm-none-eabi/lib/armv7-m/libm.a(lib_a-s_scalbn.o)
                0x0000000000000e80                scalbn
 .text.FaultISR
                0x0000000000000f64       0x18 obj_srf06-cc26xx/fault-handlers.o
                0x0000000000000f64                FaultISR
 .text.NmiSRHandler
                0x0000000000000f7c        0x4 obj_srf06-cc26xx/startup_gcc.o
                0x0000000000000f7c                NmiSR
 .text.IntDefaultHandler
                0x0000000000000f80        0x4 obj_srf06-cc26xx/startup_gcc.o
                0x0000000000000f80                SSI0IntHandler
                0x0000000000000f80                SWEvent0IntHandler
                0x0000000000000f80                uDMAIntHandler
                0x0000000000000f80                WatchdogIntHandler
                0x0000000000000f80                RFCHardwareIntHandler
                0x0000000000000f80                Timer1BIntHandler
                0x0000000000000f80                I2SIntHandler
                0x0000000000000f80                Timer2BIntHandler
                0x0000000000000f80                Timer2AIntHandler
                0x0000000000000f80                Timer1AIntHandler
                0x0000000000000f80                AONIntHandler
                0x0000000000000f80                AUXSWEvent0IntHandler
                0x0000000000000f80                AUXADCIntHandler
                0x0000000000000f80                PendSVIntHandler
                0x0000000000000f80                AUXSWEvent1IntHandler
                0x0000000000000f80                SVCallIntHandler
                0x0000000000000f80                MPUFaultIntHandler
                0x0000000000000f80                SysTickIntHandler
                0x0000000000000f80                BusFaultIntHandler
                0x0000000000000f80                AONProgIntHandler
                0x0000000000000f80                AUXCompAIntHandler
                0x0000000000000f80                SSI1IntHandler
                0x0000000000000f80                FlashIntHandler
                0x0000000000000f80                uDMAErrIntHandler
                0x0000000000000f80                UsageFaultIntHandler
                0x0000000000000f80                RFCCmdAckIntHandler
                0x0000000000000f80                CryptoIntHandler
                0x0000000000000f80                Timer0AIntHandler
                0x0000000000000f80                I2CIntHandler
                0x0000000000000f80                DebugMonIntHandler
                0x0000000000000f80                Timer0BIntHandler
                0x0000000000000f80                AUXCombEventIntHandler
                0x0000000000000f80                Timer3AIntHandler
                0x0000000000000f80                DynProgIntHandler
                0x0000000000000f80                Timer3BIntHandler
 .text.ResetISR
                0x0000000000000f84       0x5c obj_srf06-cc26xx/startup_gcc.o
                0x0000000000000f84                ResetISR
 .text.process_thread_p_sensors_process
                0x0000000000000fe0       0x44 p_flat.co
 .text.fade     0x0000000000001024       0x64 contiki-srf06-cc26xx.a(contiki-main.o)
 .text.startup.main
                0x0000000000001088      0x22c contiki-srf06-cc26xx.a(contiki-main.o)
                0x0000000000001088                main
 .text.process_thread_sensors_process
                0x00000000000012b4       0xf8 contiki-srf06-cc26xx.a(sensors.o)
 .text.sensors_changed
                0x00000000000013ac       0x4c contiki-srf06-cc26xx.a(sensors.o)
                0x00000000000013ac                sensors_changed
 .text.leds_init
                0x00000000000013f8       0x14 contiki-srf06-cc26xx.a(leds.o)
                0x00000000000013f8                leds_init
 .text.leds_on  0x000000000000140c       0x14 contiki-srf06-cc26xx.a(leds.o)
                0x000000000000140c                leds_on
 .text.leds_off
                0x0000000000001420       0x14 contiki-srf06-cc26xx.a(leds.o)
                0x0000000000001420                leds_off
 .text.leds_arch_init
                0x0000000000001434       0x38 contiki-srf06-cc26xx.a(leds-arch.o)
                0x0000000000001434                leds_arch_init
 .text.leds_arch_set
                0x000000000000146c       0x34 contiki-srf06-cc26xx.a(leds-arch.o)
                0x000000000000146c                leds_arch_set
 .text.status   0x00000000000014a0       0x14 contiki-srf06-cc26xx.a(bmp-280-sensor.)
 .text.notify_ready
                0x00000000000014b4       0x14 contiki-srf06-cc26xx.a(bmp-280-sensor.)
 .text.enable_sensor
                0x00000000000014c8       0x2c contiki-srf06-cc26xx.a(bmp-280-sensor.)
 .text.configure
                0x00000000000014f4       0x94 contiki-srf06-cc26xx.a(bmp-280-sensor.)
 .text.value    0x0000000000001588      0x178 contiki-srf06-cc26xx.a(bmp-280-sensor.)
 .text.status   0x0000000000001700       0x14 contiki-srf06-cc26xx.a(tmp-007-sensor.)
 .text.notify_ready
                0x0000000000001714       0x14 contiki-srf06-cc26xx.a(tmp-007-sensor.)
 .text.enable_sensor
                0x0000000000001728       0x2c contiki-srf06-cc26xx.a(tmp-007-sensor.)
 .text.configure
                0x0000000000001754       0x94 contiki-srf06-cc26xx.a(tmp-007-sensor.)
 .text.value    0x00000000000017e8       0xf0 contiki-srf06-cc26xx.a(tmp-007-sensor.)
 .text.status   0x00000000000018d8        0xc contiki-srf06-cc26xx.a(opt-3001-sensor)
 .text.enable_sensor
                0x00000000000018e4       0x44 contiki-srf06-cc26xx.a(opt-3001-sensor)
 .text.notify_ready
                0x0000000000001928       0x54 contiki-srf06-cc26xx.a(opt-3001-sensor)
 .text.configure
                0x000000000000197c       0x4c contiki-srf06-cc26xx.a(opt-3001-sensor)
 .text.status   0x00000000000019c8       0x14 contiki-srf06-cc26xx.a(hdc-1000-sensor)
 .text.notify_ready
                0x00000000000019dc       0x68 contiki-srf06-cc26xx.a(hdc-1000-sensor)
 .text.configure
                0x0000000000001a44       0xb8 contiki-srf06-cc26xx.a(hdc-1000-sensor)
 .text.acc_convert
                0x0000000000001afc       0x70 contiki-srf06-cc26xx.a(mpu-9250-sensor)
 .text.status   0x0000000000001b6c       0x14 contiki-srf06-cc26xx.a(mpu-9250-sensor)
 .text.notify_ready
                0x0000000000001b80       0x14 contiki-srf06-cc26xx.a(mpu-9250-sensor)
 .text.sensor_sleep
                0x0000000000001b94       0x38 contiki-srf06-cc26xx.a(mpu-9250-sensor)
 .text.configure
                0x0000000000001bcc       0xdc contiki-srf06-cc26xx.a(mpu-9250-sensor)
 .text.int_status
                0x0000000000001ca8       0x28 contiki-srf06-cc26xx.a(mpu-9250-sensor)
 .text.initialise
                0x0000000000001cd0      0x100 contiki-srf06-cc26xx.a(mpu-9250-sensor)
 .text.status.part.0
                0x0000000000001dd0       0x14 contiki-srf06-cc26xx.a(button-sensor.o)
 .text.value_left
                0x0000000000001de4       0x24 contiki-srf06-cc26xx.a(button-sensor.o)
 .text.value_right
                0x0000000000001e08       0x24 contiki-srf06-cc26xx.a(button-sensor.o)
 .text.status_left
                0x0000000000001e2c       0x10 contiki-srf06-cc26xx.a(button-sensor.o)
 .text.status_right
                0x0000000000001e3c       0x10 contiki-srf06-cc26xx.a(button-sensor.o)
 .text.config_buttons
                0x0000000000001e4c       0x84 contiki-srf06-cc26xx.a(button-sensor.o)
 .text.config_left
                0x0000000000001ed0        0xc contiki-srf06-cc26xx.a(button-sensor.o)
 .text.config_right
                0x0000000000001edc        0xc contiki-srf06-cc26xx.a(button-sensor.o)
 .text.button_press_handler
                0x0000000000001ee8       0x98 contiki-srf06-cc26xx.a(button-sensor.o)
 .text.value    0x0000000000001f80       0x10 contiki-srf06-cc26xx.a(reed-relay.o)
 .text.status   0x0000000000001f90       0x20 contiki-srf06-cc26xx.a(reed-relay.o)
 .text.configure
                0x0000000000001fb0       0x6c contiki-srf06-cc26xx.a(reed-relay.o)
 .text.reed_interrupt_handler
                0x000000000000201c       0x28 contiki-srf06-cc26xx.a(reed-relay.o)
 .text.power_domains_on
                0x0000000000002044       0x20 contiki-srf06-cc26xx.a(board.o)
 .text.lpm_wakeup_handler
                0x0000000000002064        0x4 contiki-srf06-cc26xx.a(board.o)
 .text.shutdown_handler
                0x0000000000002068       0x68 contiki-srf06-cc26xx.a(board.o)
 .text.board_init
                0x00000000000020d0      0x118 contiki-srf06-cc26xx.a(board.o)
                0x00000000000020d0                board_init
 .text.i2c_status
                0x00000000000021e8       0x34 contiki-srf06-cc26xx.a(board-i2c.o)
 .text.accessible
                0x000000000000221c       0x24 contiki-srf06-cc26xx.a(board-i2c.o)
 .text.board_i2c_wakeup
                0x0000000000002240       0x5c contiki-srf06-cc26xx.a(board-i2c.o)
                0x0000000000002240                board_i2c_wakeup
 .text.board_i2c_shutdown
                0x000000000000229c       0xa4 contiki-srf06-cc26xx.a(board-i2c.o)
                0x000000000000229c                board_i2c_shutdown
 .text.board_i2c_write
                0x0000000000002340      0x138 contiki-srf06-cc26xx.a(board-i2c.o)
                0x0000000000002340                board_i2c_write
 .text.board_i2c_write_single
                0x0000000000002478       0x70 contiki-srf06-cc26xx.a(board-i2c.o)
                0x0000000000002478                board_i2c_write_single
 .text.board_i2c_read
                0x00000000000024e8      0x118 contiki-srf06-cc26xx.a(board-i2c.o)
                0x00000000000024e8                board_i2c_read
 .text.board_i2c_write_read
                0x0000000000002600      0x1c0 contiki-srf06-cc26xx.a(board-i2c.o)
                0x0000000000002600                board_i2c_write_read
 .text.board_i2c_select
                0x00000000000027c0       0xdc contiki-srf06-cc26xx.a(board-i2c.o)
                0x00000000000027c0                board_i2c_select
 .text.power_domain_on
                0x000000000000289c       0x20 contiki-srf06-cc26xx.a(clock.o)
 .text.clock_init
                0x00000000000028bc       0x98 contiki-srf06-cc26xx.a(clock.o)
                0x00000000000028bc                clock_init
 .text.clock_time
                0x0000000000002954       0x34 contiki-srf06-cc26xx.a(clock.o)
                0x0000000000002954                clock_time
 .text.clock_update
                0x0000000000002988       0x3c contiki-srf06-cc26xx.a(clock.o)
                0x0000000000002988                clock_update
 .text.rtimer_arch_init
                0x00000000000029c4        0x4 contiki-srf06-cc26xx.a(rtimer-arch.o)
                0x00000000000029c4                rtimer_arch_init
 .text.rtimer_arch_schedule
                0x00000000000029c8        0x8 contiki-srf06-cc26xx.a(rtimer-arch.o)
                0x00000000000029c8                rtimer_arch_schedule
 .text.rtimer_arch_now
                0x00000000000029d0        0x4 contiki-srf06-cc26xx.a(rtimer-arch.o)
                0x00000000000029d0                rtimer_arch_now
 .text.soc_rtc_init
                0x00000000000029d4       0xa0 contiki-srf06-cc26xx.a(soc-rtc.o)
                0x00000000000029d4                soc_rtc_init
 .text.soc_rtc_schedule_one_shot
                0x0000000000002a74       0x6c contiki-srf06-cc26xx.a(soc-rtc.o)
                0x0000000000002a74                soc_rtc_schedule_one_shot
 .text.soc_rtc_last_isr_time
                0x0000000000002ae0        0xc contiki-srf06-cc26xx.a(soc-rtc.o)
                0x0000000000002ae0                soc_rtc_last_isr_time
 .text.AONRTCIntHandler
                0x0000000000002aec       0x88 contiki-srf06-cc26xx.a(soc-rtc.o)
                0x0000000000002aec                AONRTCIntHandler
 .text.watchdog_init
                0x0000000000002b74       0x1c contiki-srf06-cc26xx.a(contiki-watchdo)
                0x0000000000002b74                watchdog_init
 .text.watchdog_start
                0x0000000000002b90       0x68 contiki-srf06-cc26xx.a(contiki-watchdo)
                0x0000000000002b90                watchdog_start
 .text.watchdog_periodic
                0x0000000000002bf8       0x1c contiki-srf06-cc26xx.a(contiki-watchdo)
                0x0000000000002bf8                watchdog_periodic
 .text.putchar  0x0000000000002c14       0x10 contiki-srf06-cc26xx.a(putchar.o)
                0x0000000000002c14                putchar
 .text.puts     0x0000000000002c24       0x30 contiki-srf06-cc26xx.a(putchar.o)
                0x0000000000002c24                puts
 .text.dbg_send_bytes
                0x0000000000002c54       0x40 contiki-srf06-cc26xx.a(putchar.o)
                0x0000000000002c54                dbg_send_bytes
 .text.ieee_addr_cpy_to
                0x0000000000002c94       0x40 contiki-srf06-cc26xx.a(ieee-addr.o)
                0x0000000000002c94                ieee_addr_cpy_to
 .text.power_and_clock
                0x0000000000002cd4       0x40 contiki-srf06-cc26xx.a(cc26xx-uart.o)
 .text.enable   0x0000000000002d14       0xf4 contiki-srf06-cc26xx.a(cc26xx-uart.o)
 .text.accessible
                0x0000000000002e08       0x24 contiki-srf06-cc26xx.a(cc26xx-uart.o)
 .text.lpm_drop_handler
                0x0000000000002e2c       0xcc contiki-srf06-cc26xx.a(cc26xx-uart.o)
 .text.cc26xx_uart_init
                0x0000000000002ef8       0x28 contiki-srf06-cc26xx.a(cc26xx-uart.o)
                0x0000000000002ef8                cc26xx_uart_init
 .text.cc26xx_uart_write_byte
                0x0000000000002f20       0x28 contiki-srf06-cc26xx.a(cc26xx-uart.o)
                0x0000000000002f20                cc26xx_uart_write_byte
 .text.cc26xx_uart_busy
                0x0000000000002f48       0x18 contiki-srf06-cc26xx.a(cc26xx-uart.o)
                0x0000000000002f48                cc26xx_uart_busy
 .text.UART0IntHandler
                0x0000000000002f60       0x54 contiki-srf06-cc26xx.a(cc26xx-uart.o)
                0x0000000000002f60                UART0IntHandler
 .text.lpm_sleep
                0x0000000000002fb4       0x14 contiki-srf06-cc26xx.a(lpm.o)
                0x0000000000002fb4                lpm_sleep
 .text.lpm_drop
                0x0000000000002fc8      0x258 contiki-srf06-cc26xx.a(lpm.o)
                0x0000000000002fc8                lpm_drop
 .text.lpm_register_module
                0x0000000000003220        0xc contiki-srf06-cc26xx.a(lpm.o)
                0x0000000000003220                lpm_register_module
 .text.lpm_unregister_module
                0x000000000000322c        0xc contiki-srf06-cc26xx.a(lpm.o)
                0x000000000000322c                lpm_unregister_module
 .text.lpm_init
                0x0000000000003238       0x20 contiki-srf06-cc26xx.a(lpm.o)
                0x0000000000003238                lpm_init
 .text.lpm_pin_set_default_state
                0x0000000000003258       0x2c contiki-srf06-cc26xx.a(lpm.o)
                0x0000000000003258                lpm_pin_set_default_state
 .text.gpio_interrupt_register_handler
                0x0000000000003284       0x2c contiki-srf06-cc26xx.a(gpio-interrupt.)
                0x0000000000003284                gpio_interrupt_register_handler
 .text.gpio_interrupt_init
                0x00000000000032b0       0x24 contiki-srf06-cc26xx.a(gpio-interrupt.)
                0x00000000000032b0                gpio_interrupt_init
 .text.GPIOIntHandler
                0x00000000000032d4       0x30 contiki-srf06-cc26xx.a(gpio-interrupt.)
                0x00000000000032d4                GPIOIntHandler
 .text.oscillators_select_lf_xosc
                0x0000000000003304       0x50 contiki-srf06-cc26xx.a(oscillators.o)
                0x0000000000003304                oscillators_select_lf_xosc
 .text.oscillators_request_hf_xosc
                0x0000000000003354       0x30 contiki-srf06-cc26xx.a(oscillators.o)
                0x0000000000003354                oscillators_request_hf_xosc
 .text.oscillators_switch_to_hf_xosc
                0x0000000000003384       0x34 contiki-srf06-cc26xx.a(oscillators.o)
                0x0000000000003384                oscillators_switch_to_hf_xosc
 .text.oscillators_switch_to_hf_rc
                0x00000000000033b8       0x38 contiki-srf06-cc26xx.a(oscillators.o)
                0x00000000000033b8                oscillators_switch_to_hf_rc
 .text.request  0x00000000000033f0       0x20 contiki-srf06-cc26xx.a(ieee-mode.o)
 .text.rx_on    0x0000000000003410       0x60 contiki-srf06-cc26xx.a(ieee-mode.o)
 .text.prepare  0x0000000000003470       0x1c contiki-srf06-cc26xx.a(ieee-mode.o)
 .text.rf_radio_setup
                0x000000000000348c       0x64 contiki-srf06-cc26xx.a(ieee-mode.o)
 .text.soft_on  0x00000000000034f0       0x18 contiki-srf06-cc26xx.a(ieee-mode.o)
 .text.pending_packet
                0x0000000000003508       0x48 contiki-srf06-cc26xx.a(ieee-mode.o)
 .text.soft_off
                0x0000000000003550       0x44 contiki-srf06-cc26xx.a(ieee-mode.o)
 .text.get_object
                0x0000000000003594       0x4c contiki-srf06-cc26xx.a(ieee-mode.o)
 .text.transmitting.part.1
                0x00000000000035e0       0x40 contiki-srf06-cc26xx.a(ieee-mode.o)
 .text.rx_off   0x0000000000003620       0x74 contiki-srf06-cc26xx.a(ieee-mode.o)
 .text.set_object
                0x0000000000003694       0x60 contiki-srf06-cc26xx.a(ieee-mode.o)
 .text.get_cca_info
                0x00000000000036f4       0x50 contiki-srf06-cc26xx.a(ieee-mode.o)
 .text.check_rat_overflow
                0x0000000000003744       0x80 contiki-srf06-cc26xx.a(ieee-mode.o)
 .text.receiving_packet
                0x00000000000037c4       0x3c contiki-srf06-cc26xx.a(ieee-mode.o)
 .text.off.part.7
                0x0000000000003800       0x6c contiki-srf06-cc26xx.a(ieee-mode.o)
 .text.off      0x000000000000386c       0x14 contiki-srf06-cc26xx.a(ieee-mode.o)
 .text.on       0x0000000000003880       0xa8 contiki-srf06-cc26xx.a(ieee-mode.o)
 .text.set_value
                0x0000000000003928      0x178 contiki-srf06-cc26xx.a(ieee-mode.o)
 .text.get_value
                0x0000000000003aa0      0x188 contiki-srf06-cc26xx.a(ieee-mode.o)
 .text.transmit
                0x0000000000003c28      0x114 contiki-srf06-cc26xx.a(ieee-mode.o)
 .text.send     0x0000000000003d3c       0x24 contiki-srf06-cc26xx.a(ieee-mode.o)
 .text.channel_clear
                0x0000000000003d60       0x84 contiki-srf06-cc26xx.a(ieee-mode.o)
 .text.read_frame
                0x0000000000003de4      0x190 contiki-srf06-cc26xx.a(ieee-mode.o)
 .text.handle_rat_overflow
                0x0000000000003f74       0x68 contiki-srf06-cc26xx.a(ieee-mode.o)
 .text.init     0x0000000000003fdc       0xfc contiki-srf06-cc26xx.a(ieee-mode.o)
 .text.random_rand
                0x00000000000040d8        0xc contiki-srf06-cc26xx.a(random.o)
                0x00000000000040d8                random_rand
 .text.random_init
                0x00000000000040e4        0x4 contiki-srf06-cc26xx.a(random.o)
                0x00000000000040e4                random_init
 .text.power_up
                0x00000000000040e8       0x40 contiki-srf06-cc26xx.a(soc-trng.o)
 .text.request  0x0000000000004128       0x14 contiki-srf06-cc26xx.a(soc-trng.o)
 .text.process_thread_soc_trng_process
                0x000000000000413c       0x94 contiki-srf06-cc26xx.a(soc-trng.o)
 .text.accessible
                0x00000000000041d0       0x24 contiki-srf06-cc26xx.a(soc-trng.o)
 .text.soc_trng_rand_synchronous
                0x00000000000041f4       0xc4 contiki-srf06-cc26xx.a(soc-trng.o)
                0x00000000000041f4                soc_trng_rand_synchronous
 .text.TRNGIntHandler
                0x00000000000042b8       0x50 contiki-srf06-cc26xx.a(soc-trng.o)
                0x00000000000042b8                TRNGIntHandler
 .text.soc_trng_init
                0x0000000000004308       0x28 contiki-srf06-cc26xx.a(soc-trng.o)
                0x0000000000004308                soc_trng_init
 .text.write_str
                0x0000000000004330       0x14 contiki-srf06-cc26xx.a(dbg-printf.o)
 .text.printf   0x0000000000004344       0x24 contiki-srf06-cc26xx.a(dbg-printf.o)
                0x0000000000004344                printf
 .text.fill_space
                0x0000000000004368       0x3c contiki-srf06-cc26xx.a(strformat.o)
 .text.format_str_v
                0x00000000000043a4      0x95c contiki-srf06-cc26xx.a(strformat.o)
                0x00000000000043a4                format_str_v
 .text.autostart_start
                0x0000000000004d00       0x18 contiki-srf06-cc26xx.a(autostart.o)
                0x0000000000004d00                autostart_start
 .text.energest_init
                0x0000000000004d18        0x4 contiki-srf06-cc26xx.a(energest.o)
                0x0000000000004d18                energest_init
 .text.update_time
                0x0000000000004d1c       0x44 contiki-srf06-cc26xx.a(etimer.o)
 .text.process_thread_etimer_process
                0x0000000000004d60       0xc8 contiki-srf06-cc26xx.a(etimer.o)
 .text.add_timer
                0x0000000000004e28       0x54 contiki-srf06-cc26xx.a(etimer.o)
 .text.etimer_request_poll
                0x0000000000004e7c        0xc contiki-srf06-cc26xx.a(etimer.o)
                0x0000000000004e7c                etimer_request_poll
 .text.etimer_set
                0x0000000000004e88       0x14 contiki-srf06-cc26xx.a(etimer.o)
                0x0000000000004e88                etimer_set
 .text.etimer_pending
                0x0000000000004e9c       0x10 contiki-srf06-cc26xx.a(etimer.o)
                0x0000000000004e9c                etimer_pending
 .text.etimer_next_expiration_time
                0x0000000000004eac       0x14 contiki-srf06-cc26xx.a(etimer.o)
                0x0000000000004eac                etimer_next_expiration_time
 .text.etimer_stop
                0x0000000000004ec0       0x44 contiki-srf06-cc26xx.a(etimer.o)
                0x0000000000004ec0                etimer_stop
 .text.process_thread_ctimer_process
                0x0000000000004f04       0x94 contiki-srf06-cc26xx.a(ctimer.o)
 .text.ctimer_init
                0x0000000000004f98       0x28 contiki-srf06-cc26xx.a(ctimer.o)
                0x0000000000004f98                ctimer_init
 .text.ctimer_set_with_process
                0x0000000000004fc0       0x4c contiki-srf06-cc26xx.a(ctimer.o)
                0x0000000000004fc0                ctimer_set_with_process
 .text.ctimer_set
                0x000000000000500c       0x18 contiki-srf06-cc26xx.a(ctimer.o)
                0x000000000000500c                ctimer_set
 .text.ctimer_stop
                0x0000000000005024       0x34 contiki-srf06-cc26xx.a(ctimer.o)
                0x0000000000005024                ctimer_stop
 .text.exit_process
                0x0000000000005058       0xb0 contiki-srf06-cc26xx.a(process.o)
 .text.call_process.part.0
                0x0000000000005108       0x38 contiki-srf06-cc26xx.a(process.o)
 .text.do_poll  0x0000000000005140       0x3c contiki-srf06-cc26xx.a(process.o)
 .text.process_alloc_event
                0x000000000000517c       0x10 contiki-srf06-cc26xx.a(process.o)
                0x000000000000517c                process_alloc_event
 .text.process_start
                0x000000000000518c       0x48 contiki-srf06-cc26xx.a(process.o)
                0x000000000000518c                process_start
 .text.process_init
                0x00000000000051d4       0x34 contiki-srf06-cc26xx.a(process.o)
                0x00000000000051d4                process_init
 .text.process_run
                0x0000000000005208       0xa8 contiki-srf06-cc26xx.a(process.o)
                0x0000000000005208                process_run
 .text.process_nevents
                0x00000000000052b0       0x14 contiki-srf06-cc26xx.a(process.o)
                0x00000000000052b0                process_nevents
 .text.process_post
                0x00000000000052c4       0x40 contiki-srf06-cc26xx.a(process.o)
                0x00000000000052c4                process_post
 .text.process_poll
                0x0000000000005304       0x18 contiki-srf06-cc26xx.a(process.o)
                0x0000000000005304                process_poll
 .text.rtimer_init
                0x000000000000531c        0x4 contiki-srf06-cc26xx.a(rtimer.o)
                0x000000000000531c                rtimer_init
 .text.rtimer_set
                0x0000000000005320       0x2c contiki-srf06-cc26xx.a(rtimer.o)
                0x0000000000005320                rtimer_set
 .text.rtimer_run_next
                0x000000000000534c       0x28 contiki-srf06-cc26xx.a(rtimer.o)
                0x000000000000534c                rtimer_run_next
 .text.timer_set
                0x0000000000005374       0x10 contiki-srf06-cc26xx.a(timer.o)
                0x0000000000005374                timer_set
 .text.timer_expired
                0x0000000000005384       0x1c contiki-srf06-cc26xx.a(timer.o)
                0x0000000000005384                timer_expired
 .text.process_thread_serial_line_process
                0x00000000000053a0       0xa8 contiki-srf06-cc26xx.a(serial-line.o)
 .text.serial_line_init
                0x0000000000005448       0x24 contiki-srf06-cc26xx.a(serial-line.o)
                0x0000000000005448                serial_line_init
 .text.ringbuf_init
                0x000000000000546c       0x10 contiki-srf06-cc26xx.a(ringbuf.o)
                0x000000000000546c                ringbuf_init
 .text.ringbuf_get
                0x000000000000547c       0x24 contiki-srf06-cc26xx.a(ringbuf.o)
                0x000000000000547c                ringbuf_get
 .text.list_init
                0x00000000000054a0        0x8 contiki-srf06-cc26xx.a(list.o)
                0x00000000000054a0                list_init
 .text.list_head
                0x00000000000054a8        0x4 contiki-srf06-cc26xx.a(list.o)
                0x00000000000054a8                list_head
 .text.list_add
                0x00000000000054ac       0x5c contiki-srf06-cc26xx.a(list.o)
                0x00000000000054ac                list_add
 .text.list_push
                0x0000000000005508       0x48 contiki-srf06-cc26xx.a(list.o)
                0x0000000000005508                list_push
 .text.list_remove
                0x0000000000005550       0x38 contiki-srf06-cc26xx.a(list.o)
                0x0000000000005550                list_remove
 .text.list_length
                0x0000000000005588       0x14 contiki-srf06-cc26xx.a(list.o)
                0x0000000000005588                list_length
 .text.list_item_next
                0x000000000000559c        0x8 contiki-srf06-cc26xx.a(list.o)
                0x000000000000559c                list_item_next
 .text.TrimAfterColdResetWakeupFromShutDown
                0x00000000000055a4       0xe4 contiki-srf06-cc26xx.a(setup.o)
 .text.NOROM_SetupTrimDevice
                0x0000000000005688       0xa4 contiki-srf06-cc26xx.a(setup.o)
                0x0000000000005688                NOROM_SetupTrimDevice
 .text.NOROM_OSCClockSourceSet
                0x000000000000572c       0x50 contiki-srf06-cc26xx.a(osc.o)
                0x000000000000572c                NOROM_OSCClockSourceSet
 .text.NOROM_OSCClockSourceGet
                0x000000000000577c       0x20 contiki-srf06-cc26xx.a(osc.o)
                0x000000000000577c                NOROM_OSCClockSourceGet
 .text.NOROM_DDI32RegWrite
                0x000000000000579c       0x34 contiki-srf06-cc26xx.a(ddi.o)
                0x000000000000579c                NOROM_DDI32RegWrite
 .text.NOROM_DDI16BitfieldWrite
                0x00000000000057d0       0x4c contiki-srf06-cc26xx.a(ddi.o)
                0x00000000000057d0                NOROM_DDI16BitfieldWrite
 .text.NOROM_DDI16BitfieldRead
                0x000000000000581c       0x4c contiki-srf06-cc26xx.a(ddi.o)
                0x000000000000581c                NOROM_DDI16BitfieldRead
 .text.NOROM_SysCtrlSetRechargeBeforePowerDown
                0x0000000000005868      0x264 contiki-srf06-cc26xx.a(sys_ctrl.o)
                0x0000000000005868                NOROM_SysCtrlSetRechargeBeforePowerDown
 .text.NOROM_SysCtrlAdjustRechargeAfterPowerDown
                0x0000000000005acc       0x70 contiki-srf06-cc26xx.a(sys_ctrl.o)
                0x0000000000005acc                NOROM_SysCtrlAdjustRechargeAfterPowerDown
 .text.NOROM_SysCtrl_DCDC_VoltageConditionalControl
                0x0000000000005b3c       0x7c contiki-srf06-cc26xx.a(sys_ctrl.o)
                0x0000000000005b3c                NOROM_SysCtrl_DCDC_VoltageConditionalControl
 .text.SafeHapiVoid
                0x0000000000005bb8       0x2c contiki-srf06-cc26xx.a(adi.o)
                0x0000000000005bb8                SafeHapiVoid
 .text.NOROM_PowerCtrlSourceSet
                0x0000000000005be4       0x30 contiki-srf06-cc26xx.a(pwr_ctrl.o)
                0x0000000000005be4                NOROM_PowerCtrlSourceSet
 .text.NOROM_TRNGConfigure
                0x0000000000005c14       0x38 contiki-srf06-cc26xx.a(trng.o)
                0x0000000000005c14                NOROM_TRNGConfigure
 .text.NOROM_CPUcpsid
                0x0000000000005c4c        0x8 contiki-srf06-cc26xx.a(cpu.o)
                0x0000000000005c4c                NOROM_CPUcpsid
 .text.NOROM_CPUcpsie
                0x0000000000005c54        0x8 contiki-srf06-cc26xx.a(cpu.o)
                0x0000000000005c54                NOROM_CPUcpsie
 .text.NOROM_CPUdelay
                0x0000000000005c5c        0x8 contiki-srf06-cc26xx.a(cpu.o)
                0x0000000000005c5c                NOROM_CPUdelay
 .text.NOROM_AONRTCCurrentCompareValueGet
                0x0000000000005c64       0x24 contiki-srf06-cc26xx.a(aon_rtc.o)
                0x0000000000005c64                NOROM_AONRTCCurrentCompareValueGet
 .text.NOROM_ChipInfo_GetSupportedProtocol_BV
                0x0000000000005c88       0x10 contiki-srf06-cc26xx.a(chipinfo.o)
                0x0000000000005c88                NOROM_ChipInfo_GetSupportedProtocol_BV
 .text.NOROM_ChipInfo_GetChipFamily
                0x0000000000005c98       0x4c contiki-srf06-cc26xx.a(chipinfo.o)
                0x0000000000005c98                NOROM_ChipInfo_GetChipFamily
 .text.NOROM_ChipInfo_GetChipType
                0x0000000000005ce4       0x50 contiki-srf06-cc26xx.a(chipinfo.o)
                0x0000000000005ce4                NOROM_ChipInfo_GetChipType
 .text.NOROM_ChipInfo_GetHwRevision
                0x0000000000005d34       0x6c contiki-srf06-cc26xx.a(chipinfo.o)
                0x0000000000005d34                NOROM_ChipInfo_GetHwRevision
 .text.NOROM_ThisCodeIsBuiltForCC26xxHwRev22AndLater_HaltIfViolated
                0x0000000000005da0       0x14 contiki-srf06-cc26xx.a(chipinfo.o)
                0x0000000000005da0                NOROM_ThisCodeIsBuiltForCC26xxHwRev22AndLater_HaltIfViolated
 .text.packetbuf_compact
                0x0000000000005db4       0x44 contiki-srf06-cc26xx.a(packetbuf.o)
                0x0000000000005db4                packetbuf_compact
 .text.packetbuf_copyto
                0x0000000000005df8       0x50 contiki-srf06-cc26xx.a(packetbuf.o)
                0x0000000000005df8                packetbuf_copyto
 .text.packetbuf_hdralloc
                0x0000000000005e48       0x54 contiki-srf06-cc26xx.a(packetbuf.o)
                0x0000000000005e48                packetbuf_hdralloc
 .text.packetbuf_hdrreduce
                0x0000000000005e9c       0x2c contiki-srf06-cc26xx.a(packetbuf.o)
                0x0000000000005e9c                packetbuf_hdrreduce
 .text.packetbuf_set_datalen
                0x0000000000005ec8        0xc contiki-srf06-cc26xx.a(packetbuf.o)
                0x0000000000005ec8                packetbuf_set_datalen
 .text.packetbuf_dataptr
                0x0000000000005ed4       0x20 contiki-srf06-cc26xx.a(packetbuf.o)
                0x0000000000005ed4                packetbuf_dataptr
 .text.packetbuf_hdrptr
                0x0000000000005ef4        0x8 contiki-srf06-cc26xx.a(packetbuf.o)
                0x0000000000005ef4                packetbuf_hdrptr
 .text.packetbuf_datalen
                0x0000000000005efc        0xc contiki-srf06-cc26xx.a(packetbuf.o)
                0x0000000000005efc                packetbuf_datalen
 .text.packetbuf_totlen
                0x0000000000005f08       0x24 contiki-srf06-cc26xx.a(packetbuf.o)
                0x0000000000005f08                packetbuf_totlen
 .text.packetbuf_attr_clear
                0x0000000000005f2c       0x30 contiki-srf06-cc26xx.a(packetbuf.o)
                0x0000000000005f2c                packetbuf_attr_clear
 .text.packetbuf_clear
                0x0000000000005f5c       0x20 contiki-srf06-cc26xx.a(packetbuf.o)
                0x0000000000005f5c                packetbuf_clear
 .text.packetbuf_copyfrom
                0x0000000000005f7c       0x40 contiki-srf06-cc26xx.a(packetbuf.o)
                0x0000000000005f7c                packetbuf_copyfrom
 .text.packetbuf_attr_copyto
                0x0000000000005fbc       0x3c contiki-srf06-cc26xx.a(packetbuf.o)
                0x0000000000005fbc                packetbuf_attr_copyto
 .text.packetbuf_attr_copyfrom
                0x0000000000005ff8       0x3c contiki-srf06-cc26xx.a(packetbuf.o)
                0x0000000000005ff8                packetbuf_attr_copyfrom
 .text.packetbuf_set_attr
                0x0000000000006034       0x10 contiki-srf06-cc26xx.a(packetbuf.o)
                0x0000000000006034                packetbuf_set_attr
 .text.packetbuf_attr
                0x0000000000006044        0xc contiki-srf06-cc26xx.a(packetbuf.o)
                0x0000000000006044                packetbuf_attr
 .text.packetbuf_set_addr
                0x0000000000006050       0x18 contiki-srf06-cc26xx.a(packetbuf.o)
                0x0000000000006050                packetbuf_set_addr
 .text.packetbuf_addr
                0x0000000000006068       0x10 contiki-srf06-cc26xx.a(packetbuf.o)
                0x0000000000006068                packetbuf_addr
 .text.packetbuf_holds_broadcast
                0x0000000000006078       0x10 contiki-srf06-cc26xx.a(packetbuf.o)
                0x0000000000006078                packetbuf_holds_broadcast
 .text.netstack_init
                0x0000000000006088       0x38 contiki-srf06-cc26xx.a(netstack.o)
                0x0000000000006088                netstack_init
 .text.linkaddr_copy
                0x00000000000060c0        0x8 contiki-srf06-cc26xx.a(linkaddr.o)
                0x00000000000060c0                linkaddr_copy
 .text.linkaddr_cmp
                0x00000000000060c8       0x10 contiki-srf06-cc26xx.a(linkaddr.o)
                0x00000000000060c8                linkaddr_cmp
 .text.input_packet
                0x00000000000060d8        0xc contiki-srf06-cc26xx.a(csma.o)
 .text.on       0x00000000000060e4        0xc contiki-srf06-cc26xx.a(csma.o)
 .text.off      0x00000000000060f0        0xc contiki-srf06-cc26xx.a(csma.o)
 .text.channel_check_interval
                0x00000000000060fc       0x10 contiki-srf06-cc26xx.a(csma.o)
 .text.transmit_packet_list
                0x000000000000610c       0x34 contiki-srf06-cc26xx.a(csma.o)
 .text.schedule_transmission
                0x0000000000006140       0x58 contiki-srf06-cc26xx.a(csma.o)
 .text.send_packet
                0x0000000000006198      0x164 contiki-srf06-cc26xx.a(csma.o)
 .text.init     0x00000000000062fc       0x24 contiki-srf06-cc26xx.a(csma.o)
 .text.tx_done  0x0000000000006320       0x90 contiki-srf06-cc26xx.a(csma.o)
 .text.packet_sent
                0x00000000000063b0       0xe8 contiki-srf06-cc26xx.a(csma.o)
 .text.duty_cycle
                0x0000000000006498        0x4 contiki-srf06-cc26xx.a(contikimac.o)
 .text.init     0x000000000000649c       0x40 contiki-srf06-cc26xx.a(contikimac.o)
 .text.on.part.0
                0x00000000000064dc       0x14 contiki-srf06-cc26xx.a(contikimac.o)
 .text.off      0x00000000000064f0       0x38 contiki-srf06-cc26xx.a(contikimac.o)
 .text.recv_burst_off
                0x0000000000006528       0x14 contiki-srf06-cc26xx.a(contikimac.o)
 .text.powercycle_turn_radio_off.part.2
                0x000000000000653c       0x10 contiki-srf06-cc26xx.a(contikimac.o)
 .text.turn_off
                0x000000000000654c       0x44 contiki-srf06-cc26xx.a(contikimac.o)
 .text.turn_on  0x0000000000006590       0x44 contiki-srf06-cc26xx.a(contikimac.o)
 .text.schedule_powercycle_fixed.part.5
                0x00000000000065d4       0x2c contiki-srf06-cc26xx.a(contikimac.o)
 .text.input_packet
                0x0000000000006600       0xc4 contiki-srf06-cc26xx.a(contikimac.o)
 .text.send_packet.isra.8
                0x00000000000066c4      0x23c contiki-srf06-cc26xx.a(contikimac.o)
 .text.qsend_list
                0x0000000000006900       0xec contiki-srf06-cc26xx.a(contikimac.o)
 .text.qsend_packet
                0x00000000000069ec       0x24 contiki-srf06-cc26xx.a(contikimac.o)
 .text.powercycle_wrapper
                0x0000000000006a10      0x264 contiki-srf06-cc26xx.a(contikimac.o)
 .text.init     0x0000000000006c74        0x4 contiki-srf06-cc26xx.a(nullsec.o)
 .text.input    0x0000000000006c78        0xc contiki-srf06-cc26xx.a(nullsec.o)
 .text.send     0x0000000000006c84       0x20 contiki-srf06-cc26xx.a(nullsec.o)
 .text.packet_sent
                0x0000000000006ca4       0x38 contiki-srf06-cc26xx.a(rime.o)
 .text.input    0x0000000000006cdc       0x38 contiki-srf06-cc26xx.a(rime.o)
 .text.init     0x0000000000006d14       0x28 contiki-srf06-cc26xx.a(rime.o)
 .text.rime_output
                0x0000000000006d3c       0x24 contiki-srf06-cc26xx.a(rime.o)
                0x0000000000006d3c                rime_output
 .text.adv_packet_sent
                0x0000000000006d60        0x4 contiki-srf06-cc26xx.a(broadcast-annou)
 .text.set_timers
                0x0000000000006d64       0x3c contiki-srf06-cc26xx.a(broadcast-annou)
 .text.send_timer
                0x0000000000006da0       0x18 contiki-srf06-cc26xx.a(broadcast-annou)
 .text.send_adv
                0x0000000000006db8       0x58 contiki-srf06-cc26xx.a(broadcast-annou)
 .text.adv_packet_received
                0x0000000000006e10       0x48 contiki-srf06-cc26xx.a(broadcast-annou)
 .text.new_announcement
                0x0000000000006e58       0x18 contiki-srf06-cc26xx.a(broadcast-annou)
 .text.broadcast_announcement_init
                0x0000000000006e70       0x30 contiki-srf06-cc26xx.a(broadcast-annou)
                0x0000000000006e70                broadcast_announcement_init
 .text.abc_open
                0x0000000000006ea0       0x20 contiki-srf06-cc26xx.a(abc.o)
                0x0000000000006ea0                abc_open
 .text.abc_send
                0x0000000000006ec0        0x4 contiki-srf06-cc26xx.a(abc.o)
                0x0000000000006ec0                abc_send
 .text.abc_input
                0x0000000000006ec4        0xc contiki-srf06-cc26xx.a(abc.o)
                0x0000000000006ec4                abc_input
 .text.abc_sent
                0x0000000000006ed0        0xc contiki-srf06-cc26xx.a(abc.o)
                0x0000000000006ed0                abc_sent
 .text.sent_by_abc
                0x0000000000006edc        0xc contiki-srf06-cc26xx.a(broadcast.o)
 .text.recv_from_abc
                0x0000000000006ee8       0x24 contiki-srf06-cc26xx.a(broadcast.o)
 .text.broadcast_open
                0x0000000000006f0c       0x24 contiki-srf06-cc26xx.a(broadcast.o)
                0x0000000000006f0c                broadcast_open
 .text.broadcast_send
                0x0000000000006f30       0x1c contiki-srf06-cc26xx.a(broadcast.o)
                0x0000000000006f30                broadcast_send
 .text.chameleon_init
                0x0000000000006f4c        0x4 contiki-srf06-cc26xx.a(chameleon.o)
                0x0000000000006f4c                chameleon_init
 .text.chameleon_parse
                0x0000000000006f50       0x1c contiki-srf06-cc26xx.a(chameleon.o)
                0x0000000000006f50                chameleon_parse
 .text.chameleon_create
                0x0000000000006f6c       0x20 contiki-srf06-cc26xx.a(chameleon.o)
                0x0000000000006f6c                chameleon_create
 .text.chameleon_hdrsize
                0x0000000000006f8c        0xc contiki-srf06-cc26xx.a(chameleon.o)
                0x0000000000006f8c                chameleon_hdrsize
 .text.channel_init
                0x0000000000006f98        0xc contiki-srf06-cc26xx.a(channel.o)
                0x0000000000006f98                channel_init
 .text.channel_open
                0x0000000000006fa4       0x10 contiki-srf06-cc26xx.a(channel.o)
                0x0000000000006fa4                channel_open
 .text.channel_lookup
                0x0000000000006fb4       0x30 contiki-srf06-cc26xx.a(channel.o)
                0x0000000000006fb4                channel_lookup
 .text.channel_set_attributes
                0x0000000000006fe4       0x18 contiki-srf06-cc26xx.a(channel.o)
                0x0000000000006fe4                channel_set_attributes
 .text.announcement_init
                0x0000000000006ffc        0xc contiki-srf06-cc26xx.a(announcement.o)
                0x0000000000006ffc                announcement_init
 .text.announcement_register_observer_callback
                0x0000000000007008        0xc contiki-srf06-cc26xx.a(announcement.o)
                0x0000000000007008                announcement_register_observer_callback
 .text.announcement_list
                0x0000000000007014        0xc contiki-srf06-cc26xx.a(announcement.o)
                0x0000000000007014                announcement_list
 .text.announcement_heard
                0x0000000000007020       0x3c contiki-srf06-cc26xx.a(announcement.o)
                0x0000000000007020                announcement_heard
 .text.sensor_common_read_reg
                0x000000000000705c       0x1c contiki-srf06-cc26xx.a(sensor-common.o)
                0x000000000000705c                sensor_common_read_reg
 .text.sensor_common_write_reg
                0x0000000000007078       0x38 contiki-srf06-cc26xx.a(sensor-common.o)
                0x0000000000007078                sensor_common_write_reg
 .text.sensor_common_set_error_data
                0x00000000000070b0       0x10 contiki-srf06-cc26xx.a(sensor-common.o)
                0x00000000000070b0                sensor_common_set_error_data
 .text.verify_part
                0x00000000000070c0       0x80 contiki-srf06-cc26xx.a(ext-flash.o)
 .text.wait_ready
                0x0000000000007140       0x64 contiki-srf06-cc26xx.a(ext-flash.o)
 .text.power_down
                0x00000000000071a4       0x50 contiki-srf06-cc26xx.a(ext-flash.o)
 .text.ext_flash_open
                0x00000000000071f4       0x60 contiki-srf06-cc26xx.a(ext-flash.o)
                0x00000000000071f4                ext_flash_open
 .text.ext_flash_init
                0x0000000000007254       0x14 contiki-srf06-cc26xx.a(ext-flash.o)
                0x0000000000007254                ext_flash_init
 .text.buzzer_init
                0x0000000000007268        0xc contiki-srf06-cc26xx.a(buzzer.o)
                0x0000000000007268                buzzer_init
 .text.buzzer_stop
                0x0000000000007274       0x74 contiki-srf06-cc26xx.a(buzzer.o)
                0x0000000000007274                buzzer_stop
 .text.accessible
                0x00000000000072e8       0x24 contiki-srf06-cc26xx.a(board-spi.o)
 .text.board_spi_write
                0x000000000000730c       0x3c contiki-srf06-cc26xx.a(board-spi.o)
                0x000000000000730c                board_spi_write
 .text.board_spi_read
                0x0000000000007348       0x48 contiki-srf06-cc26xx.a(board-spi.o)
                0x0000000000007348                board_spi_read
 .text.board_spi_flush
                0x0000000000007390       0x24 contiki-srf06-cc26xx.a(board-spi.o)
                0x0000000000007390                board_spi_flush
 .text.board_spi_open
                0x00000000000073b4       0xbc contiki-srf06-cc26xx.a(board-spi.o)
                0x00000000000073b4                board_spi_open
 .text.board_spi_close
                0x0000000000007470       0x70 contiki-srf06-cc26xx.a(board-spi.o)
                0x0000000000007470                board_spi_close
 .text.aux_ctrl_power_up
                0x00000000000074e0       0x28 contiki-srf06-cc26xx.a(aux-ctrl.o)
                0x00000000000074e0                aux_ctrl_power_up
 .text.aux_ctrl_register_consumer
                0x0000000000007508       0x40 contiki-srf06-cc26xx.a(aux-ctrl.o)
                0x0000000000007508                aux_ctrl_register_consumer
 .text.aux_ctrl_power_down
                0x0000000000007548       0x6c contiki-srf06-cc26xx.a(aux-ctrl.o)
                0x0000000000007548                aux_ctrl_power_down
 .text.aux_ctrl_unregister_consumer
                0x00000000000075b4       0x28 contiki-srf06-cc26xx.a(aux-ctrl.o)
                0x00000000000075b4                aux_ctrl_unregister_consumer
 .text.process_thread_rf_core_process
                0x00000000000075dc       0x58 contiki-srf06-cc26xx.a(rf-core.o)
 .text.rf_core_is_accessible
                0x0000000000007634       0x10 contiki-srf06-cc26xx.a(rf-core.o)
                0x0000000000007634                rf_core_is_accessible
 .text.rf_core_send_cmd
                0x0000000000007644       0x94 contiki-srf06-cc26xx.a(rf-core.o)
                0x0000000000007644                rf_core_send_cmd
 .text.rf_core_wait_cmd_done
                0x00000000000076d8       0x30 contiki-srf06-cc26xx.a(rf-core.o)
                0x00000000000076d8                rf_core_wait_cmd_done
 .text.rf_core_power_up
                0x0000000000007708       0xcc contiki-srf06-cc26xx.a(rf-core.o)
                0x0000000000007708                rf_core_power_up
 .text.rf_core_start_rat
                0x00000000000077d4       0x68 contiki-srf06-cc26xx.a(rf-core.o)
                0x00000000000077d4                rf_core_start_rat
 .text.rf_core_stop_rat
                0x000000000000783c       0x7c contiki-srf06-cc26xx.a(rf-core.o)
                0x000000000000783c                rf_core_stop_rat
 .text.rf_core_power_down
                0x00000000000078b8       0xec contiki-srf06-cc26xx.a(rf-core.o)
                0x00000000000078b8                rf_core_power_down
 .text.rf_core_set_modesel
                0x00000000000079a4       0x44 contiki-srf06-cc26xx.a(rf-core.o)
                0x00000000000079a4                rf_core_set_modesel
 .text.rf_core_boot
                0x00000000000079e8       0x1c contiki-srf06-cc26xx.a(rf-core.o)
                0x00000000000079e8                rf_core_boot
 .text.rf_core_restart_rat
                0x0000000000007a04       0x18 contiki-srf06-cc26xx.a(rf-core.o)
                0x0000000000007a04                rf_core_restart_rat
 .text.rf_core_setup_interrupts
                0x0000000000007a1c       0x74 contiki-srf06-cc26xx.a(rf-core.o)
                0x0000000000007a1c                rf_core_setup_interrupts
 .text.rf_core_cmd_done_en
                0x0000000000007a90       0x28 contiki-srf06-cc26xx.a(rf-core.o)
                0x0000000000007a90                rf_core_cmd_done_en
 .text.rf_core_cmd_done_dis
                0x0000000000007ab8       0x18 contiki-srf06-cc26xx.a(rf-core.o)
                0x0000000000007ab8                rf_core_cmd_done_dis
 .text.rf_core_get_last_radio_op
                0x0000000000007ad0        0xc contiki-srf06-cc26xx.a(rf-core.o)
                0x0000000000007ad0                rf_core_get_last_radio_op
 .text.rf_core_init_radio_op
                0x0000000000007adc       0x1c contiki-srf06-cc26xx.a(rf-core.o)
                0x0000000000007adc                rf_core_init_radio_op
 .text.rf_core_primary_mode_register
                0x0000000000007af8        0xc contiki-srf06-cc26xx.a(rf-core.o)
                0x0000000000007af8                rf_core_primary_mode_register
 .text.RFCCPE1IntHandler
                0x0000000000007b04       0x28 contiki-srf06-cc26xx.a(rf-core.o)
                0x0000000000007b04                RFCCPE1IntHandler
 .text.RFCCPE0IntHandler
                0x0000000000007b2c       0x5c contiki-srf06-cc26xx.a(rf-core.o)
                0x0000000000007b2c                RFCCPE0IntHandler
 .text.rf_ble_is_active
                0x0000000000007b88        0xc contiki-srf06-cc26xx.a(rf-ble.o)
                0x0000000000007b88                rf_ble_is_active
 .text.memb_init
                0x0000000000007b94       0x24 contiki-srf06-cc26xx.a(memb.o)
                0x0000000000007b94                memb_init
 .text.memb_alloc
                0x0000000000007bb8       0x3c contiki-srf06-cc26xx.a(memb.o)
                0x0000000000007bb8                memb_alloc
 .text.memb_free
                0x0000000000007bf4       0x3c contiki-srf06-cc26xx.a(memb.o)
                0x0000000000007bf4                memb_free
 .text.memb_inmemb
                0x0000000000007c30       0x1c contiki-srf06-cc26xx.a(memb.o)
                0x0000000000007c30                memb_inmemb
 .text.NOROM_SetupGetTrimForXoscHfCtl.part.3
                0x0000000000007c4c       0x20 contiki-srf06-cc26xx.a(setup_rom.o)
 .text.NOROM_SetupGetTrimForRadcExtCfg.part.4
                0x0000000000007c6c       0x1c contiki-srf06-cc26xx.a(setup_rom.o)
 .text.NOROM_SetupAfterColdResetWakeupFromShutDownCfg1
                0x0000000000007c88       0x7c contiki-srf06-cc26xx.a(setup_rom.o)
                0x0000000000007c88                NOROM_SetupAfterColdResetWakeupFromShutDownCfg1
 .text.NOROM_SetupAfterColdResetWakeupFromShutDownCfg3
                0x0000000000007d04      0x1a0 contiki-srf06-cc26xx.a(setup_rom.o)
                0x0000000000007d04                NOROM_SetupAfterColdResetWakeupFromShutDownCfg3
 .text.NOROM_SetupGetTrimForAnabypassValue1
                0x0000000000007ea4       0x64 contiki-srf06-cc26xx.a(setup_rom.o)
                0x0000000000007ea4                NOROM_SetupGetTrimForAnabypassValue1
 .text.NOROM_SetupGetTrimForAmpcompCtrl
                0x0000000000007f08       0x74 contiki-srf06-cc26xx.a(setup_rom.o)
                0x0000000000007f08                NOROM_SetupGetTrimForAmpcompCtrl
 .text.NOROM_SetupAfterColdResetWakeupFromShutDownCfg2
                0x0000000000007f7c      0x194 contiki-srf06-cc26xx.a(setup_rom.o)
                0x0000000000007f7c                NOROM_SetupAfterColdResetWakeupFromShutDownCfg2
 .text.NOROM_SetupSetCacheModeAccordingToCcfgSetting
                0x0000000000008110       0x68 contiki-srf06-cc26xx.a(setup_rom.o)
                0x0000000000008110                NOROM_SetupSetCacheModeAccordingToCcfgSetting
 .text.NOROM_AONBatMonTemperatureGetDegC
                0x0000000000008178       0x30 contiki-srf06-cc26xx.a(aon_batmon.o)
                0x0000000000008178                NOROM_AONBatMonTemperatureGetDegC
 .text.queuebuf_init
                0x00000000000081a8       0x1c contiki-srf06-cc26xx.a(queuebuf.o)
                0x00000000000081a8                queuebuf_init
 .text.queuebuf_new_from_packetbuf
                0x00000000000081c4       0x48 contiki-srf06-cc26xx.a(queuebuf.o)
                0x00000000000081c4                queuebuf_new_from_packetbuf
 .text.queuebuf_update_attr_from_packetbuf
                0x000000000000820c        0xc contiki-srf06-cc26xx.a(queuebuf.o)
                0x000000000000820c                queuebuf_update_attr_from_packetbuf
 .text.queuebuf_update_from_packetbuf
                0x0000000000008218       0x1c contiki-srf06-cc26xx.a(queuebuf.o)
                0x0000000000008218                queuebuf_update_from_packetbuf
 .text.queuebuf_free
                0x0000000000008234       0x2c contiki-srf06-cc26xx.a(queuebuf.o)
                0x0000000000008234                queuebuf_free
 .text.queuebuf_to_packetbuf
                0x0000000000008260       0x30 contiki-srf06-cc26xx.a(queuebuf.o)
                0x0000000000008260                queuebuf_to_packetbuf
 .text.queuebuf_attr
                0x0000000000008290        0xc contiki-srf06-cc26xx.a(queuebuf.o)
                0x0000000000008290                queuebuf_attr
 .text.mac_sequence_is_duplicate
                0x000000000000829c       0x50 contiki-srf06-cc26xx.a(mac-sequence.o)
                0x000000000000829c                mac_sequence_is_duplicate
 .text.mac_sequence_register_seqno
                0x00000000000082ec       0x74 contiki-srf06-cc26xx.a(mac-sequence.o)
                0x00000000000082ec                mac_sequence_register_seqno
 .text.parse    0x0000000000008360       0xa8 contiki-srf06-cc26xx.a(framer-802154.o)
 .text.create_frame.isra.0
                0x0000000000008408      0x140 contiki-srf06-cc26xx.a(framer-802154.o)
 .text.create   0x0000000000008548        0x8 contiki-srf06-cc26xx.a(framer-802154.o)
 .text.hdr_length
                0x0000000000008550        0x8 contiki-srf06-cc26xx.a(framer-802154.o)
 .text.frame802154_get_pan_id
                0x0000000000008558        0xc contiki-srf06-cc26xx.a(frame802154.o)
                0x0000000000008558                frame802154_get_pan_id
 .text.frame802154_has_panid
                0x0000000000008564       0xac contiki-srf06-cc26xx.a(frame802154.o)
                0x0000000000008564                frame802154_has_panid
 .text.field_len
                0x0000000000008610       0x88 contiki-srf06-cc26xx.a(frame802154.o)
 .text.frame802154_is_broadcast_addr
                0x0000000000008698       0x20 contiki-srf06-cc26xx.a(frame802154.o)
                0x0000000000008698                frame802154_is_broadcast_addr
 .text.frame802154_hdrlen
                0x00000000000086b8       0x34 contiki-srf06-cc26xx.a(frame802154.o)
                0x00000000000086b8                frame802154_hdrlen
 .text.frame802154_create_fcf
                0x00000000000086ec       0x64 contiki-srf06-cc26xx.a(frame802154.o)
                0x00000000000086ec                frame802154_create_fcf
 .text.frame802154_create
                0x0000000000008750       0xbc contiki-srf06-cc26xx.a(frame802154.o)
                0x0000000000008750                frame802154_create
 .text.frame802154_parse_fcf
                0x000000000000880c       0x44 contiki-srf06-cc26xx.a(frame802154.o)
                0x000000000000880c                frame802154_parse_fcf
 .text.frame802154_parse
                0x0000000000008850      0x138 contiki-srf06-cc26xx.a(frame802154.o)
                0x0000000000008850                frame802154_parse
 .text.mac_call_sent_callback
                0x0000000000008988       0x18 contiki-srf06-cc26xx.a(mac.o)
                0x0000000000008988                mac_call_sent_callback
 .text.header_size
                0x00000000000089a0       0x1c contiki-srf06-cc26xx.a(chameleon-bitop)
 .text.get_bits
                0x00000000000089bc       0xa8 contiki-srf06-cc26xx.a(chameleon-bitop)
                0x00000000000089bc                get_bits
 .text.unpack_header
                0x0000000000008a64       0xb8 contiki-srf06-cc26xx.a(chameleon-bitop)
 .text.set_bits
                0x0000000000008b1c       0xd4 contiki-srf06-cc26xx.a(chameleon-bitop)
                0x0000000000008b1c                set_bits
 .text.pack_header
                0x0000000000008bf0       0xa8 contiki-srf06-cc26xx.a(chameleon-bitop)
 .text          0x0000000000008c98       0x10 /usr/lib/gcc/arm-none-eabi/5.4.1/../../../arm-none-eabi/lib/armv7-m/libm.a(lib_a-w_exp2.o)
                0x0000000000008c98                exp2
 .text          0x0000000000008ca8      0x330 /usr/lib/gcc/arm-none-eabi/5.4.1/../../../arm-none-eabi/lib/armv7-m/libm.a(lib_a-w_pow.o)
                0x0000000000008ca8                pow
 .text          0x0000000000008fd8      0x188 /usr/lib/gcc/arm-none-eabi/5.4.1/../../../arm-none-eabi/lib/armv7-m/libm.a(lib_a-e_sqrt.o)
                0x0000000000008fd8                __ieee754_sqrt
 .text          0x0000000000009160        0x8 /usr/lib/gcc/arm-none-eabi/5.4.1/../../../arm-none-eabi/lib/armv7-m/libm.a(lib_a-s_fabs.o)
                0x0000000000009160                fabs
 .text          0x0000000000009168        0xc /usr/lib/gcc/arm-none-eabi/5.4.1/../../../arm-none-eabi/lib/armv7-m/libm.a(lib_a-s_finite.o)
                0x0000000000009168                finite
 .text          0x0000000000009174        0x4 /usr/lib/gcc/arm-none-eabi/5.4.1/../../../arm-none-eabi/lib/armv7-m/libm.a(lib_a-s_matherr.o)
                0x0000000000009174                matherr
 .text          0x0000000000009178        0xc /usr/lib/gcc/arm-none-eabi/5.4.1/../../../arm-none-eabi/lib/armv7-m/libm.a(lib_a-s_nan.o)
                0x0000000000009178                nan
 .text          0x0000000000009184      0x120 /usr/lib/gcc/arm-none-eabi/5.4.1/../../../arm-none-eabi/lib/armv7-m/libm.a(lib_a-s_rint.o)
                0x0000000000009184                rint
 .text          0x00000000000092a4       0x10 /usr/lib/gcc/arm-none-eabi/5.4.1/../../../arm-none-eabi/lib/armv7-m/libm.a(lib_a-s_copysign.o)
                0x00000000000092a4                copysign
 .text          0x00000000000092b4      0x370 /usr/lib/gcc/arm-none-eabi/5.4.1/armv7-m/libgcc.a(_arm_addsubdf3.o)
                0x00000000000092b4                __aeabi_drsub
                0x00000000000092bc                __aeabi_dsub
                0x00000000000092bc                __subdf3
                0x00000000000092c0                __adddf3
                0x00000000000092c0                __aeabi_dadd
                0x0000000000009538                __aeabi_ui2d
                0x0000000000009538                __floatunsidf
                0x0000000000009558                __floatsidf
                0x0000000000009558                __aeabi_i2d
                0x000000000000957c                __extendsfdf2
                0x000000000000957c                __aeabi_f2d
                0x00000000000095b8                __aeabi_ul2d
                0x00000000000095b8                __floatundidf
                0x00000000000095c8                __floatdidf
                0x00000000000095c8                __aeabi_l2d
 .text          0x0000000000009624      0x424 /usr/lib/gcc/arm-none-eabi/5.4.1/armv7-m/libgcc.a(_arm_muldivdf3.o)
                0x0000000000009624                __aeabi_dmul
                0x0000000000009624                __muldf3
                0x0000000000009878                __aeabi_ddiv
                0x0000000000009878                __divdf3
 .text          0x0000000000009a48      0x110 /usr/lib/gcc/arm-none-eabi/5.4.1/armv7-m/libgcc.a(_arm_cmpdf2.o)
                0x0000000000009a48                __gtdf2
                0x0000000000009a48                __gedf2
                0x0000000000009a50                __ltdf2
                0x0000000000009a50                __ledf2
                0x0000000000009a58                __cmpdf2
                0x0000000000009a58                __eqdf2
                0x0000000000009a58                __nedf2
                0x0000000000009ad4                __aeabi_cdrcmple
                0x0000000000009ae4                __aeabi_cdcmple
                0x0000000000009ae4                __aeabi_cdcmpeq
                0x0000000000009af4                __aeabi_dcmpeq
                0x0000000000009b08                __aeabi_dcmplt
                0x0000000000009b1c                __aeabi_dcmple
                0x0000000000009b30                __aeabi_dcmpge
                0x0000000000009b44                __aeabi_dcmpgt
 .text          0x0000000000009b58       0x2c /usr/lib/gcc/arm-none-eabi/5.4.1/armv7-m/libgcc.a(_arm_unorddf2.o)
                0x0000000000009b58                __aeabi_dcmpun
                0x0000000000009b58                __unorddf2
 .text          0x0000000000009b84       0xa0 /usr/lib/gcc/arm-none-eabi/5.4.1/armv7-m/libgcc.a(_arm_truncdfsf2.o)
                0x0000000000009b84                __aeabi_d2f
                0x0000000000009b84                __truncdfsf2
 .text          0x0000000000009c24      0x21c /usr/lib/gcc/arm-none-eabi/5.4.1/armv7-m/libgcc.a(_arm_addsubsf3.o)
                0x0000000000009c24                __aeabi_frsub
                0x0000000000009c2c                __subsf3
                0x0000000000009c2c                __aeabi_fsub
                0x0000000000009c30                __aeabi_fadd
                0x0000000000009c30                __addsf3
                0x0000000000009d90                __aeabi_ui2f
                0x0000000000009d90                __floatunsisf
                0x0000000000009d98                __aeabi_i2f
                0x0000000000009d98                __floatsisf
                0x0000000000009db4                __floatundisf
                0x0000000000009db4                __aeabi_ul2f
                0x0000000000009dc4                __floatdisf
                0x0000000000009dc4                __aeabi_l2f
 .text          0x0000000000009e40      0x2a0 /usr/lib/gcc/arm-none-eabi/5.4.1/armv7-m/libgcc.a(_arm_muldivsf3.o)
                0x0000000000009e40                __mulsf3
                0x0000000000009e40                __aeabi_fmul
                0x0000000000009fa8                __divsf3
                0x0000000000009fa8                __aeabi_fdiv
 .text          0x000000000000a0e0       0x4c /usr/lib/gcc/arm-none-eabi/5.4.1/armv7-m/libgcc.a(_arm_fixsfsi.o)
                0x000000000000a0e0                __fixsfsi
                0x000000000000a0e0                __aeabi_f2iz
 .text          0x000000000000a12c       0x30 /usr/lib/gcc/arm-none-eabi/5.4.1/armv7-m/libgcc.a(_aeabi_uldivmod.o)
                0x000000000000a12c                __aeabi_uldivmod
 .text          0x000000000000a15c      0x2ec /usr/lib/gcc/arm-none-eabi/5.4.1/armv7-m/libgcc.a(_udivmoddi4.o)
                0x000000000000a15c                __udivmoddi4
 .text          0x000000000000a448        0x4 /usr/lib/gcc/arm-none-eabi/5.4.1/armv7-m/libgcc.a(_dvmd_tls.o)
                0x000000000000a448                __aeabi_ldiv0
                0x000000000000a448                __aeabi_idiv0
 .text          0x000000000000a44c        0xc /usr/lib/gcc/arm-none-eabi/5.4.1/../../../arm-none-eabi/lib/armv7-m/libc.a(lib_a-errno.o)
                0x000000000000a44c                __errno
 .text          0x000000000000a458       0x64 /usr/lib/gcc/arm-none-eabi/5.4.1/../../../arm-none-eabi/lib/armv7-m/libc.a(lib_a-memcmp.o)
                0x000000000000a458                memcmp
 .text          0x000000000000a4bc       0xec /usr/lib/gcc/arm-none-eabi/5.4.1/../../../arm-none-eabi/lib/armv7-m/libc.a(lib_a-memcpy.o)
                0x000000000000a4bc                memcpy
 .text          0x000000000000a5a8       0x9c /usr/lib/gcc/arm-none-eabi/5.4.1/../../../arm-none-eabi/lib/armv7-m/libc.a(lib_a-memset.o)
                0x000000000000a5a8                memset
 .text          0x000000000000a644       0x5c /usr/lib/gcc/arm-none-eabi/5.4.1/../../../arm-none-eabi/lib/armv7-m/libc.a(lib_a-strlen-stub.o)
                0x000000000000a644                strlen
 *(SORT(.rodata*))
 .rodata        0x000000000000a6a0       0x10 /usr/lib/gcc/arm-none-eabi/5.4.1/../../../arm-none-eabi/lib/armv7-m/libm.a(lib_a-s_rint.o)
 .rodata.autostart_processes
                0x000000000000a6b0        0x8 p_flat.co
                0x000000000000a6b0                autostart_processes
 .rodata.str1.4
                0x000000000000a6b8       0x3a p_flat.co
 *fill*         0x000000000000a6f2        0x2 00000000
 .rodata.str1.4
                0x000000000000a6f4       0xf2 contiki-srf06-cc26xx.a(contiki-main.o)
 *fill*         0x000000000000a7e6        0x2 00000000
 .rodata.str1.4
                0x000000000000a7e8        0x8 contiki-srf06-cc26xx.a(sensors.o)
 .rodata.str1.4
                0x000000000000a7f0        0x7 contiki-srf06-cc26xx.a(bmp-280-sensor.)
 *fill*         0x000000000000a7f7        0x1 00000000
 .rodata.bmp_280_sensor
                0x000000000000a7f8       0x10 contiki-srf06-cc26xx.a(bmp-280-sensor.)
                0x000000000000a7f8                bmp_280_sensor
 .rodata.tmp_007_sensor
                0x000000000000a808       0x10 contiki-srf06-cc26xx.a(tmp-007-sensor.)
                0x000000000000a808                tmp_007_sensor
 .rodata.str1.4
                0x000000000000a818        0x7 contiki-srf06-cc26xx.a(tmp-007-sensor.)
 *fill*         0x000000000000a81f        0x1 00000000
 .rodata.str1.4
                0x000000000000a820        0x8 contiki-srf06-cc26xx.a(opt-3001-sensor)
 .rodata.opt_3001_sensor
                0x000000000000a828       0x10 contiki-srf06-cc26xx.a(opt-3001-sensor)
                0x000000000000a828                opt_3001_sensor
 .rodata.hdc_1000_sensor
                0x000000000000a838       0x10 contiki-srf06-cc26xx.a(hdc-1000-sensor)
                0x000000000000a838                hdc_1000_sensor
 .rodata.str1.4
                0x000000000000a848        0x8 contiki-srf06-cc26xx.a(hdc-1000-sensor)
 .rodata.mpu_9250_sensor
                0x000000000000a850       0x10 contiki-srf06-cc26xx.a(mpu-9250-sensor)
                0x000000000000a850                mpu_9250_sensor
 .rodata.str1.4
                0x000000000000a860        0x8 contiki-srf06-cc26xx.a(mpu-9250-sensor)
 .rodata.button_left_sensor
                0x000000000000a868       0x10 contiki-srf06-cc26xx.a(button-sensor.o)
                0x000000000000a868                button_left_sensor
 .rodata.str1.4
                0x000000000000a878        0x7 contiki-srf06-cc26xx.a(button-sensor.o)
 *fill*         0x000000000000a87f        0x1 00000000
 .rodata.button_right_sensor
                0x000000000000a880       0x10 contiki-srf06-cc26xx.a(button-sensor.o)
                0x000000000000a880                button_right_sensor
 .rodata.reed_relay_sensor
                0x000000000000a890       0x10 contiki-srf06-cc26xx.a(reed-relay.o)
                0x000000000000a890                reed_relay_sensor
 .rodata.str1.4
                0x000000000000a8a0        0x5 contiki-srf06-cc26xx.a(reed-relay.o)
 *fill*         0x000000000000a8a5        0x3 00000000
 .rodata.output_power
                0x000000000000a8a8       0x68 contiki-srf06-cc26xx.a(ieee-mode.o)
 .rodata.ieee_mode_driver
                0x000000000000a910       0x38 contiki-srf06-cc26xx.a(ieee-mode.o)
                0x000000000000a910                ieee_mode_driver
 .rodata.mode_ieee
                0x000000000000a948        0x8 contiki-srf06-cc26xx.a(ieee-mode.o)
 .rodata.str1.4
                0x000000000000a950       0x1b contiki-srf06-cc26xx.a(soc-trng.o)
 *fill*         0x000000000000a96b        0x1 00000000
 .rodata.buffer.4106
                0x000000000000a96c       0x10 contiki-srf06-cc26xx.a(strformat.o)
 .rodata.buffer.4115
                0x000000000000a97c       0x10 contiki-srf06-cc26xx.a(strformat.o)
 .rodata.str1.4
                0x000000000000a98c       0x46 contiki-srf06-cc26xx.a(strformat.o)
 *fill*         0x000000000000a9d2        0x2 00000000
 .rodata.str1.4
                0x000000000000a9d4        0xc contiki-srf06-cc26xx.a(etimer.o)
 .rodata.str1.4
                0x000000000000a9e0        0xf contiki-srf06-cc26xx.a(ctimer.o)
 *fill*         0x000000000000a9ef        0x1 00000000
 .rodata.str1.4
                0x000000000000a9f0        0xe contiki-srf06-cc26xx.a(serial-line.o)
 *fill*         0x000000000000a9fe        0x2 00000000
 .rodata.linkaddr_null
                0x000000000000aa00        0x2 contiki-srf06-cc26xx.a(linkaddr.o)
                0x000000000000aa00                linkaddr_null
 *fill*         0x000000000000aa02        0x2 00000000
 .rodata.csma_driver
                0x000000000000aa04       0x1c contiki-srf06-cc26xx.a(csma.o)
                0x000000000000aa04                csma_driver
 .rodata.str1.4
                0x000000000000aa20        0x5 contiki-srf06-cc26xx.a(csma.o)
 *fill*         0x000000000000aa25        0x3 00000000
 .rodata.contikimac_driver
                0x000000000000aa28       0x20 contiki-srf06-cc26xx.a(contikimac.o)
                0x000000000000aa28                contikimac_driver
 .rodata.str1.4
                0x000000000000aa48        0xb contiki-srf06-cc26xx.a(contikimac.o)
 *fill*         0x000000000000aa53        0x1 00000000
 .rodata.str1.4
                0x000000000000aa54        0x8 contiki-srf06-cc26xx.a(nullsec.o)
 .rodata.nullsec_driver
                0x000000000000aa5c       0x10 contiki-srf06-cc26xx.a(nullsec.o)
                0x000000000000aa5c                nullsec_driver
 .rodata.str1.4
                0x000000000000aa6c        0x5 contiki-srf06-cc26xx.a(rime.o)
 *fill*         0x000000000000aa71        0x3 00000000
 .rodata.rime_driver
                0x000000000000aa74        0xc contiki-srf06-cc26xx.a(rime.o)
                0x000000000000aa74                rime_driver
 .rodata.broadcast_callbacks
                0x000000000000aa80        0x8 contiki-srf06-cc26xx.a(broadcast-annou)
 .rodata.attributes
                0x000000000000aa88        0x2 contiki-srf06-cc26xx.a(abc.o)
 *fill*         0x000000000000aa8a        0x2 00000000
 .rodata.attributes
                0x000000000000aa8c        0x4 contiki-srf06-cc26xx.a(broadcast.o)
 .rodata.broadcast
                0x000000000000aa90        0x8 contiki-srf06-cc26xx.a(broadcast.o)
 .rodata        0x000000000000aa98        0x4 contiki-srf06-cc26xx.a(ext-flash.o)
 .rodata.str1.4
                0x000000000000aa9c       0x46 contiki-srf06-cc26xx.a(rf-core.o)
 *fill*         0x000000000000aae2        0x2 00000000
 .rodata.framer_802154
                0x000000000000aae4        0xc contiki-srf06-cc26xx.a(framer-802154.o)
                0x000000000000aae4                framer_802154
 .rodata.chameleon_bitopt
                0x000000000000aaf0        0xc contiki-srf06-cc26xx.a(chameleon-bitop)
                0x000000000000aaf0                chameleon_bitopt
 .rodata.bitmask
                0x000000000000aafc        0x9 contiki-srf06-cc26xx.a(chameleon-bitop)
 *fill*         0x000000000000ab05        0x3 00000000
 .rodata.str1.4
                0x000000000000ab08        0x4 /usr/lib/gcc/arm-none-eabi/5.4.1/../../../arm-none-eabi/lib/armv7-m/libm.a(lib_a-w_pow.o)
 .rodata.str1.4
                0x000000000000ab0c        0x4 /usr/lib/gcc/arm-none-eabi/5.4.1/../../../arm-none-eabi/lib/armv7-m/libm.a(lib_a-e_pow.o)
                                          0x1 (size before relaxing)
 .rodata.str1.4
                0x000000000000ab0c        0x4 /usr/lib/gcc/arm-none-eabi/5.4.1/../../../arm-none-eabi/lib/armv7-m/libc.a(lib_a-impure.o)
                                          0x2 (size before relaxing)
                0x000000000000ab10                _etext = .

.glue_7         0x000000000000ab10        0x0
 .glue_7        0x000000000000ab10        0x0 linker stubs

.glue_7t        0x000000000000ab10        0x0
 .glue_7t       0x000000000000ab10        0x0 linker stubs

.vfp11_veneer   0x000000000000ab10        0x0
 .vfp11_veneer  0x000000000000ab10        0x0 linker stubs

.v4_bx          0x000000000000ab10        0x0
 .v4_bx         0x000000000000ab10        0x0 linker stubs

.iplt           0x000000000000ab10        0x0
 .iplt          0x000000000000ab10        0x0 obj_srf06-cc26xx/startup_gcc.o

.data           0x0000000020000000      0x5a1 load address 0x000000000000ab10
                0x0000000020000000                _data = .
 *(SORT(vtable))
 *(SORT(.data*))
 .data          0x0000000020000000      0x430 /usr/lib/gcc/arm-none-eabi/5.4.1/../../../arm-none-eabi/lib/armv7-m/libc.a(lib_a-impure.o)
                0x0000000020000000                _impure_ptr
 .data.p_sensors_process
                0x0000000020000430       0x10 p_flat.co
                0x0000000020000430                p_sensors_process
 .data.sensors_process
                0x0000000020000440       0x10 contiki-srf06-cc26xx.a(sensors.o)
                0x0000000020000440                sensors_process
 .data.sensors  0x0000000020000450       0x24 contiki-srf06-cc26xx.a(sensortag-senso)
                0x0000000020000450                sensors
 .data.sensortag_module
                0x0000000020000474       0x14 contiki-srf06-cc26xx.a(board.o)
 .data.uart_module
                0x0000000020000488       0x14 contiki-srf06-cc26xx.a(cc26xx-uart.o)
 .data.tx_power_current
                0x000000002000049c        0x4 contiki-srf06-cc26xx.a(ieee-mode.o)
                0x000000002000049c                tx_power_current
 .data.cc26xx_rf_lpm_module
                0x00000000200004a0       0x14 contiki-srf06-cc26xx.a(ieee-mode.o)
 .data.ieee_overrides
                0x00000000200004b4       0x2c contiki-srf06-cc26xx.a(ieee-mode.o)
 .data.rng_module
                0x00000000200004e0       0x14 contiki-srf06-cc26xx.a(soc-trng.o)
 .data.soc_trng_process
                0x00000000200004f4       0x10 contiki-srf06-cc26xx.a(soc-trng.o)
                0x00000000200004f4                soc_trng_process
 .data.ctxt     0x0000000020000504        0x8 contiki-srf06-cc26xx.a(dbg-printf.o)
 .data.etimer_process
                0x000000002000050c       0x10 contiki-srf06-cc26xx.a(etimer.o)
                0x000000002000050c                etimer_process
 .data.ctimer_process
                0x000000002000051c       0x10 contiki-srf06-cc26xx.a(ctimer.o)
                0x000000002000051c                ctimer_process
 .data.serial_line_process
                0x000000002000052c       0x10 contiki-srf06-cc26xx.a(serial-line.o)
                0x000000002000052c                serial_line_process
 .data.metadata_memb
                0x000000002000053c        0xc contiki-srf06-cc26xx.a(csma.o)
 .data.packet_memb
                0x0000000020000548        0xc contiki-srf06-cc26xx.a(csma.o)
 .data.neighbor_memb
                0x0000000020000554        0xc contiki-srf06-cc26xx.a(csma.o)
 .data.buzzer_module
                0x0000000020000560       0x14 contiki-srf06-cc26xx.a(buzzer.o)
 .data.rf_core_process
                0x0000000020000574       0x10 contiki-srf06-cc26xx.a(rf-core.o)
                0x0000000020000574                rf_core_process
 .data.bufmem   0x0000000020000584        0xc contiki-srf06-cc26xx.a(queuebuf.o)
 .data.buframmem
                0x0000000020000590        0xc contiki-srf06-cc26xx.a(queuebuf.o)
 .data.mac_pan_id
                0x000000002000059c        0x2 contiki-srf06-cc26xx.a(frame802154.o)
 .data.interface
                0x000000002000059e        0x1 contiki-srf06-cc26xx.a(board-i2c.o)
 .data.rng_ready_event
                0x000000002000059f        0x1 contiki-srf06-cc26xx.a(soc-trng.o)
 .data          0x00000000200005a0        0x1 /usr/lib/gcc/arm-none-eabi/5.4.1/../../../arm-none-eabi/lib/armv7-m/libm.a(lib_a-s_lib_ver.o)
                0x00000000200005a0                __fdlib_version
                0x00000000200005a1                _edata = .

.igot.plt       0x00000000200005a4        0x0 load address 0x000000000000b0b1
 .igot.plt      0x00000000200005a4        0x0 obj_srf06-cc26xx/startup_gcc.o

.ARM.exidx      0x000000000000b0b4        0x8
 *(SORT(.ARM.exidx*))
 .ARM.exidx     0x000000000000b0b4        0x8 /usr/lib/gcc/arm-none-eabi/5.4.1/armv7-m/libgcc.a(_udivmoddi4.o)

.bss            0x00000000200005a8     0x1264
                0x00000000200005a8                _bss = .
 *(SORT(.bss*))
 .bss.count     0x00000000200005a8        0x8 contiki-srf06-cc26xx.a(clock.o)
 .bss.rands_cache
                0x00000000200005b0       0x20 contiki-srf06-cc26xx.a(soc-trng.o)
 .bss.i.4895    0x00000000200005d0        0x4 contiki-srf06-cc26xx.a(sensors.o)
 .bss.events.4896
                0x00000000200005d4        0x4 contiki-srf06-cc26xx.a(sensors.o)
 .bss.inited    0x00000000200005d8        0x4 contiki-srf06-cc26xx.a(leds-arch.o)
 .bss.sensor_value
                0x00000000200005dc        0x6 contiki-srf06-cc26xx.a(bmp-280-sensor.)
 *fill*         0x00000000200005e2        0x2 
 .bss.calibration_data
                0x00000000200005e4       0x1c contiki-srf06-cc26xx.a(bmp-280-sensor.)
 .bss.startup_timer
                0x0000000020000600       0x20 contiki-srf06-cc26xx.a(bmp-280-sensor.)
 .bss.enabled   0x0000000020000620        0x4 contiki-srf06-cc26xx.a(bmp-280-sensor.)
 .bss.obj_temp_latched
                0x0000000020000624        0x4 contiki-srf06-cc26xx.a(tmp-007-sensor.)
 .bss.startup_timer
                0x0000000020000628       0x20 contiki-srf06-cc26xx.a(tmp-007-sensor.)
 .bss.enabled   0x0000000020000648        0x4 contiki-srf06-cc26xx.a(tmp-007-sensor.)
 .bss.buf       0x000000002000064c        0x4 contiki-srf06-cc26xx.a(tmp-007-sensor.)
 .bss.amb_temp_latched
                0x0000000020000650        0x4 contiki-srf06-cc26xx.a(tmp-007-sensor.)
 .bss.startup_timer
                0x0000000020000654       0x20 contiki-srf06-cc26xx.a(opt-3001-sensor)
 .bss.state     0x0000000020000674        0x4 contiki-srf06-cc26xx.a(opt-3001-sensor)
 .bss.startup_timer
                0x0000000020000678       0x20 contiki-srf06-cc26xx.a(hdc-1000-sensor)
 .bss.enabled   0x0000000020000698        0x4 contiki-srf06-cc26xx.a(hdc-1000-sensor)
 .bss.data      0x000000002000069c        0x4 contiki-srf06-cc26xx.a(hdc-1000-sensor)
 .bss.sensor_value
                0x00000000200006a0        0x6 contiki-srf06-cc26xx.a(mpu-9250-sensor)
 *fill*         0x00000000200006a6        0x2 
 .bss.startup_timer
                0x00000000200006a8       0x20 contiki-srf06-cc26xx.a(mpu-9250-sensor)
 .bss.state     0x00000000200006c8        0x4 contiki-srf06-cc26xx.a(mpu-9250-sensor)
 .bss.elements  0x00000000200006cc        0x4 contiki-srf06-cc26xx.a(mpu-9250-sensor)
 .bss.right_timer
                0x00000000200006d0       0x10 contiki-srf06-cc26xx.a(button-sensor.o)
 .bss.left_timer
                0x00000000200006e0       0x10 contiki-srf06-cc26xx.a(button-sensor.o)
 .bss.debouncetimer
                0x00000000200006f0        0x8 contiki-srf06-cc26xx.a(reed-relay.o)
 .bss.last_isr_time
                0x00000000200006f8        0x4 contiki-srf06-cc26xx.a(soc-rtc.o)
 .bss.input_handler
                0x00000000200006fc        0x4 contiki-srf06-cc26xx.a(cc26xx-uart.o)
 .bss.modules_list_list
                0x0000000020000700        0x4 contiki-srf06-cc26xx.a(lpm.o)
 .bss.handlers  0x0000000020000704       0x80 contiki-srf06-cc26xx.a(gpio-interrupt.)
 .bss.rat_overflow_timer
                0x0000000020000784       0x20 contiki-srf06-cc26xx.a(ieee-mode.o)
 .bss.filter_cmd
                0x00000000200007a4        0x8 contiki-srf06-cc26xx.a(ieee-mode.o)
 .bss.rx_data_queue
                0x00000000200007ac        0x8 contiki-srf06-cc26xx.a(ieee-mode.o)
 .bss.rx_read_entry
                0x00000000200007b4        0x4 contiki-srf06-cc26xx.a(ieee-mode.o)
 .bss.last_value.8738
                0x00000000200007b8        0x4 contiki-srf06-cc26xx.a(ieee-mode.o)
 .bss.cmd_ieee_rx_buf
                0x00000000200007bc       0x80 contiki-srf06-cc26xx.a(ieee-mode.o)
 .bss.tx_buf    0x000000002000083c       0xb6 contiki-srf06-cc26xx.a(ieee-mode.o)
 *fill*         0x00000000200008f2        0x2 
 .bss.rat_overflow_counter
                0x00000000200008f4        0x4 contiki-srf06-cc26xx.a(ieee-mode.o)
 .bss.rf_stats  0x00000000200008f8       0x10 contiki-srf06-cc26xx.a(ieee-mode.o)
 .bss.rx_buf_0  0x0000000020000908       0x90 contiki-srf06-cc26xx.a(ieee-mode.o)
 .bss.rx_buf_1  0x0000000020000998       0x90 contiki-srf06-cc26xx.a(ieee-mode.o)
 .bss.last_rat_overflow
                0x0000000020000a28        0x4 contiki-srf06-cc26xx.a(ieee-mode.o)
 .bss.rx_buf_3  0x0000000020000a2c       0x90 contiki-srf06-cc26xx.a(ieee-mode.o)
 .bss.rx_buf_2  0x0000000020000abc       0x90 contiki-srf06-cc26xx.a(ieee-mode.o)
 .bss.last_packet_timestamp
                0x0000000020000b4c        0x4 contiki-srf06-cc26xx.a(ieee-mode.o)
 .bss.notify_cb
                0x0000000020000b50        0x4 contiki-srf06-cc26xx.a(soc-trng.o)
 .bss.rands_mask
                0x0000000020000b54        0x4 contiki-srf06-cc26xx.a(soc-trng.o)
 .bss.timerlist
                0x0000000020000b58        0x4 contiki-srf06-cc26xx.a(etimer.o)
 .bss.next_expiration
                0x0000000020000b5c        0x4 contiki-srf06-cc26xx.a(etimer.o)
 .bss.ctimer_list_list
                0x0000000020000b60        0x4 contiki-srf06-cc26xx.a(ctimer.o)
 .bss.process_current
                0x0000000020000b64        0x4 contiki-srf06-cc26xx.a(process.o)
                0x0000000020000b64                process_current
 .bss.process_list
                0x0000000020000b68        0x4 contiki-srf06-cc26xx.a(process.o)
                0x0000000020000b68                process_list
 .bss.events    0x0000000020000b6c      0x180 contiki-srf06-cc26xx.a(process.o)
 .bss.next_rtimer
                0x0000000020000cec        0x4 contiki-srf06-cc26xx.a(rtimer.o)
 .bss.rxbuf_data
                0x0000000020000cf0       0x80 contiki-srf06-cc26xx.a(serial-line.o)
 .bss.ptr.4880  0x0000000020000d70        0x4 contiki-srf06-cc26xx.a(serial-line.o)
 .bss.rxbuf     0x0000000020000d74        0x8 contiki-srf06-cc26xx.a(serial-line.o)
 .bss.buf.4879  0x0000000020000d7c       0x80 contiki-srf06-cc26xx.a(serial-line.o)
 .bss.powerQualGlobals
                0x0000000020000dfc        0x8 contiki-srf06-cc26xx.a(sys_ctrl.o)
 .bss.packetbuf_aligned
                0x0000000020000e04       0x80 contiki-srf06-cc26xx.a(packetbuf.o)
 .bss.metadata_memb_memb_count
                0x0000000020000e84        0x8 contiki-srf06-cc26xx.a(csma.o)
 .bss.packet_memb_memb_count
                0x0000000020000e8c        0x8 contiki-srf06-cc26xx.a(csma.o)
 .bss.metadata_memb_memb_mem
                0x0000000020000e94       0x60 contiki-srf06-cc26xx.a(csma.o)
 .bss.neighbor_list_list
                0x0000000020000ef4        0x4 contiki-srf06-cc26xx.a(csma.o)
 .bss.packet_memb_memb_mem
                0x0000000020000ef8       0x60 contiki-srf06-cc26xx.a(csma.o)
 .bss.neighbor_memb_memb_count
                0x0000000020000f58        0x2 contiki-srf06-cc26xx.a(csma.o)
 *fill*         0x0000000020000f5a        0x2 
 .bss.neighbor_memb_memb_mem
                0x0000000020000f5c       0x68 contiki-srf06-cc26xx.a(csma.o)
 .bss.cycle_start
                0x0000000020000fc4        0x4 contiki-srf06-cc26xx.a(contikimac.o)
 .bss.we_are_receiving_burst
                0x0000000020000fc8        0x4 contiki-srf06-cc26xx.a(contikimac.o)
 .bss.rt        0x0000000020000fcc        0xc contiki-srf06-cc26xx.a(contikimac.o)
 .bss.ct.7028   0x0000000020000fd8       0x20 contiki-srf06-cc26xx.a(contikimac.o)
 .bss.pt        0x0000000020000ff8        0x2 contiki-srf06-cc26xx.a(contikimac.o)
 *fill*         0x0000000020000ffa        0x2 
 .bss.start.6953
                0x0000000020000ffc        0x4 contiki-srf06-cc26xx.a(contikimac.o)
 .bss.sniffers_list
                0x0000000020001000        0x4 contiki-srf06-cc26xx.a(rime.o)
 .bss.c         0x0000000020001004       0x6c contiki-srf06-cc26xx.a(broadcast-annou)
 .bss.channel_list_list
                0x0000000020001070        0x4 contiki-srf06-cc26xx.a(channel.o)
 .bss.announcements_list
                0x0000000020001074        0x4 contiki-srf06-cc26xx.a(announcement.o)
 .bss.observer_callback
                0x0000000020001078        0x4 contiki-srf06-cc26xx.a(announcement.o)
 .bss.buffer    0x000000002000107c       0x20 contiki-srf06-cc26xx.a(sensor-common.o)
 .bss.consumers_list_list
                0x000000002000109c        0x4 contiki-srf06-cc26xx.a(aux-ctrl.o)
 .bss.last_radio_op
                0x00000000200010a0        0x4 contiki-srf06-cc26xx.a(rf-core.o)
 .bss.primary_mode
                0x00000000200010a4        0x4 contiki-srf06-cc26xx.a(rf-core.o)
 .bss.rat_offset
                0x00000000200010a8        0x4 contiki-srf06-cc26xx.a(rf-core.o)
                0x00000000200010a8                rat_offset
 .bss.buframmem_memb_count
                0x00000000200010ac        0x8 contiki-srf06-cc26xx.a(queuebuf.o)
 .bss.bufmem_memb_mem
                0x00000000200010b4       0x20 contiki-srf06-cc26xx.a(queuebuf.o)
 .bss.buframmem_memb_mem
                0x00000000200010d4      0x5f0 contiki-srf06-cc26xx.a(queuebuf.o)
 .bss.bufmem_memb_count
                0x00000000200016c4        0x8 contiki-srf06-cc26xx.a(queuebuf.o)
 .bss.received_seqnos
                0x00000000200016cc       0xc0 contiki-srf06-cc26xx.a(mac-sequence.o)
 .bss.node_id   0x000000002000178c        0x2 contiki-srf06-cc26xx.a(contiki-main.o)
                0x000000002000178c                node_id
 .bss.val       0x000000002000178e        0x2 contiki-srf06-cc26xx.a(tmp-007-sensor.)
 .bss.raw_temp  0x0000000020001790        0x2 contiki-srf06-cc26xx.a(hdc-1000-sensor)
 .bss.raw_hum   0x0000000020001792        0x2 contiki-srf06-cc26xx.a(hdc-1000-sensor)
 .bss.buflen    0x0000000020001794        0x2 contiki-srf06-cc26xx.a(packetbuf.o)
 .bss.bufptr    0x0000000020001796        0x2 contiki-srf06-cc26xx.a(packetbuf.o)
 .bss.seqno.6228
                0x0000000020001798        0x2 contiki-srf06-cc26xx.a(csma.o)
 .bss.num_sensors
                0x000000002000179a        0x1 contiki-srf06-cc26xx.a(sensors.o)
 .bss.leds      0x000000002000179b        0x1 contiki-srf06-cc26xx.a(leds.o)
 .bss.c         0x000000002000179c        0x1 contiki-srf06-cc26xx.a(leds-arch.o)
 .bss.success   0x000000002000179d        0x1 contiki-srf06-cc26xx.a(hdc-1000-sensor)
 .bss.interrupt_status
                0x000000002000179e        0x1 contiki-srf06-cc26xx.a(mpu-9250-sensor)
 .bss.acc_range_reg
                0x000000002000179f        0x1 contiki-srf06-cc26xx.a(mpu-9250-sensor)
 .bss.mpu_config
                0x00000000200017a0        0x1 contiki-srf06-cc26xx.a(mpu-9250-sensor)
 .bss.acc_range
                0x00000000200017a1        0x1 contiki-srf06-cc26xx.a(mpu-9250-sensor)
 .bss.val       0x00000000200017a2        0x1 contiki-srf06-cc26xx.a(mpu-9250-sensor)
 .bss.slave_addr
                0x00000000200017a3        0x1 contiki-srf06-cc26xx.a(board-i2c.o)
 .bss.last_rssi
                0x00000000200017a4        0x1 contiki-srf06-cc26xx.a(ieee-mode.o)
 .bss.last_corr_lqi
                0x00000000200017a5        0x1 contiki-srf06-cc26xx.a(ieee-mode.o)
 .bss.poll_mode
                0x00000000200017a6        0x1 contiki-srf06-cc26xx.a(ieee-mode.o)
 .bss.initialized
                0x00000000200017a7        0x1 contiki-srf06-cc26xx.a(ctimer.o)
 .bss.fevent    0x00000000200017a8        0x1 contiki-srf06-cc26xx.a(process.o)
 .bss.nevents   0x00000000200017a9        0x1 contiki-srf06-cc26xx.a(process.o)
 .bss.poll_requested
                0x00000000200017aa        0x1 contiki-srf06-cc26xx.a(process.o)
 .bss.lastevent
                0x00000000200017ab        0x1 contiki-srf06-cc26xx.a(process.o)
 .bss.hdrlen    0x00000000200017ac        0x1 contiki-srf06-cc26xx.a(packetbuf.o)
 .bss.initialized.6227
                0x00000000200017ad        0x1 contiki-srf06-cc26xx.a(csma.o)
 .bss.radio_is_on
                0x00000000200017ae        0x1 contiki-srf06-cc26xx.a(contikimac.o)
 .bss.we_are_sending
                0x00000000200017af        0x1 contiki-srf06-cc26xx.a(contikimac.o)
 .bss.contikimac_keep_radio_on
                0x00000000200017b0        0x1 contiki-srf06-cc26xx.a(contikimac.o)
 .bss.packet_seen.6947
                0x00000000200017b1        0x1 contiki-srf06-cc26xx.a(contikimac.o)
 .bss.count.6948
                0x00000000200017b2        0x1 contiki-srf06-cc26xx.a(contikimac.o)
 .bss.periods.6955
                0x00000000200017b3        0x1 contiki-srf06-cc26xx.a(contikimac.o)
 .bss.contikimac_is_on
                0x00000000200017b4        0x1 contiki-srf06-cc26xx.a(contikimac.o)
 .bss.silence_periods.6954
                0x00000000200017b5        0x1 contiki-srf06-cc26xx.a(contikimac.o)
 .bss.buzzer_on
                0x00000000200017b6        0x1 contiki-srf06-cc26xx.a(buzzer.o)
 .bss.rat_offset_known
                0x00000000200017b7        0x1 contiki-srf06-cc26xx.a(rf-core.o)
 .bss.ble_mode_on
                0x00000000200017b8        0x1 contiki-srf06-cc26xx.a(rf-ble.o)
 .bss.mac_dsn   0x00000000200017b9        0x1 contiki-srf06-cc26xx.a(framer-802154.o)
 .bss.initialized
                0x00000000200017ba        0x1 contiki-srf06-cc26xx.a(framer-802154.o)
 *(SORT(COMMON))
 *fill*         0x00000000200017bb        0x1 
 COMMON         0x00000000200017bc        0x9 contiki-srf06-cc26xx.a(sensortag-senso)
                0x00000000200017bc                sensors_flags
 *fill*         0x00000000200017c5        0x3 
 COMMON         0x00000000200017c8        0x4 contiki-srf06-cc26xx.a(mpu-9250-sensor)
                0x00000000200017c8                t0
 COMMON         0x00000000200017cc       0x3c contiki-srf06-cc26xx.a(packetbuf.o)
                0x00000000200017cc                packetbuf_addrs
                0x00000000200017d4                packetbuf_attrs
 COMMON         0x0000000020001808        0x2 contiki-srf06-cc26xx.a(linkaddr.o)
                0x0000000020001808                linkaddr_node_addr
 COMMON         0x000000002000180a        0x1 contiki-srf06-cc26xx.a(sensors.o)
                0x000000002000180a                sensors_event
 COMMON         0x000000002000180b        0x1 contiki-srf06-cc26xx.a(serial-line.o)
                0x000000002000180b                serial_line_event_message
                0x000000002000180c                _ebss = .

.ccfg           0x000000000001ffa8       0x58
 *(SORT(.ccfg))
 .ccfg          0x000000000001ffa8       0x58 obj_srf06-cc26xx/ccfg.o
                0x000000000001ffa8                __ccfg

.rel.dyn        0x0000000000020000        0x0
 .rel.iplt      0x0000000000020000        0x0 obj_srf06-cc26xx/startup_gcc.o

._user_heap_stack
                0x000000002000180c      0x100
                0x000000002000180c                . = ALIGN (0x4)
                0x000000002000180c                . = (. + _Min_Heap_Size)
                0x000000002000190c                . = (. + _Min_Stack_Size)
 *fill*         0x000000002000180c      0x100 
                0x000000002000190c                . = ALIGN (0x4)

.gpram
OUTPUT(p_flat.elf elf32-littlearm)

.comment        0x0000000000000000       0x2b
 .comment       0x0000000000000000       0x2b obj_srf06-cc26xx/fault-handlers.o
                                         0x2c (size before relaxing)
 .comment       0x000000000000002b       0x2c obj_srf06-cc26xx/ccfg.o
 .comment       0x000000000000002b       0x2c obj_srf06-cc26xx/startup_gcc.o
 .comment       0x000000000000002b       0x2c p_flat.co
 .comment       0x000000000000002b       0x2c contiki-srf06-cc26xx.a(contiki-main.o)
 .comment       0x000000000000002b       0x2c contiki-srf06-cc26xx.a(sensors.o)
 .comment       0x000000000000002b       0x2c contiki-srf06-cc26xx.a(leds.o)
 .comment       0x000000000000002b       0x2c contiki-srf06-cc26xx.a(leds-arch.o)
 .comment       0x000000000000002b       0x2c contiki-srf06-cc26xx.a(sensortag-senso)
 .comment       0x000000000000002b       0x2c contiki-srf06-cc26xx.a(bmp-280-sensor.)
 .comment       0x000000000000002b       0x2c contiki-srf06-cc26xx.a(tmp-007-sensor.)
 .comment       0x000000000000002b       0x2c contiki-srf06-cc26xx.a(opt-3001-sensor)
 .comment       0x000000000000002b       0x2c contiki-srf06-cc26xx.a(hdc-1000-sensor)
 .comment       0x000000000000002b       0x2c contiki-srf06-cc26xx.a(mpu-9250-sensor)
 .comment       0x000000000000002b       0x2c contiki-srf06-cc26xx.a(button-sensor.o)
 .comment       0x000000000000002b       0x2c contiki-srf06-cc26xx.a(reed-relay.o)
 .comment       0x000000000000002b       0x2c contiki-srf06-cc26xx.a(board.o)
 .comment       0x000000000000002b       0x2c contiki-srf06-cc26xx.a(board-i2c.o)
 .comment       0x000000000000002b       0x2c contiki-srf06-cc26xx.a(clock.o)
 .comment       0x000000000000002b       0x2c contiki-srf06-cc26xx.a(rtimer-arch.o)
 .comment       0x000000000000002b       0x2c contiki-srf06-cc26xx.a(soc-rtc.o)
 .comment       0x000000000000002b       0x2c contiki-srf06-cc26xx.a(contiki-watchdo)
 .comment       0x000000000000002b       0x2c contiki-srf06-cc26xx.a(putchar.o)
 .comment       0x000000000000002b       0x2c contiki-srf06-cc26xx.a(ieee-addr.o)
 .comment       0x000000000000002b       0x2c contiki-srf06-cc26xx.a(cc26xx-uart.o)
 .comment       0x000000000000002b       0x2c contiki-srf06-cc26xx.a(lpm.o)
 .comment       0x000000000000002b       0x2c contiki-srf06-cc26xx.a(gpio-interrupt.)
 .comment       0x000000000000002b       0x2c contiki-srf06-cc26xx.a(oscillators.o)
 .comment       0x000000000000002b       0x2c contiki-srf06-cc26xx.a(ieee-mode.o)
 .comment       0x000000000000002b       0x2c contiki-srf06-cc26xx.a(random.o)