Archive member included to satisfy reference by file (symbol)

contiki-srf06-cc26xx.a(er-coap-engine.)
                              obj_srf06-cc26xx/res-leds.o (coap_rest_implementation)
contiki-srf06-cc26xx.a(er-coap-transac)
                              contiki-srf06-cc26xx.a(er-coap-engine.) (coap_register_as_transaction_handler)
contiki-srf06-cc26xx.a(er-coap-observe)
                              contiki-srf06-cc26xx.a(er-coap-transac) (coap_remove_observer_by_client)
contiki-srf06-cc26xx.a(er-coap-res-wel)
                              contiki-srf06-cc26xx.a(er-coap-engine.) (res_well_known_core)
contiki-srf06-cc26xx.a(rest-engine.o)
                              obj_srf06-cc26xx/coap-server.o (rest_init_engine)
contiki-srf06-cc26xx.a(mqtt.o)
                              obj_srf06-cc26xx/mqtt-client.o (mqtt_register)
contiki-srf06-cc26xx.a(contiki-main.o)
                              obj_srf06-cc26xx/startup_gcc.o (main)
contiki-srf06-cc26xx.a(sensors.o)
                              cc26xx-web-demo.co (sensors_event)
contiki-srf06-cc26xx.a(leds.o)
                              contiki-srf06-cc26xx.a(contiki-main.o) (leds_init)
contiki-srf06-cc26xx.a(leds-arch.o)
                              contiki-srf06-cc26xx.a(leds.o) (leds_arch_init)
contiki-srf06-cc26xx.a(sensortag-senso)
                              contiki-srf06-cc26xx.a(sensors.o) (sensors_flags)
contiki-srf06-cc26xx.a(bmp-280-sensor.)
                              cc26xx-web-demo.co (bmp_280_sensor)
contiki-srf06-cc26xx.a(tmp-007-sensor.)
                              cc26xx-web-demo.co (tmp_007_sensor)
contiki-srf06-cc26xx.a(opt-3001-sensor)
                              cc26xx-web-demo.co (opt_3001_sensor)
contiki-srf06-cc26xx.a(hdc-1000-sensor)
                              cc26xx-web-demo.co (hdc_1000_sensor)
contiki-srf06-cc26xx.a(mpu-9250-sensor)
                              cc26xx-web-demo.co (mpu_9250_sensor)
contiki-srf06-cc26xx.a(button-sensor.o)
                              contiki-srf06-cc26xx.a(sensortag-senso) (button_right_sensor)
contiki-srf06-cc26xx.a(reed-relay.o)
                              cc26xx-web-demo.co (reed_relay_sensor)
contiki-srf06-cc26xx.a(ext-flash.o)
                              cc26xx-web-demo.co (ext_flash_open)
contiki-srf06-cc26xx.a(buzzer.o)
                              obj_srf06-cc26xx/mqtt-client.o (buzzer_start)
contiki-srf06-cc26xx.a(board.o)
                              contiki-srf06-cc26xx.a(contiki-main.o) (board_init)
contiki-srf06-cc26xx.a(board-spi.o)
                              contiki-srf06-cc26xx.a(ext-flash.o) (board_spi_write)
contiki-srf06-cc26xx.a(board-i2c.o)
                              contiki-srf06-cc26xx.a(board.o) (board_i2c_wakeup)
contiki-srf06-cc26xx.a(clock.o)
                              contiki-srf06-cc26xx.a(contiki-main.o) (clock_init)
contiki-srf06-cc26xx.a(rtimer-arch.o)
                              contiki-srf06-cc26xx.a(mpu-9250-sensor) (rtimer_arch_now)
contiki-srf06-cc26xx.a(soc-rtc.o)
                              contiki-srf06-cc26xx.a(contiki-main.o) (soc_rtc_init)
contiki-srf06-cc26xx.a(contiki-watchdo)
                              contiki-srf06-cc26xx.a(contiki-main.o) (watchdog_init)
contiki-srf06-cc26xx.a(putchar.o)
                              contiki-srf06-cc26xx.a(contiki-main.o) (putchar)
contiki-srf06-cc26xx.a(ieee-addr.o)
                              contiki-srf06-cc26xx.a(contiki-main.o) (ieee_addr_cpy_to)
contiki-srf06-cc26xx.a(batmon-sensor.o)
                              cc26xx-web-demo.co (batmon_sensor)
contiki-srf06-cc26xx.a(cc26xx-uart.o)
                              contiki-srf06-cc26xx.a(contiki-main.o) (cc26xx_uart_init)
contiki-srf06-cc26xx.a(lpm.o)
                              contiki-srf06-cc26xx.a(button-sensor.o) (lpm_shutdown)
contiki-srf06-cc26xx.a(gpio-interrupt.)
                              contiki-srf06-cc26xx.a(button-sensor.o) (gpio_interrupt_register_handler)
contiki-srf06-cc26xx.a(oscillators.o)
                              contiki-srf06-cc26xx.a(contiki-main.o) (oscillators_select_lf_xosc)
contiki-srf06-cc26xx.a(rf-ble.o)
                              obj_srf06-cc26xx/res-ble-advd.o (rf_ble_beacond_config)
contiki-srf06-cc26xx.a(ieee-mode.o)
                              contiki-srf06-cc26xx.a(contiki-main.o) (ieee_mode_driver)
contiki-srf06-cc26xx.a(random.o)
                              cc26xx-web-demo.co (random_rand)
contiki-srf06-cc26xx.a(soc-trng.o)
                              contiki-srf06-cc26xx.a(random.o) (soc_trng_rand_synchronous)
contiki-srf06-cc26xx.a(dbg-printf.o)
                              obj_srf06-cc26xx/net-uart.o (printf)
contiki-srf06-cc26xx.a(dbg-snprintf.o)
                              cc26xx-web-demo.co (snprintf)
contiki-srf06-cc26xx.a(dbg-sprintf.o)
                              cc26xx-web-demo.co (sprintf)
contiki-srf06-cc26xx.a(strformat.o)
                              contiki-srf06-cc26xx.a(dbg-printf.o) (format_str_v)
contiki-srf06-cc26xx.a(autostart.o)
[...]
Memory Configuration

Name             Origin             Length             Attributes
FLASH            0x0000000000000000 0x000000000001ffa8 xr
FLASH_CCFG       0x000000000001ffa8 0x0000000000000058 xr
SRAM             0x0000000020000000 0x0000000000005000 xrw
GPRAM            0x0000000011000000 0x0000000000002000 xrw
*default*        0x0000000000000000 0xffffffffffffffff

Linker script and memory map

LOAD obj_srf06-cc26xx/fault-handlers.o
LOAD obj_srf06-cc26xx/ccfg.o
LOAD obj_srf06-cc26xx/startup_gcc.o
LOAD cc26xx-web-demo.co
LOAD obj_srf06-cc26xx/res-leds.o
LOAD obj_srf06-cc26xx/res-toggle-leds.o
LOAD obj_srf06-cc26xx/res-device.o
LOAD obj_srf06-cc26xx/res-sensors.o
LOAD obj_srf06-cc26xx/res-ble-advd.o
LOAD obj_srf06-cc26xx/res-net.o
LOAD obj_srf06-cc26xx/cetic-6lbr-client.o
LOAD obj_srf06-cc26xx/coap-server.o
LOAD obj_srf06-cc26xx/net-uart.o
LOAD obj_srf06-cc26xx/mqtt-client.o
LOAD obj_srf06-cc26xx/httpd-simple.o
LOAD contiki-srf06-cc26xx.a
LOAD /usr/lib/gcc/arm-none-eabi/5.4.1/../../../arm-none-eabi/lib/armv7-m/libm.a
START GROUP
LOAD /usr/lib/gcc/arm-none-eabi/5.4.1/armv7-m/libgcc.a
LOAD /usr/lib/gcc/arm-none-eabi/5.4.1/../../../arm-none-eabi/lib/armv7-m/libc.a
END GROUP
                0x0000000020005000                _estack = (ORIGIN (SRAM) + LENGTH (SRAM))
                0x0000000000000000                _Min_Heap_Size = 0x0
                0x0000000000000100                _Min_Stack_Size = 0x100

.text           0x0000000000000000    0x1c91d
                0x0000000000000000                _text = .
 *(SORT(.vectors))
 .vectors       0x0000000000000000       0xc8 obj_srf06-cc26xx/startup_gcc.o
                0x0000000000000000                g_pfnVectors
 *(SORT(.text*))
 .text.value    0x00000000000000c8       0xb0 contiki-srf06-cc26xx.a(opt-3001-sensor)
 .text.value    0x0000000000000178       0x9c contiki-srf06-cc26xx.a(hdc-1000-sensor)
 *fill*         0x0000000000000214        0x4 00000000
 .text.value    0x0000000000000218      0x19c contiki-srf06-cc26xx.a(mpu-9250-sensor)
 *fill*         0x00000000000003b4        0x4 00000000
 .text          0x00000000000003b8      0xac4 /usr/lib/gcc/arm-none-eabi/5.4.1/../../../arm-none-eabi/lib/armv7-m/libm.a(lib_a-e_pow.o)
                0x00000000000003b8                __ieee754_pow
 *fill*         0x0000000000000e7c        0x4 00000000
 .text          0x0000000000000e80       0xe4 /usr/lib/gcc/arm-none-eabi/5.4.1/../../../arm-none-eabi/lib/armv7-m/libm.a(lib_a-s_scalbn.o)
                0x0000000000000e80                scalbn
 .text.FaultISR
                0x0000000000000f64       0x18 obj_srf06-cc26xx/fault-handlers.o
                0x0000000000000f64                FaultISR
 .text.NmiSRHandler
                0x0000000000000f7c        0x4 obj_srf06-cc26xx/startup_gcc.o
                0x0000000000000f7c                NmiSR
 .text.IntDefaultHandler
                0x0000000000000f80        0x4 obj_srf06-cc26xx/startup_gcc.o
                0x0000000000000f80                SSI0IntHandler
                0x0000000000000f80                SWEvent0IntHandler
                0x0000000000000f80                uDMAIntHandler
                0x0000000000000f80                WatchdogIntHandler
                0x0000000000000f80                RFCHardwareIntHandler
                0x0000000000000f80                Timer1BIntHandler
                0x0000000000000f80                I2SIntHandler
                0x0000000000000f80                Timer2BIntHandler
                0x0000000000000f80                Timer2AIntHandler
                0x0000000000000f80                Timer1AIntHandler
                0x0000000000000f80                AONIntHandler
                0x0000000000000f80                AUXSWEvent0IntHandler
                0x0000000000000f80                AUXADCIntHandler
                0x0000000000000f80                PendSVIntHandler
                0x0000000000000f80                AUXSWEvent1IntHandler
                0x0000000000000f80                SVCallIntHandler
                0x0000000000000f80                MPUFaultIntHandler
                0x0000000000000f80                SysTickIntHandler
                0x0000000000000f80                BusFaultIntHandler
                0x0000000000000f80                AONProgIntHandler
                0x0000000000000f80                AUXCompAIntHandler
                0x0000000000000f80                SSI1IntHandler
                0x0000000000000f80                FlashIntHandler
                0x0000000000000f80                uDMAErrIntHandler
                0x0000000000000f80                UsageFaultIntHandler
                0x0000000000000f80                RFCCmdAckIntHandler
                0x0000000000000f80                CryptoIntHandler
                0x0000000000000f80                Timer0AIntHandler
                0x0000000000000f80                I2CIntHandler
                0x0000000000000f80                DebugMonIntHandler
                0x0000000000000f80                Timer0BIntHandler
                0x0000000000000f80                AUXCombEventIntHandler
                0x0000000000000f80                Timer3AIntHandler
                0x0000000000000f80                DynProgIntHandler
                0x0000000000000f80                Timer3BIntHandler
 .text.ResetISR
                0x0000000000000f84       0x5c obj_srf06-cc26xx/startup_gcc.o
                0x0000000000000f84                ResetISR
 .text.publish_led_off
                0x0000000000000fe0        0x8 cc26xx-web-demo.co
 .text.load_config
                0x0000000000000fe8       0xa8 cc26xx-web-demo.co
 .text.get_batmon_reading
                0x0000000000001090       0xb0 cc26xx-web-demo.co
 .text.print_mpu_reading
                0x0000000000001140       0x3c cc26xx-web-demo.co
 .text.sensor_readings_handler
                0x000000000000117c       0x7c cc26xx-web-demo.co
 .text.init_bmp_reading
                0x00000000000011f8       0x3c cc26xx-web-demo.co
 .text.init_light_reading
                0x0000000000001234       0x30 cc26xx-web-demo.co
 .text.init_hdc_reading
                0x0000000000001264       0x3c cc26xx-web-demo.co
 .text.init_tmp_reading
                0x00000000000012a0       0x3c cc26xx-web-demo.co
 .text.init_mpu_reading
                0x00000000000012dc       0x78 cc26xx-web-demo.co
 .text.init_sensor_readings
                0x0000000000001354       0x2c cc26xx-web-demo.co
 .text.echo_reply_handler
                0x0000000000001380       0x24 cc26xx-web-demo.co
 .text.save_config
                0x00000000000013a4       0x94 cc26xx-web-demo.co
 .text.ping_interval_post_handler
                0x0000000000001438       0x44 cc26xx-web-demo.co
 .text.cc26xx_web_demo_ipaddr_sprintf
                0x000000000000147c       0xa4 cc26xx-web-demo.co
                0x000000000000147c                cc26xx_web_demo_ipaddr_sprintf
 .text.cc26xx_web_demo_sensor_lookup
                0x0000000000001520       0x30 cc26xx-web-demo.co
                0x0000000000001520                cc26xx_web_demo_sensor_lookup
 .text.cc26xx_web_demo_sensor_first
                0x0000000000001550        0xc cc26xx-web-demo.co
                0x0000000000001550                cc26xx_web_demo_sensor_first
 .text.cc26xx_web_demo_restore_defaults
                0x000000000000155c       0x50 cc26xx-web-demo.co
                0x000000000000155c                cc26xx_web_demo_restore_defaults
 .text.process_thread_cc26xx_web_demo_process
                0x00000000000015ac      0x8e4 cc26xx-web-demo.co
 .text.defaults_post_handler
                0x0000000000001e90       0x24 cc26xx-web-demo.co
 .text.res_post_put_handler
                0x0000000000001eb4       0xa8 obj_srf06-cc26xx/res-leds.o
 .text.res_post_handler_red
                0x0000000000001f5c        0x8 obj_srf06-cc26xx/res-toggle-leds.o
 .text.res_post_handler_green
                0x0000000000001f64        0x8 obj_srf06-cc26xx/res-toggle-leds.o
 .text.res_get_handler_sw
                0x0000000000001f6c       0xcc obj_srf06-cc26xx/res-device.o
 .text.res_get_handler_uptime
                0x0000000000002038       0xbc obj_srf06-cc26xx/res-device.o
 .text.res_get_handler_hw
                0x00000000000020f4      0x128 obj_srf06-cc26xx/res-device.o
 .text.res_post_handler_cfg_reset
                0x000000000000221c        0x4 obj_srf06-cc26xx/res-device.o
 .text.res_get_handler_all.isra.0
                0x0000000000002220       0xf4 obj_srf06-cc26xx/res-sensors.o
 .text.res_get_handler_batmon_temp
                0x0000000000002314        0xc obj_srf06-cc26xx/res-sensors.o
 .text.res_get_handler_batmon_volt
                0x0000000000002320        0xc obj_srf06-cc26xx/res-sensors.o
 .text.res_get_handler_mpu_acc_x
                0x000000000000232c        0xc obj_srf06-cc26xx/res-sensors.o
 .text.res_get_handler_mpu_acc_y
                0x0000000000002338        0xc obj_srf06-cc26xx/res-sensors.o
 .text.res_get_handler_mpu_acc_z
                0x0000000000002344        0xc obj_srf06-cc26xx/res-sensors.o
 .text.res_get_handler_mpu_gyro_x
                0x0000000000002350        0xc obj_srf06-cc26xx/res-sensors.o
 .text.res_get_handler_mpu_gyro_y
                0x000000000000235c        0xc obj_srf06-cc26xx/res-sensors.o
 .text.res_get_handler_mpu_gyro_z
                0x0000000000002368        0xc obj_srf06-cc26xx/res-sensors.o
 .text.res_get_handler_obj_temp
                0x0000000000002374        0xc obj_srf06-cc26xx/res-sensors.o
 .text.res_get_handler_amb_temp
                0x0000000000002380        0xc obj_srf06-cc26xx/res-sensors.o
 .text.res_get_handler_bmp_temp
                0x000000000000238c        0xc obj_srf06-cc26xx/res-sensors.o
 .text.res_get_handler_bmp_press
                0x0000000000002398        0xc obj_srf06-cc26xx/res-sensors.o
 .text.res_get_handler_hdc_temp
                0x00000000000023a4        0xc obj_srf06-cc26xx/res-sensors.o
 .text.res_get_handler_hdc_humidity
                0x00000000000023b0        0xc obj_srf06-cc26xx/res-sensors.o
 .text.res_get_handler_opt
                0x00000000000023bc        0xc obj_srf06-cc26xx/res-sensors.o
 .text.res_ble_post_put_handler
                0x00000000000023c8       0xf8 obj_srf06-cc26xx/res-ble-advd.o
 .text.res_get_handler_parent_rssi
                0x00000000000024c0       0xb8 obj_srf06-cc26xx/res-net.o
 .text.res_get_handler_pref_parent
                0x0000000000002578       0xc8 obj_srf06-cc26xx/res-net.o
 .text.process_thread_cetic_6lbr_client_process
                0x0000000000002640      0x1ec obj_srf06-cc26xx/cetic-6lbr-client.o
 .text.process_thread_coap_server_process
                0x000000000000282c      0x1c4 obj_srf06-cc26xx/coap-server.o
 .text.set_new_ip_address
                0x00000000000029f0       0x24 obj_srf06-cc26xx/net-uart.o
 .text.set_config_defaults
                0x0000000000002a14       0x50 obj_srf06-cc26xx/net-uart.o
 .text.process_thread_net_uart_process
                0x0000000000002a64      0x184 obj_srf06-cc26xx/net-uart.o
 .text.remote_ipv6_post_handler
                0x0000000000002be8       0x50 obj_srf06-cc26xx/net-uart.o
 .text.remote_port_post_handler
                0x0000000000002c38       0x44 obj_srf06-cc26xx/net-uart.o
 .text.on_off_post_handler
                0x0000000000002c7c       0x58 obj_srf06-cc26xx/net-uart.o
 .text.publish_led_off
                0x0000000000002cd4        0x8 obj_srf06-cc26xx/mqtt-client.o
 .text.init_config
                0x0000000000002cdc       0xa8 obj_srf06-cc26xx/mqtt-client.o
 .text.update_config
                0x0000000000002d84       0xe4 obj_srf06-cc26xx/mqtt-client.o
 .text.process_thread_mqtt_client_process
                0x0000000000002e68      0x4c0 obj_srf06-cc26xx/mqtt-client.o
 .text.mqtt_event
                0x0000000000003328       0xf4 obj_srf06-cc26xx/mqtt-client.o
 .text.new_net_config.part.2
                0x000000000000341c       0x24 obj_srf06-cc26xx/mqtt-client.o
 .text.org_id_post_handler
                0x0000000000003440       0x60 obj_srf06-cc26xx/mqtt-client.o
 .text.type_id_post_handler
                0x00000000000034a0       0x64 obj_srf06-cc26xx/mqtt-client.o
 .text.event_type_id_post_handler
                0x0000000000003504       0x64 obj_srf06-cc26xx/mqtt-client.o
 .text.cmd_type_post_handler
                0x0000000000003568       0x64 obj_srf06-cc26xx/mqtt-client.o
 .text.auth_token_post_handler
                0x00000000000035cc       0x64 obj_srf06-cc26xx/mqtt-client.o
 .text.reconnect_post_handler
                0x0000000000003630       0x34 obj_srf06-cc26xx/mqtt-client.o
 .text.ip_addr_post_handler
                0x0000000000003664       0x70 obj_srf06-cc26xx/mqtt-client.o
 .text.port_post_handler
                0x00000000000036d4       0x58 obj_srf06-cc26xx/mqtt-client.o
 .text.interval_post_handler
                0x000000000000372c       0x48 obj_srf06-cc26xx/mqtt-client.o
 .text.html_escape_quotes
                0x0000000000003774       0x74 obj_srf06-cc26xx/httpd-simple.o
 .text.enqueue_chunk
                0x00000000000037e8      0x114 obj_srf06-cc26xx/httpd-simple.o
 .text.generate_top_matter
                0x00000000000038fc      0x26c obj_srf06-cc26xx/httpd-simple.o
 .text.generate_mqtt_config
                0x0000000000003b68      0x834 obj_srf06-cc26xx/httpd-simple.o
 .text.generate_net_uart_config
                0x000000000000439c      0x3e8 obj_srf06-cc26xx/httpd-simple.o
 .text.send_headers
                0x0000000000004784      0x128 obj_srf06-cc26xx/httpd-simple.o
 .text.generate_config
                0x00000000000048ac      0x5ac obj_srf06-cc26xx/httpd-simple.o
 .text.generate_index
                0x0000000000004e58      0x534 obj_srf06-cc26xx/httpd-simple.o
 .text.send_string
                0x000000000000538c       0x44 obj_srf06-cc26xx/httpd-simple.o
 .text.handle_output
                0x00000000000053d0      0x2dc obj_srf06-cc26xx/httpd-simple.o
 .text.handle_input
                0x00000000000056ac      0x5dc obj_srf06-cc26xx/httpd-simple.o
 .text.process_thread_httpd_simple_process
                0x0000000000005c88      0x1a0 obj_srf06-cc26xx/httpd-simple.o
 .text.httpd_simple_register_post_handler
                0x0000000000005e28        0xc obj_srf06-cc26xx/httpd-simple.o
                0x0000000000005e28                httpd_simple_register_post_handler
 .text.coap_set_service_callback
                0x0000000000005e34        0xc contiki-srf06-cc26xx.a(er-coap-engine.)
                0x0000000000005e34                coap_set_service_callback
 .text.coap_get_rest_method
                0x0000000000005e40       0x10 contiki-srf06-cc26xx.a(er-coap-engine.)
                0x0000000000005e40                coap_get_rest_method
 .text.process_thread_coap_engine
                0x0000000000005e50      0x3c8 contiki-srf06-cc26xx.a(er-coap-engine.)
 .text.coap_init_engine
                0x0000000000006218        0xc contiki-srf06-cc26xx.a(er-coap-engine.)
                0x0000000000006218                coap_init_engine
 .text.coap_register_as_transaction_handler
                0x0000000000006224       0x14 contiki-srf06-cc26xx.a(er-coap-transac)
                0x0000000000006224                coap_register_as_transaction_handler
 .text.coap_new_transaction
                0x0000000000006238       0x48 contiki-srf06-cc26xx.a(er-coap-transac)
                0x0000000000006238                coap_new_transaction
 .text.coap_clear_transaction
                0x0000000000006280       0x2c contiki-srf06-cc26xx.a(er-coap-transac)
                0x0000000000006280                coap_clear_transaction
 .text.coap_send_transaction
                0x00000000000062ac       0xa0 contiki-srf06-cc26xx.a(er-coap-transac)
                0x00000000000062ac                coap_send_transaction
 .text.coap_get_transaction_by_mid
                0x000000000000634c       0x28 contiki-srf06-cc26xx.a(er-coap-transac)
                0x000000000000634c                coap_get_transaction_by_mid
 .text.coap_check_transactions
                0x0000000000006374       0x38 contiki-srf06-cc26xx.a(er-coap-transac)
                0x0000000000006374                coap_check_transactions
 .text.coap_remove_observer
                0x00000000000063ac       0x20 contiki-srf06-cc26xx.a(er-coap-observe)
                0x00000000000063ac                coap_remove_observer
 .text.coap_remove_observer_by_client
                0x00000000000063cc       0x44 contiki-srf06-cc26xx.a(er-coap-observe)
                0x00000000000063cc                coap_remove_observer_by_client
 .text.coap_remove_observer_by_token
                0x0000000000006410       0x6c contiki-srf06-cc26xx.a(er-coap-observe)
                0x0000000000006410                coap_remove_observer_by_token
 .text.coap_remove_observer_by_uri
                0x000000000000647c       0x70 contiki-srf06-cc26xx.a(er-coap-observe)
                0x000000000000647c                coap_remove_observer_by_uri
 .text.coap_remove_observer_by_mid
                0x00000000000064ec       0x58 contiki-srf06-cc26xx.a(er-coap-observe)
                0x00000000000064ec                coap_remove_observer_by_mid
 .text.coap_notify_observers_sub
                0x0000000000006544      0x140 contiki-srf06-cc26xx.a(er-coap-observe)
                0x0000000000006544                coap_notify_observers_sub
 .text.coap_notify_observers
                0x0000000000006684        0x8 contiki-srf06-cc26xx.a(er-coap-observe)
                0x0000000000006684                coap_notify_observers
 .text.coap_observe_handler
                0x000000000000668c      0x104 contiki-srf06-cc26xx.a(er-coap-observe)
                0x000000000000668c                coap_observe_handler
 .text.well_known_core_get_handler
                0x0000000000006790      0x19c contiki-srf06-cc26xx.a(er-coap-res-wel)
                0x0000000000006790                well_known_core_get_handler
 .text.process_thread_rest_engine_process
                0x000000000000692c       0xa0 contiki-srf06-cc26xx.a(rest-engine.o)
 .text.rest_invoke_restful_service
                0x00000000000069cc       0xf4 contiki-srf06-cc26xx.a(rest-engine.o)
                0x00000000000069cc                rest_invoke_restful_service
 .text.rest_init_engine
                0x0000000000006ac0       0x40 contiki-srf06-cc26xx.a(rest-engine.o)
                0x0000000000006ac0                rest_init_engine
 .text.rest_activate_resource
                0x0000000000006b00       0x5c contiki-srf06-cc26xx.a(rest-engine.o)
                0x0000000000006b00                rest_activate_resource
 .text.rest_get_resources
                0x0000000000006b5c        0x8 contiki-srf06-cc26xx.a(rest-engine.o)
                0x0000000000006b5c                rest_get_resources
 .text.call_event
                0x0000000000006b64       0x1c contiki-srf06-cc26xx.a(mqtt.o)
 .text.connect_tcp
                0x0000000000006b80       0x7c contiki-srf06-cc26xx.a(mqtt.o)
 .text.abort_connection
                0x0000000000006bfc       0x40 contiki-srf06-cc26xx.a(mqtt.o)
 .text.write_byte
                0x0000000000006c3c       0x40 contiki-srf06-cc26xx.a(mqtt.o)
 .text.write_bytes
                0x0000000000006c7c       0x6c contiki-srf06-cc26xx.a(mqtt.o)
 .text.handle_publish
                0x0000000000006ce8       0x38 contiki-srf06-cc26xx.a(mqtt.o)
 .text.tcp_input
                0x0000000000006d20      0x354 contiki-srf06-cc26xx.a(mqtt.o)
 .text.keep_alive_callback
                0x0000000000007074       0x40 contiki-srf06-cc26xx.a(mqtt.o)
 .text.tcp_event
                0x00000000000070b4       0x98 contiki-srf06-cc26xx.a(mqtt.o)
 .text.mqtt_init.part.4
                0x000000000000714c       0xac contiki-srf06-cc26xx.a(mqtt.o)
 .text.process_thread_mqtt_process
                0x00000000000071f8     0x14b8 contiki-srf06-cc26xx.a(mqtt.o)
 .text.mqtt_register
                0x00000000000086b0       0x88 contiki-srf06-cc26xx.a(mqtt.o)
                0x00000000000086b0                mqtt_register
 .text.mqtt_connect
                0x0000000000008738       0x68 contiki-srf06-cc26xx.a(mqtt.o)
                0x0000000000008738                mqtt_connect
 .text.mqtt_disconnect
                0x00000000000087a0       0x24 contiki-srf06-cc26xx.a(mqtt.o)
                0x00000000000087a0                mqtt_disconnect
 .text.mqtt_subscribe
                0x00000000000087c4       0x60 contiki-srf06-cc26xx.a(mqtt.o)
                0x00000000000087c4                mqtt_subscribe
 .text.mqtt_publish
                0x0000000000008824       0x80 contiki-srf06-cc26xx.a(mqtt.o)
                0x0000000000008824                mqtt_publish
 .text.mqtt_set_username_password
                0x00000000000088a4       0x64 contiki-srf06-cc26xx.a(mqtt.o)
                0x00000000000088a4                mqtt_set_username_password
 .text.fade     0x0000000000008908       0x64 contiki-srf06-cc26xx.a(contiki-main.o)
 .text.startup.main
                0x000000000000896c      0x24c contiki-srf06-cc26xx.a(contiki-main.o)
                0x000000000000896c                main
 .text.process_thread_sensors_process
                0x0000000000008bb8       0xf8 contiki-srf06-cc26xx.a(sensors.o)
 .text.sensors_changed
                0x0000000000008cb0       0x4c contiki-srf06-cc26xx.a(sensors.o)
                0x0000000000008cb0                sensors_changed
 .text.leds_init
                0x0000000000008cfc       0x14 contiki-srf06-cc26xx.a(leds.o)
                0x0000000000008cfc                leds_init
 .text.leds_on  0x0000000000008d10       0x14 contiki-srf06-cc26xx.a(leds.o)
                0x0000000000008d10                leds_on
 .text.leds_off
                0x0000000000008d24       0x14 contiki-srf06-cc26xx.a(leds.o)
                0x0000000000008d24                leds_off
 .text.leds_toggle
                0x0000000000008d38       0x14 contiki-srf06-cc26xx.a(leds.o)
                0x0000000000008d38                leds_toggle
 .text.leds_arch_init
                0x0000000000008d4c       0x38 contiki-srf06-cc26xx.a(leds-arch.o)
                0x0000000000008d4c                leds_arch_init
 .text.leds_arch_set
                0x0000000000008d84       0x34 contiki-srf06-cc26xx.a(leds-arch.o)
                0x0000000000008d84                leds_arch_set
 .text.status   0x0000000000008db8       0x14 contiki-srf06-cc26xx.a(bmp-280-sensor.)
 .text.notify_ready
                0x0000000000008dcc       0x14 contiki-srf06-cc26xx.a(bmp-280-sensor.)
 .text.enable_sensor
                0x0000000000008de0       0x2c contiki-srf06-cc26xx.a(bmp-280-sensor.)
 .text.configure
                0x0000000000008e0c       0x94 contiki-srf06-cc26xx.a(bmp-280-sensor.)
 .text.value    0x0000000000008ea0      0x178 contiki-srf06-cc26xx.a(bmp-280-sensor.)
 .text.status   0x0000000000009018       0x14 contiki-srf06-cc26xx.a(tmp-007-sensor.)
 .text.notify_ready
                0x000000000000902c       0x14 contiki-srf06-cc26xx.a(tmp-007-sensor.)
 .text.enable_sensor
                0x0000000000009040       0x2c contiki-srf06-cc26xx.a(tmp-007-sensor.)
 .text.configure
                0x000000000000906c       0x94 contiki-srf06-cc26xx.a(tmp-007-sensor.)
 .text.value    0x0000000000009100       0xf0 contiki-srf06-cc26xx.a(tmp-007-sensor.)
 .text.status   0x00000000000091f0        0xc contiki-srf06-cc26xx.a(opt-3001-sensor)
 .text.enable_sensor
                0x00000000000091fc       0x44 contiki-srf06-cc26xx.a(opt-3001-sensor)
 .text.notify_ready
                0x0000000000009240       0x54 contiki-srf06-cc26xx.a(opt-3001-sensor)
 .text.configure
                0x0000000000009294       0x4c contiki-srf06-cc26xx.a(opt-3001-sensor)
 .text.status   0x00000000000092e0       0x14 contiki-srf06-cc26xx.a(hdc-1000-sensor)
 .text.notify_ready
                0x00000000000092f4       0x68 contiki-srf06-cc26xx.a(hdc-1000-sensor)
 .text.configure
                0x000000000000935c       0xb8 contiki-srf06-cc26xx.a(hdc-1000-sensor)
 .text.acc_convert
                0x0000000000009414       0x70 contiki-srf06-cc26xx.a(mpu-9250-sensor)
 .text.status   0x0000000000009484       0x14 contiki-srf06-cc26xx.a(mpu-9250-sensor)
 .text.notify_ready
                0x0000000000009498       0x14 contiki-srf06-cc26xx.a(mpu-9250-sensor)
 .text.sensor_sleep
                0x00000000000094ac       0x38 contiki-srf06-cc26xx.a(mpu-9250-sensor)
 .text.configure
                0x00000000000094e4       0xdc contiki-srf06-cc26xx.a(mpu-9250-sensor)
 .text.int_status
                0x00000000000095c0       0x28 contiki-srf06-cc26xx.a(mpu-9250-sensor)
 .text.initialise
                0x00000000000095e8      0x100 contiki-srf06-cc26xx.a(mpu-9250-sensor)
 .text.status.part.0
                0x00000000000096e8       0x14 contiki-srf06-cc26xx.a(button-sensor.o)
 .text.value_left
                0x00000000000096fc       0x24 contiki-srf06-cc26xx.a(button-sensor.o)
 .text.value_right
                0x0000000000009720       0x18 contiki-srf06-cc26xx.a(button-sensor.o)
 .text.status_left
                0x0000000000009738       0x10 contiki-srf06-cc26xx.a(button-sensor.o)
 .text.status_right
                0x0000000000009748       0x10 contiki-srf06-cc26xx.a(button-sensor.o)
 .text.config_buttons
                0x0000000000009758       0x84 contiki-srf06-cc26xx.a(button-sensor.o)
 .text.config_left
                0x00000000000097dc        0xc contiki-srf06-cc26xx.a(button-sensor.o)
 .text.config_right
                0x00000000000097e8        0xc contiki-srf06-cc26xx.a(button-sensor.o)
 .text.button_press_handler
                0x00000000000097f4       0x64 contiki-srf06-cc26xx.a(button-sensor.o)
 .text.value    0x0000000000009858       0x10 contiki-srf06-cc26xx.a(reed-relay.o)
 .text.status   0x0000000000009868       0x20 contiki-srf06-cc26xx.a(reed-relay.o)
 .text.configure
                0x0000000000009888       0x6c contiki-srf06-cc26xx.a(reed-relay.o)
 .text.reed_interrupt_handler
                0x00000000000098f4       0x28 contiki-srf06-cc26xx.a(reed-relay.o)
 .text.verify_part
                0x000000000000991c       0x80 contiki-srf06-cc26xx.a(ext-flash.o)
 .text.wait_ready
                0x000000000000999c       0x64 contiki-srf06-cc26xx.a(ext-flash.o)
 .text.power_down
                0x0000000000009a00       0x50 contiki-srf06-cc26xx.a(ext-flash.o)
 .text.ext_flash_open
                0x0000000000009a50       0x60 contiki-srf06-cc26xx.a(ext-flash.o)
                0x0000000000009a50                ext_flash_open
 .text.ext_flash_close
                0x0000000000009ab0       0x10 contiki-srf06-cc26xx.a(ext-flash.o)
                0x0000000000009ab0                ext_flash_close
 .text.ext_flash_read
                0x0000000000009ac0       0x58 contiki-srf06-cc26xx.a(ext-flash.o)
                0x0000000000009ac0                ext_flash_read
 .text.ext_flash_write
                0x0000000000009b18       0xb4 contiki-srf06-cc26xx.a(ext-flash.o)
                0x0000000000009b18                ext_flash_write
 .text.ext_flash_erase
                0x0000000000009bcc       0x9c contiki-srf06-cc26xx.a(ext-flash.o)
                0x0000000000009bcc                ext_flash_erase
 .text.ext_flash_init
                0x0000000000009c68       0x14 contiki-srf06-cc26xx.a(ext-flash.o)
                0x0000000000009c68                ext_flash_init
 .text.buzzer_init
                0x0000000000009c7c        0xc contiki-srf06-cc26xx.a(buzzer.o)
                0x0000000000009c7c                buzzer_init
 .text.buzzer_start
                0x0000000000009c88       0xa4 contiki-srf06-cc26xx.a(buzzer.o)
                0x0000000000009c88                buzzer_start
 .text.buzzer_stop
                0x0000000000009d2c       0x74 contiki-srf06-cc26xx.a(buzzer.o)
                0x0000000000009d2c                buzzer_stop
 .text.power_domains_on
                0x0000000000009da0       0x20 contiki-srf06-cc26xx.a(board.o)
 .text.lpm_wakeup_handler
                0x0000000000009dc0        0x4 contiki-srf06-cc26xx.a(board.o)
 .text.shutdown_handler
                0x0000000000009dc4       0x68 contiki-srf06-cc26xx.a(board.o)
 .text.board_init
                0x0000000000009e2c      0x118 contiki-srf06-cc26xx.a(board.o)
                0x0000000000009e2c                board_init
 .text.accessible
                0x0000000000009f44       0x24 contiki-srf06-cc26xx.a(board-spi.o)
 .text.board_spi_write
                0x0000000000009f68       0x3c contiki-srf06-cc26xx.a(board-spi.o)
                0x0000000000009f68                board_spi_write
 .text.board_spi_read
                0x0000000000009fa4       0x48 contiki-srf06-cc26xx.a(board-spi.o)
                0x0000000000009fa4                board_spi_read
 .text.board_spi_flush
                0x0000000000009fec       0x24 contiki-srf06-cc26xx.a(board-spi.o)
                0x0000000000009fec                board_spi_flush
 .text.board_spi_open
                0x000000000000a010       0xbc contiki-srf06-cc26xx.a(board-spi.o)
                0x000000000000a010                board_spi_open
 .text.board_spi_close
                0x000000000000a0cc       0x70 contiki-srf06-cc26xx.a(board-spi.o)
                0x000000000000a0cc                board_spi_close
 .text.i2c_status
                0x000000000000a13c       0x34 contiki-srf06-cc26xx.a(board-i2c.o)
 .text.accessible
                0x000000000000a170       0x24 contiki-srf06-cc26xx.a(board-i2c.o)
 .text.board_i2c_wakeup
                0x000000000000a194       0x5c contiki-srf06-cc26xx.a(board-i2c.o)
                0x000000000000a194                board_i2c_wakeup
 .text.board_i2c_shutdown
                0x000000000000a1f0       0xa4 contiki-srf06-cc26xx.a(board-i2c.o)
                0x000000000000a1f0                board_i2c_shutdown
 .text.board_i2c_write
                0x000000000000a294      0x138 contiki-srf06-cc26xx.a(board-i2c.o)
                0x000000000000a294                board_i2c_write
 .text.board_i2c_write_single
                0x000000000000a3cc       0x70 contiki-srf06-cc26xx.a(board-i2c.o)
                0x000000000000a3cc                board_i2c_write_single
 .text.board_i2c_read
                0x000000000000a43c      0x118 contiki-srf06-cc26xx.a(board-i2c.o)
                0x000000000000a43c                board_i2c_read
 .text.board_i2c_write_read
                0x000000000000a554      0x1c0 contiki-srf06-cc26xx.a(board-i2c.o)
                0x000000000000a554                board_i2c_write_read
 .text.board_i2c_select
                0x000000000000a714       0xdc contiki-srf06-cc26xx.a(board-i2c.o)
                0x000000000000a714                board_i2c_select
 .text.power_domain_on
                0x000000000000a7f0       0x20 contiki-srf06-cc26xx.a(clock.o)
 .text.clock_init
                0x000000000000a810       0x98 contiki-srf06-cc26xx.a(clock.o)
                0x000000000000a810                clock_init
 .text.clock_time
                0x000000000000a8a8       0x34 contiki-srf06-cc26xx.a(clock.o)
                0x000000000000a8a8                clock_time
 .text.clock_update
                0x000000000000a8dc       0x3c contiki-srf06-cc26xx.a(clock.o)
                0x000000000000a8dc                clock_update
 .text.clock_seconds
                0x000000000000a918       0x18 contiki-srf06-cc26xx.a(clock.o)
                0x000000000000a918                clock_seconds
 .text.rtimer_arch_init
                0x000000000000a930        0x4 contiki-srf06-cc26xx.a(rtimer-arch.o)
                0x000000000000a930                rtimer_arch_init
 .text.rtimer_arch_schedule
                0x000000000000a934        0x8 contiki-srf06-cc26xx.a(rtimer-arch.o)
                0x000000000000a934                rtimer_arch_schedule
 .text.rtimer_arch_now
                0x000000000000a93c        0x4 contiki-srf06-cc26xx.a(rtimer-arch.o)
                0x000000000000a93c                rtimer_arch_now
 .text.soc_rtc_init
                0x000000000000a940       0xa0 contiki-srf06-cc26xx.a(soc-rtc.o)
                0x000000000000a940                soc_rtc_init
 .text.soc_rtc_schedule_one_shot
                0x000000000000a9e0       0x6c contiki-srf06-cc26xx.a(soc-rtc.o)
                0x000000000000a9e0                soc_rtc_schedule_one_shot
 .text.soc_rtc_last_isr_time
                0x000000000000aa4c        0xc contiki-srf06-cc26xx.a(soc-rtc.o)
                0x000000000000aa4c                soc_rtc_last_isr_time
 .text.AONRTCIntHandler
                0x000000000000aa58       0x88 contiki-srf06-cc26xx.a(soc-rtc.o)
                0x000000000000aa58                AONRTCIntHandler
 .text.watchdog_init
                0x000000000000aae0       0x1c contiki-srf06-cc26xx.a(contiki-watchdo)
                0x000000000000aae0                watchdog_init
 .text.watchdog_start
                0x000000000000aafc       0x68 contiki-srf06-cc26xx.a(contiki-watchdo)
                0x000000000000aafc                watchdog_start
 .text.watchdog_periodic
                0x000000000000ab64       0x1c contiki-srf06-cc26xx.a(contiki-watchdo)
                0x000000000000ab64                watchdog_periodic
 .text.putchar  0x000000000000ab80       0x10 contiki-srf06-cc26xx.a(putchar.o)
                0x000000000000ab80                putchar
 .text.puts     0x000000000000ab90       0x30 contiki-srf06-cc26xx.a(putchar.o)
                0x000000000000ab90                puts
 .text.dbg_send_bytes
                0x000000000000abc0       0x40 contiki-srf06-cc26xx.a(putchar.o)
                0x000000000000abc0                dbg_send_bytes
 .text.ieee_addr_cpy_to
                0x000000000000ac00       0x40 contiki-srf06-cc26xx.a(ieee-addr.o)
                0x000000000000ac00                ieee_addr_cpy_to
 .text.configure
                0x000000000000ac40       0x34 contiki-srf06-cc26xx.a(batmon-sensor.o)
 .text.status   0x000000000000ac74       0x14 contiki-srf06-cc26xx.a(batmon-sensor.o)
 .text.value    0x000000000000ac88       0x24 contiki-srf06-cc26xx.a(batmon-sensor.o)
 .text.power_and_clock
                0x000000000000acac       0x40 contiki-srf06-cc26xx.a(cc26xx-uart.o)
 .text.enable   0x000000000000acec       0xf4 contiki-srf06-cc26xx.a(cc26xx-uart.o)
 .text.accessible
                0x000000000000ade0       0x24 contiki-srf06-cc26xx.a(cc26xx-uart.o)
 .text.lpm_drop_handler
                0x000000000000ae04       0xcc contiki-srf06-cc26xx.a(cc26xx-uart.o)
 .text.cc26xx_uart_init
                0x000000000000aed0       0x28 contiki-srf06-cc26xx.a(cc26xx-uart.o)
                0x000000000000aed0                cc26xx_uart_init
 .text.cc26xx_uart_write_byte
                0x000000000000aef8       0x28 contiki-srf06-cc26xx.a(cc26xx-uart.o)
                0x000000000000aef8                cc26xx_uart_write_byte
 .text.cc26xx_uart_set_input
                0x000000000000af20       0x64 contiki-srf06-cc26xx.a(cc26xx-uart.o)
                0x000000000000af20                cc26xx_uart_set_input
 .text.cc26xx_uart_busy
                0x000000000000af84       0x18 contiki-srf06-cc26xx.a(cc26xx-uart.o)
                0x000000000000af84                cc26xx_uart_busy
 .text.UART0IntHandler
                0x000000000000af9c       0x54 contiki-srf06-cc26xx.a(cc26xx-uart.o)
                0x000000000000af9c                UART0IntHandler
 .text.lpm_shutdown
                0x000000000000aff0      0x198 contiki-srf06-cc26xx.a(lpm.o)
                0x000000000000aff0                lpm_shutdown
 .text.lpm_sleep
                0x000000000000b188       0x14 contiki-srf06-cc26xx.a(lpm.o)
                0x000000000000b188                lpm_sleep
 .text.lpm_drop
                0x000000000000b19c      0x258 contiki-srf06-cc26xx.a(lpm.o)
                0x000000000000b19c                lpm_drop
 .text.lpm_register_module
                0x000000000000b3f4        0xc contiki-srf06-cc26xx.a(lpm.o)
                0x000000000000b3f4                lpm_register_module
 .text.lpm_unregister_module
                0x000000000000b400        0xc contiki-srf06-cc26xx.a(lpm.o)
                0x000000000000b400                lpm_unregister_module
 .text.lpm_init
                0x000000000000b40c       0x20 contiki-srf06-cc26xx.a(lpm.o)
                0x000000000000b40c                lpm_init
 .text.lpm_pin_set_default_state
                0x000000000000b42c       0x2c contiki-srf06-cc26xx.a(lpm.o)
                0x000000000000b42c                lpm_pin_set_default_state
 .text.gpio_interrupt_register_handler
                0x000000000000b458       0x2c contiki-srf06-cc26xx.a(gpio-interrupt.)
                0x000000000000b458                gpio_interrupt_register_handler
 .text.gpio_interrupt_init
                0x000000000000b484       0x24 contiki-srf06-cc26xx.a(gpio-interrupt.)
                0x000000000000b484                gpio_interrupt_init
 .text.GPIOIntHandler
                0x000000000000b4a8       0x30 contiki-srf06-cc26xx.a(gpio-interrupt.)
                0x000000000000b4a8                GPIOIntHandler
 .text.oscillators_select_lf_xosc
                0x000000000000b4d8       0x50 contiki-srf06-cc26xx.a(oscillators.o)
                0x000000000000b4d8                oscillators_select_lf_xosc
 .text.oscillators_select_lf_rcosc
                0x000000000000b528       0x3c contiki-srf06-cc26xx.a(oscillators.o)
                0x000000000000b528                oscillators_select_lf_rcosc
 .text.oscillators_request_hf_xosc
                0x000000000000b564       0x30 contiki-srf06-cc26xx.a(oscillators.o)
                0x000000000000b564                oscillators_request_hf_xosc
 .text.oscillators_switch_to_hf_xosc
                0x000000000000b594       0x34 contiki-srf06-cc26xx.a(oscillators.o)
                0x000000000000b594                oscillators_switch_to_hf_xosc
 .text.oscillators_switch_to_hf_rc
                0x000000000000b5c8       0x38 contiki-srf06-cc26xx.a(oscillators.o)
                0x000000000000b5c8                oscillators_switch_to_hf_rc
 .text.process_thread_rf_ble_beacon_process
                0x000000000000b600      0x248 contiki-srf06-cc26xx.a(rf-ble.o)
 .text.rf_ble_beacond_config
                0x000000000000b848       0x44 contiki-srf06-cc26xx.a(rf-ble.o)
                0x000000000000b848                rf_ble_beacond_config
 .text.rf_ble_beacond_start
                0x000000000000b88c       0x38 contiki-srf06-cc26xx.a(rf-ble.o)
                0x000000000000b88c                rf_ble_beacond_start
 .text.rf_ble_is_active
                0x000000000000b8c4        0xc contiki-srf06-cc26xx.a(rf-ble.o)
                0x000000000000b8c4                rf_ble_is_active
 .text.rf_ble_beacond_stop
                0x000000000000b8d0        0xc contiki-srf06-cc26xx.a(rf-ble.o)
                0x000000000000b8d0                rf_ble_beacond_stop
 .text.request  0x000000000000b8dc       0x20 contiki-srf06-cc26xx.a(ieee-mode.o)
 .text.rx_on    0x000000000000b8fc       0x60 contiki-srf06-cc26xx.a(ieee-mode.o)
 .text.prepare  0x000000000000b95c       0x1c contiki-srf06-cc26xx.a(ieee-mode.o)
 .text.rf_radio_setup
                0x000000000000b978       0x64 contiki-srf06-cc26xx.a(ieee-mode.o)
 .text.soft_on  0x000000000000b9dc       0x18 contiki-srf06-cc26xx.a(ieee-mode.o)
 .text.pending_packet
                0x000000000000b9f4       0x48 contiki-srf06-cc26xx.a(ieee-mode.o)
 .text.soft_off
                0x000000000000ba3c       0x44 contiki-srf06-cc26xx.a(ieee-mode.o)
 .text.get_object
                0x000000000000ba80       0x4c contiki-srf06-cc26xx.a(ieee-mode.o)
 .text.transmitting.part.1
                0x000000000000bacc       0x40 contiki-srf06-cc26xx.a(ieee-mode.o)
 .text.rx_off   0x000000000000bb0c       0x74 contiki-srf06-cc26xx.a(ieee-mode.o)
 .text.set_object
                0x000000000000bb80       0x60 contiki-srf06-cc26xx.a(ieee-mode.o)
 .text.get_cca_info
                0x000000000000bbe0       0x50 contiki-srf06-cc26xx.a(ieee-mode.o)
 .text.check_rat_overflow
                0x000000000000bc30       0x80 contiki-srf06-cc26xx.a(ieee-mode.o)
 .text.receiving_packet
                0x000000000000bcb0       0x3c contiki-srf06-cc26xx.a(ieee-mode.o)
 .text.off.part.7
                0x000000000000bcec       0x6c contiki-srf06-cc26xx.a(ieee-mode.o)
 .text.off      0x000000000000bd58       0x14 contiki-srf06-cc26xx.a(ieee-mode.o)
 .text.on       0x000000000000bd6c       0xa8 contiki-srf06-cc26xx.a(ieee-mode.o)
 .text.set_value
                0x000000000000be14      0x178 contiki-srf06-cc26xx.a(ieee-mode.o)
 .text.get_value
                0x000000000000bf8c      0x188 contiki-srf06-cc26xx.a(ieee-mode.o)
 .text.transmit
                0x000000000000c114      0x114 contiki-srf06-cc26xx.a(ieee-mode.o)
 .text.send     0x000000000000c228       0x24 contiki-srf06-cc26xx.a(ieee-mode.o)
 .text.channel_clear
                0x000000000000c24c       0x84 contiki-srf06-cc26xx.a(ieee-mode.o)
 .text.read_frame
                0x000000000000c2d0      0x190 contiki-srf06-cc26xx.a(ieee-mode.o)
 .text.handle_rat_overflow
                0x000000000000c460       0x68 contiki-srf06-cc26xx.a(ieee-mode.o)
 .text.init     0x000000000000c4c8       0xfc contiki-srf06-cc26xx.a(ieee-mode.o)
 .text.random_rand
                0x000000000000c5c4        0xc contiki-srf06-cc26xx.a(random.o)
                0x000000000000c5c4                random_rand
 .text.random_init
                0x000000000000c5d0        0x4 contiki-srf06-cc26xx.a(random.o)
                0x000000000000c5d0                random_init
 .text.power_up
                0x000000000000c5d4       0x40 contiki-srf06-cc26xx.a(soc-trng.o)
 .text.request  0x000000000000c614       0x14 contiki-srf06-cc26xx.a(soc-trng.o)
 .text.process_thread_soc_trng_process
                0x000000000000c628       0x94 contiki-srf06-cc26xx.a(soc-trng.o)
 .text.accessible
                0x000000000000c6bc       0x24 contiki-srf06-cc26xx.a(soc-trng.o)
 .text.soc_trng_rand_synchronous
                0x000000000000c6e0       0xc4 contiki-srf06-cc26xx.a(soc-trng.o)
                0x000000000000c6e0                soc_trng_rand_synchronous
 .text.TRNGIntHandler
                0x000000000000c7a4       0x50 contiki-srf06-cc26xx.a(soc-trng.o)
                0x000000000000c7a4                TRNGIntHandler
 .text.soc_trng_init
                0x000000000000c7f4       0x28 contiki-srf06-cc26xx.a(soc-trng.o)
                0x000000000000c7f4                soc_trng_init
 .text.write_str
                0x000000000000c81c       0x14 contiki-srf06-cc26xx.a(dbg-printf.o)
 .text.printf   0x000000000000c830       0x24 contiki-srf06-cc26xx.a(dbg-printf.o)
                0x000000000000c830                printf
 .text.buffer_str
                0x000000000000c854       0x28 contiki-srf06-cc26xx.a(dbg-snprintf.o)
 .text.snprintf
                0x000000000000c87c       0x38 contiki-srf06-cc26xx.a(dbg-snprintf.o)
                0x000000000000c87c                snprintf
 .text.vsnprintf
                0x000000000000c8b4       0x2c contiki-srf06-cc26xx.a(dbg-snprintf.o)
                0x000000000000c8b4                vsnprintf
 .text.buffer_str
                0x000000000000c8e0       0x18 contiki-srf06-cc26xx.a(dbg-sprintf.o)
 .text.sprintf  0x000000000000c8f8       0x34 contiki-srf06-cc26xx.a(dbg-sprintf.o)
                0x000000000000c8f8                sprintf
 .text.fill_space
                0x000000000000c92c       0x3c contiki-srf06-cc26xx.a(strformat.o)
 .text.format_str_v
                0x000000000000c968      0x95c contiki-srf06-cc26xx.a(strformat.o)
                0x000000000000c968                format_str_v
 .text.autostart_start
                0x000000000000d2c4       0x18 contiki-srf06-cc26xx.a(autostart.o)
                0x000000000000d2c4                autostart_start
 .text.energest_init
                0x000000000000d2dc        0x4 contiki-srf06-cc26xx.a(energest.o)
                0x000000000000d2dc                energest_init
 .text.update_time
                0x000000000000d2e0       0x44 contiki-srf06-cc26xx.a(etimer.o)
 .text.process_thread_etimer_process
                0x000000000000d324       0xc8 contiki-srf06-cc26xx.a(etimer.o)
 .text.add_timer
                0x000000000000d3ec       0x54 contiki-srf06-cc26xx.a(etimer.o)
 .text.etimer_request_poll
                0x000000000000d440        0xc contiki-srf06-cc26xx.a(etimer.o)
                0x000000000000d440                etimer_request_poll
 .text.etimer_set
                0x000000000000d44c       0x14 contiki-srf06-cc26xx.a(etimer.o)
                0x000000000000d44c                etimer_set
 .text.etimer_reset
                0x000000000000d460       0x14 contiki-srf06-cc26xx.a(etimer.o)
                0x000000000000d460                etimer_reset
 .text.etimer_restart
                0x000000000000d474       0x14 contiki-srf06-cc26xx.a(etimer.o)
                0x000000000000d474                etimer_restart
 .text.etimer_expired
                0x000000000000d488        0xc contiki-srf06-cc26xx.a(etimer.o)
                0x000000000000d488                etimer_expired
 .text.etimer_expiration_time
                0x000000000000d494        0x8 contiki-srf06-cc26xx.a(etimer.o)
                0x000000000000d494                etimer_expiration_time
 .text.etimer_pending
                0x000000000000d49c       0x10 contiki-srf06-cc26xx.a(etimer.o)
                0x000000000000d49c                etimer_pending
 .text.etimer_next_expiration_time
                0x000000000000d4ac       0x14 contiki-srf06-cc26xx.a(etimer.o)
                0x000000000000d4ac                etimer_next_expiration_time
 .text.etimer_stop
                0x000000000000d4c0       0x44 contiki-srf06-cc26xx.a(etimer.o)
                0x000000000000d4c0                etimer_stop
 .text.process_thread_ctimer_process
                0x000000000000d504       0x94 contiki-srf06-cc26xx.a(ctimer.o)
 .text.ctimer_init
                0x000000000000d598       0x28 contiki-srf06-cc26xx.a(ctimer.o)
                0x000000000000d598                ctimer_init
 .text.ctimer_set_with_process
                0x000000000000d5c0       0x4c contiki-srf06-cc26xx.a(ctimer.o)
                0x000000000000d5c0                ctimer_set_with_process
 .text.ctimer_set
                0x000000000000d60c       0x18 contiki-srf06-cc26xx.a(ctimer.o)
                0x000000000000d60c                ctimer_set
 .text.ctimer_reset
                0x000000000000d624       0x38 contiki-srf06-cc26xx.a(ctimer.o)
                0x000000000000d624                ctimer_reset
 .text.ctimer_restart
                0x000000000000d65c       0x38 contiki-srf06-cc26xx.a(ctimer.o)
                0x000000000000d65c                ctimer_restart
 .text.ctimer_stop
                0x000000000000d694       0x34 contiki-srf06-cc26xx.a(ctimer.o)
                0x000000000000d694                ctimer_stop
 .text.exit_process
                0x000000000000d6c8       0xb0 contiki-srf06-cc26xx.a(process.o)
 .text.call_process.part.0
                0x000000000000d778       0x38 contiki-srf06-cc26xx.a(process.o)
 .text.do_poll  0x000000000000d7b0       0x3c contiki-srf06-cc26xx.a(process.o)
 .text.process_alloc_event
                0x000000000000d7ec       0x10 contiki-srf06-cc26xx.a(process.o)
                0x000000000000d7ec                process_alloc_event
 .text.process_start
                0x000000000000d7fc       0x48 contiki-srf06-cc26xx.a(process.o)
                0x000000000000d7fc                process_start
 .text.process_exit
                0x000000000000d844        0xc contiki-srf06-cc26xx.a(process.o)
                0x000000000000d844                process_exit
 .text.process_init
                0x000000000000d850       0x34 contiki-srf06-cc26xx.a(process.o)
                0x000000000000d850                process_init
 .text.process_run
                0x000000000000d884       0xa8 contiki-srf06-cc26xx.a(process.o)
                0x000000000000d884                process_run
 .text.process_nevents
                0x000000000000d92c       0x14 contiki-srf06-cc26xx.a(process.o)
                0x000000000000d92c                process_nevents
 .text.process_post
                0x000000000000d940       0x40 contiki-srf06-cc26xx.a(process.o)
                0x000000000000d940                process_post
 .text.process_post_synch
                0x000000000000d980       0x18 contiki-srf06-cc26xx.a(process.o)
                0x000000000000d980                process_post_synch
 .text.process_poll
                0x000000000000d998       0x18 contiki-srf06-cc26xx.a(process.o)
                0x000000000000d998                process_poll
 .text.process_is_running
                0x000000000000d9b0        0xc contiki-srf06-cc26xx.a(process.o)
                0x000000000000d9b0                process_is_running
 .text.rtimer_init
                0x000000000000d9bc        0x4 contiki-srf06-cc26xx.a(rtimer.o)
                0x000000000000d9bc                rtimer_init
 .text.rtimer_set
                0x000000000000d9c0       0x2c contiki-srf06-cc26xx.a(rtimer.o)
                0x000000000000d9c0                rtimer_set
 .text.rtimer_run_next
                0x000000000000d9ec       0x28 contiki-srf06-cc26xx.a(rtimer.o)
                0x000000000000d9ec                rtimer_run_next
 .text.timer_set
                0x000000000000da14       0x10 contiki-srf06-cc26xx.a(timer.o)
                0x000000000000da14                timer_set
 .text.timer_reset
                0x000000000000da24        0xc contiki-srf06-cc26xx.a(timer.o)
                0x000000000000da24                timer_reset
 .text.timer_restart
                0x000000000000da30        0xc contiki-srf06-cc26xx.a(timer.o)
                0x000000000000da30                timer_restart
 .text.timer_expired
                0x000000000000da3c       0x1c contiki-srf06-cc26xx.a(timer.o)
                0x000000000000da3c                timer_expired
 .text.process_thread_serial_line_process
                0x000000000000da58       0xa8 contiki-srf06-cc26xx.a(serial-line.o)
 .text.serial_line_input_byte
                0x000000000000db00       0x54 contiki-srf06-cc26xx.a(serial-line.o)
                0x000000000000db00                serial_line_input_byte
 .text.serial_line_init
                0x000000000000db54       0x24 contiki-srf06-cc26xx.a(serial-line.o)
                0x000000000000db54                serial_line_init
 .text.ringbuf_init
                0x000000000000db78       0x10 contiki-srf06-cc26xx.a(ringbuf.o)
                0x000000000000db78                ringbuf_init
 .text.ringbuf_put
                0x000000000000db88       0x2c contiki-srf06-cc26xx.a(ringbuf.o)
                0x000000000000db88                ringbuf_put
 .text.ringbuf_get
                0x000000000000dbb4       0x24 contiki-srf06-cc26xx.a(ringbuf.o)
                0x000000000000dbb4                ringbuf_get
 .text.list_init
                0x000000000000dbd8        0x8 contiki-srf06-cc26xx.a(list.o)
                0x000000000000dbd8                list_init
 .text.list_head
                0x000000000000dbe0        0x4 contiki-srf06-cc26xx.a(list.o)
                0x000000000000dbe0                list_head
 .text.list_add
                0x000000000000dbe4       0x5c contiki-srf06-cc26xx.a(list.o)
                0x000000000000dbe4                list_add
 .text.list_push
                0x000000000000dc40       0x48 contiki-srf06-cc26xx.a(list.o)
                0x000000000000dc40                list_push
 .text.list_remove
                0x000000000000dc88       0x38 contiki-srf06-cc26xx.a(list.o)
                0x000000000000dc88                list_remove
 .text.list_length
                0x000000000000dcc0       0x14 contiki-srf06-cc26xx.a(list.o)
                0x000000000000dcc0                list_length
 .text.list_item_next
                0x000000000000dcd4        0x8 contiki-srf06-cc26xx.a(list.o)
                0x000000000000dcd4                list_item_next
 .text.memb_init
                0x000000000000dcdc       0x24 contiki-srf06-cc26xx.a(memb.o)
                0x000000000000dcdc                memb_init
 .text.memb_alloc
                0x000000000000dd00       0x3c contiki-srf06-cc26xx.a(memb.o)
                0x000000000000dd00                memb_alloc
 .text.memb_free
                0x000000000000dd3c       0x3c contiki-srf06-cc26xx.a(memb.o)
                0x000000000000dd3c                memb_free
 .text.memb_inmemb
                0x000000000000dd78       0x1c contiki-srf06-cc26xx.a(memb.o)
                0x000000000000dd78                memb_inmemb
 .text.memb_numfree
                0x000000000000dd94       0x1c contiki-srf06-cc26xx.a(memb.o)
                0x000000000000dd94                memb_numfree
 .text.echo_reply_input
                0x000000000000ddb0       0xac contiki-srf06-cc26xx.a(uip-icmp6.o)
 .text.echo_request_input
                0x000000000000de5c       0xb0 contiki-srf06-cc26xx.a(uip-icmp6.o)
 .text.uip_icmp6_input
                0x000000000000df0c       0x3c contiki-srf06-cc26xx.a(uip-icmp6.o)
                0x000000000000df0c                uip_icmp6_input
 .text.uip_icmp6_register_input_handler
                0x000000000000df48        0xc contiki-srf06-cc26xx.a(uip-icmp6.o)
                0x000000000000df48                uip_icmp6_register_input_handler
 .text.uip_icmp6_error_output
                0x000000000000df54      0x158 contiki-srf06-cc26xx.a(uip-icmp6.o)
                0x000000000000df54                uip_icmp6_error_output
 .text.uip_icmp6_send
                0x000000000000e0ac       0x80 contiki-srf06-cc26xx.a(uip-icmp6.o)
                0x000000000000e0ac                uip_icmp6_send
 .text.uip_icmp6_echo_reply_callback_add
                0x000000000000e12c       0x14 contiki-srf06-cc26xx.a(uip-icmp6.o)
                0x000000000000e12c                uip_icmp6_echo_reply_callback_add
 .text.uip_icmp6_init
                0x000000000000e140       0x24 contiki-srf06-cc26xx.a(uip-icmp6.o)
                0x000000000000e140                uip_icmp6_init
 .text.uip_ds6_list_loop
                0x000000000000e164       0x5c contiki-srf06-cc26xx.a(uip-ds6.o)
                0x000000000000e164                uip_ds6_list_loop
 .text.uip_ds6_prefix_add
                0x000000000000e1c0       0x6c contiki-srf06-cc26xx.a(uip-ds6.o)
                0x000000000000e1c0                uip_ds6_prefix_add
 .text.uip_ds6_is_addr_onlink
                0x000000000000e22c       0x40 contiki-srf06-cc26xx.a(uip-ds6.o)
                0x000000000000e22c                uip_ds6_is_addr_onlink
 .text.uip_ds6_addr_lookup
                0x000000000000e26c       0x30 contiki-srf06-cc26xx.a(uip-ds6.o)
                0x000000000000e26c                uip_ds6_addr_lookup
 .text.uip_ds6_get_link_local
                0x000000000000e29c       0x50 contiki-srf06-cc26xx.a(uip-ds6.o)
                0x000000000000e29c                uip_ds6_get_link_local
 .text.uip_ds6_get_global
                0x000000000000e2ec       0x50 contiki-srf06-cc26xx.a(uip-ds6.o)
                0x000000000000e2ec                uip_ds6_get_global
 .text.uip_ds6_maddr_add
                0x000000000000e33c       0x50 contiki-srf06-cc26xx.a(uip-ds6.o)
                0x000000000000e33c                uip_ds6_maddr_add
 .text.uip_ds6_addr_add
                0x000000000000e38c       0xa8 contiki-srf06-cc26xx.a(uip-ds6.o)
                0x000000000000e38c                uip_ds6_addr_add
 .text.uip_ds6_maddr_lookup
                0x000000000000e434       0x30 contiki-srf06-cc26xx.a(uip-ds6.o)
                0x000000000000e434                uip_ds6_maddr_lookup
 .text.uip_ds6_addr_rm
                0x000000000000e464       0x48 contiki-srf06-cc26xx.a(uip-ds6.o)
                0x000000000000e464                uip_ds6_addr_rm
 .text.uip_ds6_periodic
                0x000000000000e4ac       0x5c contiki-srf06-cc26xx.a(uip-ds6.o)
                0x000000000000e4ac                uip_ds6_periodic
 .text.uip_ds6_select_src
                0x000000000000e508      0x118 contiki-srf06-cc26xx.a(uip-ds6.o)
                0x000000000000e508                uip_ds6_select_src
 .text.uip_ds6_set_addr_iid
                0x000000000000e620       0x14 contiki-srf06-cc26xx.a(uip-ds6.o)
                0x000000000000e620                uip_ds6_set_addr_iid
 .text.uip_ds6_compute_reachable_time
                0x000000000000e634       0x2c contiki-srf06-cc26xx.a(uip-ds6.o)
                0x000000000000e634                uip_ds6_compute_reachable_time
 .text.uip_ds6_init
                0x000000000000e660       0xf8 contiki-srf06-cc26xx.a(uip-ds6.o)
                0x000000000000e660                uip_ds6_init
 .text.call_route_callback
                0x000000000000e758       0x50 contiki-srf06-cc26xx.a(uip-ds6-route.o)
 .text.uip_ds6_route_init
                0x000000000000e7a8       0x4c contiki-srf06-cc26xx.a(uip-ds6-route.o)
                0x000000000000e7a8                uip_ds6_route_init
 .text.uip_ds6_route_nexthop
                0x000000000000e7f4       0x1c contiki-srf06-cc26xx.a(uip-ds6-route.o)
                0x000000000000e7f4                uip_ds6_route_nexthop
 .text.uip_ds6_route_head
                0x000000000000e810        0xc contiki-srf06-cc26xx.a(uip-ds6-route.o)
                0x000000000000e810                uip_ds6_route_head
 .text.uip_ds6_route_next
                0x000000000000e81c        0x8 contiki-srf06-cc26xx.a(uip-ds6-route.o)
                0x000000000000e81c                uip_ds6_route_next
 .text.uip_ds6_route_is_nexthop
                0x000000000000e824       0x20 contiki-srf06-cc26xx.a(uip-ds6-route.o)
                0x000000000000e824                uip_ds6_route_is_nexthop
 .text.uip_ds6_route_lookup
                0x000000000000e844       0x78 contiki-srf06-cc26xx.a(uip-ds6-route.o)
                0x000000000000e844                uip_ds6_route_lookup
 .text.uip_ds6_route_rm
                0x000000000000e8bc       0xac contiki-srf06-cc26xx.a(uip-ds6-route.o)
                0x000000000000e8bc                uip_ds6_route_rm
 .text.rm_routelist
                0x000000000000e968       0x38 contiki-srf06-cc26xx.a(uip-ds6-route.o)
 .text.rm_routelist_callback
                0x000000000000e9a0        0x4 contiki-srf06-cc26xx.a(uip-ds6-route.o)
 .text.uip_ds6_route_add
                0x000000000000e9a4      0x118 contiki-srf06-cc26xx.a(uip-ds6-route.o)
                0x000000000000e9a4                uip_ds6_route_add
 .text.uip_ds6_defrt_rm
                0x000000000000eabc       0x48 contiki-srf06-cc26xx.a(uip-ds6-route.o)
                0x000000000000eabc                uip_ds6_defrt_rm
 .text.uip_ds6_defrt_lookup
                0x000000000000eb04       0x34 contiki-srf06-cc26xx.a(uip-ds6-route.o)
                0x000000000000eb04                uip_ds6_defrt_lookup
 .text.uip_ds6_defrt_add
                0x000000000000eb38       0x5c contiki-srf06-cc26xx.a(uip-ds6-route.o)
                0x000000000000eb38                uip_ds6_defrt_add
 .text.uip_ds6_defrt_choose
                0x000000000000eb94       0x34 contiki-srf06-cc26xx.a(uip-ds6-route.o)
                0x000000000000eb94                uip_ds6_defrt_choose
 .text.uip_ds6_defrt_periodic
                0x000000000000ebc8       0x40 contiki-srf06-cc26xx.a(uip-ds6-route.o)
                0x000000000000ebc8                uip_ds6_defrt_periodic
 .text.chksum   0x000000000000ec08       0x50 contiki-srf06-cc26xx.a(uip6.o)
 .text.upper_layer_chksum
                0x000000000000ec58       0x58 contiki-srf06-cc26xx.a(uip6.o)
 .text.ext_hdr_options_process
                0x000000000000ecb0       0xd4 contiki-srf06-cc26xx.a(uip6.o)
 .text.uip_add32
                0x000000000000ed84       0x58 contiki-srf06-cc26xx.a(uip6.o)
                0x000000000000ed84                uip_add32
 .text.unlikely.uip_add_rcv_nxt
                0x000000000000eddc       0x2c contiki-srf06-cc26xx.a(uip6.o)
 .text.uip_icmp6chksum
                0x000000000000ee08        0x8 contiki-srf06-cc26xx.a(uip6.o)
                0x000000000000ee08                uip_icmp6chksum
 .text.uip_init
                0x000000000000ee10       0x5c contiki-srf06-cc26xx.a(uip6.o)
                0x000000000000ee10                uip_init
 .text.uip_connect
                0x000000000000ee6c       0xe4 contiki-srf06-cc26xx.a(uip6.o)
                0x000000000000ee6c                uip_connect
 .text.remove_ext_hdr
                0x000000000000ef50       0x54 contiki-srf06-cc26xx.a(uip6.o)
                0x000000000000ef50                remove_ext_hdr
 .text.uip_udp_new
                0x000000000000efa4       0x90 contiki-srf06-cc26xx.a(uip6.o)
                0x000000000000efa4                uip_udp_new
 .text.uip_unlisten
                0x000000000000f034       0x28 contiki-srf06-cc26xx.a(uip6.o)
                0x000000000000f034                uip_unlisten
 .text.uip_listen
                0x000000000000f05c       0x24 contiki-srf06-cc26xx.a(uip6.o)
                0x000000000000f05c                uip_listen
 .text.uip_process
                0x000000000000f080     0x1088 contiki-srf06-cc26xx.a(uip6.o)
                0x000000000000f080                uip_process
 .text.uip_htons
                0x0000000000010108        0x8 contiki-srf06-cc26xx.a(uip6.o)
                0x0000000000010108                uip_htons
 .text.uip_htonl
                0x0000000000010110       0x18 contiki-srf06-cc26xx.a(uip6.o)
                0x0000000000010110                uip_htonl
 .text.uip_send
                0x0000000000010128       0x4c contiki-srf06-cc26xx.a(uip6.o)
                0x0000000000010128                uip_send
 .text.uip_ds6_nbr_rm
                0x0000000000010174       0x20 contiki-srf06-cc26xx.a(uip-ds6-nbr.o)
                0x0000000000010174                uip_ds6_nbr_rm
 .text.uip_ds6_neighbors_init
                0x0000000000010194       0x1c contiki-srf06-cc26xx.a(uip-ds6-nbr.o)
                0x0000000000010194                uip_ds6_neighbors_init
 .text.uip_ds6_nbr_add
                0x00000000000101b0       0x38 contiki-srf06-cc26xx.a(uip-ds6-nbr.o)
                0x00000000000101b0                uip_ds6_nbr_add
 .text.uip_ds6_nbr_get_ll
                0x00000000000101e8       0x10 contiki-srf06-cc26xx.a(uip-ds6-nbr.o)
                0x00000000000101e8                uip_ds6_nbr_get_ll
 .text.uip_ds6_nbr_lookup
                0x00000000000101f8       0x3c contiki-srf06-cc26xx.a(uip-ds6-nbr.o)
                0x00000000000101f8                uip_ds6_nbr_lookup
 .text.uip_ds6_nbr_ipaddr_from_lladdr
                0x0000000000010234       0x10 contiki-srf06-cc26xx.a(uip-ds6-nbr.o)
                0x0000000000010234                uip_ds6_nbr_ipaddr_from_lladdr
 .text.uip_ds6_nbr_lladdr_from_ipaddr
                0x0000000000010244       0x1c contiki-srf06-cc26xx.a(uip-ds6-nbr.o)
                0x0000000000010244                uip_ds6_nbr_lladdr_from_ipaddr
 .text.uip_ds6_link_neighbor_callback
                0x0000000000010260       0x34 contiki-srf06-cc26xx.a(uip-ds6-nbr.o)
                0x0000000000010260                uip_ds6_link_neighbor_callback
 .text.ns_input
                0x0000000000010294      0x294 contiki-srf06-cc26xx.a(uip-nd6.o)
 .text.uip_nd6_init
                0x0000000000010528        0xc contiki-srf06-cc26xx.a(uip-nd6.o)
                0x0000000000010528                uip_nd6_init
 .text.sicslowpan_init
                0x0000000000010534       0x24 contiki-srf06-cc26xx.a(sicslowpan.o)
                0x0000000000010534                sicslowpan_init
 .text.compress_addr_64
                0x0000000000010558       0x9c contiki-srf06-cc26xx.a(sicslowpan.o)
 .text.set_packet_attrs
                0x00000000000105f4       0x50 contiki-srf06-cc26xx.a(sicslowpan.o)
 .text.addr_context_lookup_by_prefix
                0x0000000000010644       0x28 contiki-srf06-cc26xx.a(sicslowpan.o)
 .text.send_packet
                0x000000000001066c       0x24 contiki-srf06-cc26xx.a(sicslowpan.o)
 .text.packet_sent
                0x0000000000010690       0x28 contiki-srf06-cc26xx.a(sicslowpan.o)
 .text.store_fragment
                0x00000000000106b8       0x68 contiki-srf06-cc26xx.a(sicslowpan.o)
 .text.add_fragment
                0x0000000000010720      0x17c contiki-srf06-cc26xx.a(sicslowpan.o)
 .text.uncompress_addr
                0x000000000001089c       0xb8 contiki-srf06-cc26xx.a(sicslowpan.o)
 .text.input    0x0000000000010954      0x68c contiki-srf06-cc26xx.a(sicslowpan.o)
 .text.output   0x0000000000010fe0      0x6fc contiki-srf06-cc26xx.a(sicslowpan.o)
 .text.sicslowpan_get_last_rssi
                0x00000000000116dc        0xc contiki-srf06-cc26xx.a(sicslowpan.o)
                0x00000000000116dc                sicslowpan_get_last_rssi
 .text.uip_debug_ipaddr_print
                0x00000000000116e8       0xb0 contiki-srf06-cc26xx.a(uip-debug.o)
                0x00000000000116e8                uip_debug_ipaddr_print
 .text.newdata  0x0000000000011798       0x4c contiki-srf06-cc26xx.a(tcp-socket.o)
 .text.senddata
                0x00000000000117e4       0x30 contiki-srf06-cc26xx.a(tcp-socket.o)
 .text.process_thread_tcp_socket_process
                0x0000000000011814      0x288 contiki-srf06-cc26xx.a(tcp-socket.o)
 .text.tcp_socket_register
                0x0000000000011a9c       0x70 contiki-srf06-cc26xx.a(tcp-socket.o)
                0x0000000000011a9c                tcp_socket_register
 .text.tcp_socket_connect
                0x0000000000011b0c       0x4c contiki-srf06-cc26xx.a(tcp-socket.o)
                0x0000000000011b0c                tcp_socket_connect
 .text.tcp_socket_unlisten
                0x0000000000011b58       0x3c contiki-srf06-cc26xx.a(tcp-socket.o)
                0x0000000000011b58                tcp_socket_unlisten
 .text.tcp_socket_send
                0x0000000000011b94       0x3c contiki-srf06-cc26xx.a(tcp-socket.o)
                0x0000000000011b94                tcp_socket_send
 .text.tcp_socket_close
                0x0000000000011bd0       0x1c contiki-srf06-cc26xx.a(tcp-socket.o)
                0x0000000000011bd0                tcp_socket_close
 .text.tcp_socket_unregister
                0x0000000000011bec       0x2c contiki-srf06-cc26xx.a(tcp-socket.o)
                0x0000000000011bec                tcp_socket_unregister
 .text.uiplib_ip6addrconv
                0x0000000000011c18       0xd0 contiki-srf06-cc26xx.a(uiplib.o)
                0x0000000000011c18                uiplib_ip6addrconv
 .text.uip_udp_packet_send
                0x0000000000011ce8       0x40 contiki-srf06-cc26xx.a(uip-udp-packet.)
                0x0000000000011ce8                uip_udp_packet_send
 .text.uip_udp_packet_sendto
                0x0000000000011d28       0x48 contiki-srf06-cc26xx.a(uip-udp-packet.)
                0x0000000000011d28                uip_udp_packet_sendto
 .text.psock_send
                0x0000000000011d70       0xa4 contiki-srf06-cc26xx.a(psock.o)
                0x0000000000011d70                psock_send
 .text.psock_datalen
                0x0000000000011e14        0xc contiki-srf06-cc26xx.a(psock.o)
                0x0000000000011e14                psock_datalen
 .text.psock_readto
                0x0000000000011e20       0xbc contiki-srf06-cc26xx.a(psock.o)
                0x0000000000011e20                psock_readto
 .text.psock_readbuf_len
                0x0000000000011edc       0xf4 contiki-srf06-cc26xx.a(psock.o)
                0x0000000000011edc                psock_readbuf_len
 .text.psock_init
                0x0000000000011fd0       0x18 contiki-srf06-cc26xx.a(psock.o)
                0x0000000000011fd0                psock_init
 .text.start_periodic_tcp_timer
                0x0000000000011fe8       0x1c contiki-srf06-cc26xx.a(tcpip.o)
 .text.tcpip_set_outputfunc
                0x0000000000012004        0xc contiki-srf06-cc26xx.a(tcpip.o)
                0x0000000000012004                tcpip_set_outputfunc
 .text.tcp_connect
                0x0000000000012010       0x2c contiki-srf06-cc26xx.a(tcpip.o)
                0x0000000000012010                tcp_connect
 .text.tcp_unlisten
                0x000000000001203c       0x38 contiki-srf06-cc26xx.a(tcpip.o)
                0x000000000001203c                tcp_unlisten
 .text.tcp_listen
                0x0000000000012074       0x30 contiki-srf06-cc26xx.a(tcpip.o)
                0x0000000000012074                tcp_listen
 .text.tcp_attach
                0x00000000000120a4       0x10 contiki-srf06-cc26xx.a(tcpip.o)
                0x00000000000120a4                tcp_attach
 .text.udp_new  0x00000000000120b4       0x18 contiki-srf06-cc26xx.a(tcpip.o)
                0x00000000000120b4                udp_new
 .text.tcpip_icmp6_call
                0x00000000000120cc       0x28 contiki-srf06-cc26xx.a(tcpip.o)
                0x00000000000120cc                tcpip_icmp6_call
 .text.tcpip_input
                0x00000000000120f4       0x24 contiki-srf06-cc26xx.a(tcpip.o)
                0x00000000000120f4                tcpip_input
 .text.tcpip_ipv6_output
                0x0000000000012118       0xbc contiki-srf06-cc26xx.a(tcpip.o)
                0x0000000000012118                tcpip_ipv6_output
 .text.process_thread_tcpip_process
                0x00000000000121d4      0x1c0 contiki-srf06-cc26xx.a(tcpip.o)
 .text.tcpip_poll_tcp
                0x0000000000012394       0x10 contiki-srf06-cc26xx.a(tcpip.o)
                0x0000000000012394                tcpip_poll_tcp
 .text.tcpip_uipcall
                0x00000000000123a4       0x70 contiki-srf06-cc26xx.a(tcpip.o)
                0x00000000000123a4                tcpip_uipcall
 .text.rpl_set_preferred_parent
                0x0000000000012414       0x2c contiki-srf06-cc26xx.a(rpl-dag.o)
 .text.set_ip_from_prefix
                0x0000000000012440       0x24 contiki-srf06-cc26xx.a(rpl-dag.o)
 .text.check_prefix
                0x0000000000012464       0x78 contiki-srf06-cc26xx.a(rpl-dag.o)
 .text.find_parent_any_dag_any_instance
                0x00000000000124dc       0x1c contiki-srf06-cc26xx.a(rpl-dag.o)
 .text.lollipop_greater_than
                0x00000000000124f8       0x3c contiki-srf06-cc26xx.a(rpl-dag.o)
 .text.rpl_dag_init
                0x0000000000012534       0x14 contiki-srf06-cc26xx.a(rpl-dag.o)
                0x0000000000012534                rpl_dag_init
 .text.rpl_get_parent
                0x0000000000012548       0x10 contiki-srf06-cc26xx.a(rpl-dag.o)
                0x0000000000012548                rpl_get_parent
 .text.rpl_rank_via_parent
                0x0000000000012558       0x1c contiki-srf06-cc26xx.a(rpl-dag.o)
                0x0000000000012558                rpl_rank_via_parent
 .text.rpl_get_parent_ipaddr
                0x0000000000012574       0x18 contiki-srf06-cc26xx.a(rpl-dag.o)
                0x0000000000012574                rpl_get_parent_ipaddr
 .text.rpl_get_parent_link_stats
                0x000000000001258c       0x18 contiki-srf06-cc26xx.a(rpl-dag.o)
                0x000000000001258c                rpl_get_parent_link_stats
 .text.best_parent
                0x00000000000125a4       0x94 contiki-srf06-cc26xx.a(rpl-dag.o)
 .text.rpl_parent_is_fresh
                0x0000000000012638       0x10 contiki-srf06-cc26xx.a(rpl-dag.o)
                0x0000000000012638                rpl_parent_is_fresh
 .text.rpl_parent_is_reachable
                0x0000000000012648       0x40 contiki-srf06-cc26xx.a(rpl-dag.o)
                0x0000000000012648                rpl_parent_is_reachable
 .text.rpl_repair_root
                0x0000000000012688       0x60 contiki-srf06-cc26xx.a(rpl-dag.o)
                0x0000000000012688                rpl_repair_root
 .text.rpl_set_prefix
                0x00000000000126e8       0x94 contiki-srf06-cc26xx.a(rpl-dag.o)
                0x00000000000126e8                rpl_set_prefix
 .text.rpl_set_default_route
                0x000000000001277c       0x30 contiki-srf06-cc26xx.a(rpl-dag.o)
                0x000000000001277c                rpl_set_default_route
 .text.rpl_alloc_instance
                0x00000000000127ac       0x34 contiki-srf06-cc26xx.a(rpl-dag.o)
                0x00000000000127ac                rpl_alloc_instance
 .text.rpl_alloc_dag
                0x00000000000127e0       0x5c contiki-srf06-cc26xx.a(rpl-dag.o)
                0x00000000000127e0                rpl_alloc_dag
 .text.rpl_add_parent
                0x000000000001283c       0x30 contiki-srf06-cc26xx.a(rpl-dag.o)
                0x000000000001283c                rpl_add_parent
 .text.rpl_find_parent
                0x000000000001286c       0x18 contiki-srf06-cc26xx.a(rpl-dag.o)
                0x000000000001286c                rpl_find_parent
 .text.rpl_find_parent_any_dag
                0x0000000000012884       0x20 contiki-srf06-cc26xx.a(rpl-dag.o)
                0x0000000000012884                rpl_find_parent_any_dag
 .text.rpl_select_parent
                0x00000000000128a4       0x58 contiki-srf06-cc26xx.a(rpl-dag.o)
                0x00000000000128a4                rpl_select_parent
 .text.rpl_select_dag
                0x00000000000128fc      0x18c contiki-srf06-cc26xx.a(rpl-dag.o)
                0x00000000000128fc                rpl_select_dag
 .text.rpl_nullify_parent
                0x0000000000012a88       0x58 contiki-srf06-cc26xx.a(rpl-dag.o)
                0x0000000000012a88                rpl_nullify_parent
 .text.rpl_remove_parent
                0x0000000000012ae0       0x1c contiki-srf06-cc26xx.a(rpl-dag.o)
                0x0000000000012ae0                rpl_remove_parent
 .text.nbr_callback
                0x0000000000012afc        0x4 contiki-srf06-cc26xx.a(rpl-dag.o)
 .text.remove_parents.constprop.7
                0x0000000000012b00       0x48 contiki-srf06-cc26xx.a(rpl-dag.o)
 .text.rpl_free_dag
                0x0000000000012b48       0x3c contiki-srf06-cc26xx.a(rpl-dag.o)
                0x0000000000012b48                rpl_free_dag
 .text.rpl_move_parent
                0x0000000000012b84       0x58 contiki-srf06-cc26xx.a(rpl-dag.o)
                0x0000000000012b84                rpl_move_parent
 .text.rpl_get_dag
                0x0000000000012bdc       0x3c contiki-srf06-cc26xx.a(rpl-dag.o)
                0x0000000000012bdc                rpl_get_dag
 .text.rpl_get_any_dag
                0x0000000000012c18       0x18 contiki-srf06-cc26xx.a(rpl-dag.o)
                0x0000000000012c18                rpl_get_any_dag
 .text.rpl_get_instance
                0x0000000000012c30       0x20 contiki-srf06-cc26xx.a(rpl-dag.o)
                0x0000000000012c30                rpl_get_instance
 .text.rpl_join_instance
                0x0000000000012c50      0x14c contiki-srf06-cc26xx.a(rpl-dag.o)
                0x0000000000012c50                rpl_join_instance
 .text.rpl_local_repair
                0x0000000000012d9c       0x90 contiki-srf06-cc26xx.a(rpl-dag.o)
                0x0000000000012d9c                rpl_local_repair
 .text.rpl_process_parent_event
                0x0000000000012e2c       0x9c contiki-srf06-cc26xx.a(rpl-dag.o)
                0x0000000000012e2c                rpl_process_parent_event
 .text.rpl_add_dag
                0x0000000000012ec8      0x14c contiki-srf06-cc26xx.a(rpl-dag.o)
                0x0000000000012ec8                rpl_add_dag
 .text.rpl_recalculate_ranks
                0x0000000000013014       0x50 contiki-srf06-cc26xx.a(rpl-dag.o)
                0x0000000000013014                rpl_recalculate_ranks
 .text.rpl_process_dio
                0x0000000000013064      0x330 contiki-srf06-cc26xx.a(rpl-dag.o)
                0x0000000000013064                rpl_process_dio
 .text.new_dio_interval
                0x0000000000013394       0x60 contiki-srf06-cc26xx.a(rpl-timers.o)
 .text.handle_periodic_timer
                0x00000000000133f4       0x58 contiki-srf06-cc26xx.a(rpl-timers.o)
 .text.set_dao_lifetime_timer
                0x000000000001344c       0x48 contiki-srf06-cc26xx.a(rpl-timers.o)
 .text.handle_unicast_dio_timer
                0x0000000000013494       0x1c contiki-srf06-cc26xx.a(rpl-timers.o)
 .text.handle_dio_timer
                0x00000000000134b0       0x8c contiki-srf06-cc26xx.a(rpl-timers.o)
 .text.schedule_dao
                0x000000000001353c       0x54 contiki-srf06-cc26xx.a(rpl-timers.o)
 .text.handle_dao_timer
                0x0000000000013590       0x5c contiki-srf06-cc26xx.a(rpl-timers.o)
 .text.rpl_reset_periodic_timer
                0x00000000000135ec       0x3c contiki-srf06-cc26xx.a(rpl-timers.o)
                0x00000000000135ec                rpl_reset_periodic_timer
 .text.rpl_reset_dio_timer
                0x0000000000013628       0x1c contiki-srf06-cc26xx.a(rpl-timers.o)
                0x0000000000013628                rpl_reset_dio_timer
 .text.rpl_schedule_dao
                0x0000000000013644        0x8 contiki-srf06-cc26xx.a(rpl-timers.o)
                0x0000000000013644                rpl_schedule_dao
 .text.rpl_schedule_unicast_dio_immediately
                0x000000000001364c       0x14 contiki-srf06-cc26xx.a(rpl-timers.o)
                0x000000000001364c                rpl_schedule_unicast_dio_immediately
 .text.get_probing_delay
                0x0000000000013660       0x4c contiki-srf06-cc26xx.a(rpl-timers.o)
                0x0000000000013660                get_probing_delay
 .text.get_probing_target
                0x00000000000136ac       0xe4 contiki-srf06-cc26xx.a(rpl-timers.o)
                0x00000000000136ac                get_probing_target
 .text.rpl_schedule_probing
                0x0000000000013790       0x20 contiki-srf06-cc26xx.a(rpl-timers.o)
                0x0000000000013790                rpl_schedule_probing
 .text.handle_probing_timer
                0x00000000000137b0       0x34 contiki-srf06-cc26xx.a(rpl-timers.o)
 .text.update_hbh_header
                0x00000000000137e4       0xd0 contiki-srf06-cc26xx.a(rpl-ext-header.)
 .text.insert_hbh_header.isra.0
                0x00000000000138b4       0xb0 contiki-srf06-cc26xx.a(rpl-ext-header.)
 .text.rpl_verify_hbh_header
                0x0000000000013964       0xf0 contiki-srf06-cc26xx.a(rpl-ext-header.)
                0x0000000000013964                rpl_verify_hbh_header
 .text.rpl_remove_header
                0x0000000000013a54       0x80 contiki-srf06-cc26xx.a(rpl-ext-header.)
                0x0000000000013a54                rpl_remove_header
 .text.rpl_update_header
                0x0000000000013ad4       0x74 contiki-srf06-cc26xx.a(rpl-ext-header.)
                0x0000000000013ad4                rpl_update_header
 .text.rpl_get_mode
                0x0000000000013b48        0xc contiki-srf06-cc26xx.a(rpl.o)
                0x0000000000013b48                rpl_get_mode
 .text.rpl_purge_routes
                0x0000000000013b54       0x7c contiki-srf06-cc26xx.a(rpl.o)
                0x0000000000013b54                rpl_purge_routes
 .text.rpl_remove_routes
                0x0000000000013bd0       0x24 contiki-srf06-cc26xx.a(rpl.o)
                0x0000000000013bd0                rpl_remove_routes
 .text.rpl_remove_routes_by_nexthop
                0x0000000000013bf4       0x34 contiki-srf06-cc26xx.a(rpl.o)
                0x0000000000013bf4                rpl_remove_routes_by_nexthop
 .text.rpl_add_route
                0x0000000000013c28       0x38 contiki-srf06-cc26xx.a(rpl.o)
                0x0000000000013c28                rpl_add_route
 .text.rpl_link_neighbor_callback
                0x0000000000013c60       0x60 contiki-srf06-cc26xx.a(rpl.o)
                0x0000000000013c60                rpl_link_neighbor_callback
 .text.rpl_ipv6_neighbor_callback
                0x0000000000013cc0       0x30 contiki-srf06-cc26xx.a(rpl.o)
                0x0000000000013cc0                rpl_ipv6_neighbor_callback
 .text.rpl_purge_dags
                0x0000000000013cf0       0x40 contiki-srf06-cc26xx.a(rpl.o)
                0x0000000000013cf0                rpl_purge_dags
 .text.rpl_init
                0x0000000000013d30       0x4c contiki-srf06-cc26xx.a(rpl.o)
                0x0000000000013d30                rpl_init
 .text.reset    0x0000000000013d7c        0x4 contiki-srf06-cc26xx.a(rpl-mrhof.o)
 .text.update_metric_container
                0x0000000000013d80        0x8 contiki-srf06-cc26xx.a(rpl-mrhof.o)
 .text.parent_link_metric
                0x0000000000013d88       0x14 contiki-srf06-cc26xx.a(rpl-mrhof.o)
 .text.parent_has_usable_link
                0x0000000000013d9c       0x18 contiki-srf06-cc26xx.a(rpl-mrhof.o)
 .text.best_dag
                0x0000000000013db4       0x2c contiki-srf06-cc26xx.a(rpl-mrhof.o)
 .text.parent_path_cost
                0x0000000000013de0       0x4c contiki-srf06-cc26xx.a(rpl-mrhof.o)
 .text.parent_is_acceptable
                0x0000000000013e2c       0x34 contiki-srf06-cc26xx.a(rpl-mrhof.o)
 .text.rank_via_parent
                0x0000000000013e60       0x3c contiki-srf06-cc26xx.a(rpl-mrhof.o)
 .text.best_parent
                0x0000000000013e9c       0x68 contiki-srf06-cc26xx.a(rpl-mrhof.o)
 .text.dao_ack_input
                0x0000000000013f04       0x14 contiki-srf06-cc26xx.a(rpl-icmp6.o)
 .text.dao_output_target_seq
                0x0000000000013f18      0x120 contiki-srf06-cc26xx.a(rpl-icmp6.o)
 .text.dio_input
                0x0000000000014038      0x2a8 contiki-srf06-cc26xx.a(rpl-icmp6.o)
 .text.rpl_icmp6_update_nbr_table
                0x00000000000142e0       0x38 contiki-srf06-cc26xx.a(rpl-icmp6.o)
                0x00000000000142e0                rpl_icmp6_update_nbr_table
 .text.dao_input
                0x0000000000014318      0x2c8 contiki-srf06-cc26xx.a(rpl-icmp6.o)
 .text.dis_output
                0x00000000000145e0       0x58 contiki-srf06-cc26xx.a(rpl-icmp6.o)
                0x00000000000145e0                dis_output
 .text.dio_output
                0x0000000000014638      0x2b0 contiki-srf06-cc26xx.a(rpl-icmp6.o)
                0x0000000000014638                dio_output
 .text.dis_input
                0x00000000000148e8       0x54 contiki-srf06-cc26xx.a(rpl-icmp6.o)
 .text.dao_output
                0x000000000001493c       0x90 contiki-srf06-cc26xx.a(rpl-icmp6.o)
                0x000000000001493c                dao_output
 .text.dao_output_target
                0x00000000000149cc        0xc contiki-srf06-cc26xx.a(rpl-icmp6.o)
                0x00000000000149cc                dao_output_target
 .text.rpl_icmp6_register_handlers
                0x00000000000149d8       0x30 contiki-srf06-cc26xx.a(rpl-icmp6.o)
                0x00000000000149d8                rpl_icmp6_register_handlers
 .text.TrimAfterColdResetWakeupFromShutDown
                0x0000000000014a08       0xe4 contiki-srf06-cc26xx.a(setup.o)
 .text.NOROM_SetupTrimDevice
                0x0000000000014aec       0xa4 contiki-srf06-cc26xx.a(setup.o)
                0x0000000000014aec                NOROM_SetupTrimDevice
 .text.NOROM_AONBatMonTemperatureGetDegC
                0x0000000000014b90       0x30 contiki-srf06-cc26xx.a(aon_batmon.o)
                0x0000000000014b90                NOROM_AONBatMonTemperatureGetDegC
 .text.NOROM_OSCClockSourceSet
                0x0000000000014bc0       0x50 contiki-srf06-cc26xx.a(osc.o)
                0x0000000000014bc0                NOROM_OSCClockSourceSet
 .text.NOROM_OSCClockSourceGet
                0x0000000000014c10       0x20 contiki-srf06-cc26xx.a(osc.o)
                0x0000000000014c10                NOROM_OSCClockSourceGet
 .text.NOROM_DDI32RegWrite
                0x0000000000014c30       0x34 contiki-srf06-cc26xx.a(ddi.o)
                0x0000000000014c30                NOROM_DDI32RegWrite
 .text.NOROM_DDI16BitfieldWrite
                0x0000000000014c64       0x4c contiki-srf06-cc26xx.a(ddi.o)
                0x0000000000014c64                NOROM_DDI16BitfieldWrite
 .text.NOROM_DDI16BitfieldRead
                0x0000000000014cb0       0x4c contiki-srf06-cc26xx.a(ddi.o)
                0x0000000000014cb0                NOROM_DDI16BitfieldRead
 .text.NOROM_SysCtrlSetRechargeBeforePowerDown
                0x0000000000014cfc      0x264 contiki-srf06-cc26xx.a(sys_ctrl.o)
                0x0000000000014cfc                NOROM_SysCtrlSetRechargeBeforePowerDown
 .text.NOROM_SysCtrlAdjustRechargeAfterPowerDown
                0x0000000000014f60       0x70 contiki-srf06-cc26xx.a(sys_ctrl.o)
                0x0000000000014f60                NOROM_SysCtrlAdjustRechargeAfterPowerDown
 .text.NOROM_SysCtrl_DCDC_VoltageConditionalControl
                0x0000000000014fd0       0x7c contiki-srf06-cc26xx.a(sys_ctrl.o)
                0x0000000000014fd0                NOROM_SysCtrl_DCDC_VoltageConditionalControl
 .text.SafeHapiVoid
                0x000000000001504c       0x2c contiki-srf06-cc26xx.a(adi.o)
                0x000000000001504c                SafeHapiVoid
 .text.NOROM_PowerCtrlSourceSet
                0x0000000000015078       0x30 contiki-srf06-cc26xx.a(pwr_ctrl.o)
                0x0000000000015078                NOROM_PowerCtrlSourceSet
 .text.NOROM_TRNGConfigure
                0x00000000000150a8       0x38 contiki-srf06-cc26xx.a(trng.o)
                0x00000000000150a8                NOROM_TRNGConfigure
 .text.NOROM_CPUcpsid
                0x00000000000150e0        0x8 contiki-srf06-cc26xx.a(cpu.o)
                0x00000000000150e0                NOROM_CPUcpsid
 .text.NOROM_CPUcpsie
                0x00000000000150e8        0x8 contiki-srf06-cc26xx.a(cpu.o)
                0x00000000000150e8                NOROM_CPUcpsie
 .text.NOROM_CPUdelay
                0x00000000000150f0        0x8 contiki-srf06-cc26xx.a(cpu.o)
                0x00000000000150f0                NOROM_CPUdelay
 .text.NOROM_AONRTCCurrentCompareValueGet
                0x00000000000150f8       0x24 contiki-srf06-cc26xx.a(aon_rtc.o)
                0x00000000000150f8                NOROM_AONRTCCurrentCompareValueGet
 .text.NOROM_ChipInfo_GetSupportedProtocol_BV
                0x000000000001511c       0x10 contiki-srf06-cc26xx.a(chipinfo.o)
                0x000000000001511c                NOROM_ChipInfo_GetSupportedProtocol_BV
 .text.NOROM_ChipInfo_GetChipFamily
                0x000000000001512c       0x4c contiki-srf06-cc26xx.a(chipinfo.o)
                0x000000000001512c                NOROM_ChipInfo_GetChipFamily
 .text.NOROM_ChipInfo_GetChipType
                0x0000000000015178       0x50 contiki-srf06-cc26xx.a(chipinfo.o)
                0x0000000000015178                NOROM_ChipInfo_GetChipType
 .text.NOROM_ChipInfo_GetHwRevision
                0x00000000000151c8       0x6c contiki-srf06-cc26xx.a(chipinfo.o)
                0x00000000000151c8                NOROM_ChipInfo_GetHwRevision
 .text.NOROM_ThisCodeIsBuiltForCC26xxHwRev22AndLater_HaltIfViolated
                0x0000000000015234       0x14 contiki-srf06-cc26xx.a(chipinfo.o)
                0x0000000000015234                NOROM_ThisCodeIsBuiltForCC26xxHwRev22AndLater_HaltIfViolated
 .text.queuebuf_init
                0x0000000000015248       0x1c contiki-srf06-cc26xx.a(queuebuf.o)
                0x0000000000015248                queuebuf_init
 .text.queuebuf_numfree
                0x0000000000015264        0xc contiki-srf06-cc26xx.a(queuebuf.o)
                0x0000000000015264                queuebuf_numfree
 .text.queuebuf_new_from_packetbuf
                0x0000000000015270       0x48 contiki-srf06-cc26xx.a(queuebuf.o)
                0x0000000000015270                queuebuf_new_from_packetbuf
 .text.queuebuf_update_attr_from_packetbuf
                0x00000000000152b8        0xc contiki-srf06-cc26xx.a(queuebuf.o)
                0x00000000000152b8                queuebuf_update_attr_from_packetbuf
 .text.queuebuf_update_from_packetbuf
                0x00000000000152c4       0x1c contiki-srf06-cc26xx.a(queuebuf.o)
                0x00000000000152c4                queuebuf_update_from_packetbuf
 .text.queuebuf_free
                0x00000000000152e0       0x2c contiki-srf06-cc26xx.a(queuebuf.o)
                0x00000000000152e0                queuebuf_free
 .text.queuebuf_to_packetbuf
                0x000000000001530c       0x30 contiki-srf06-cc26xx.a(queuebuf.o)
                0x000000000001530c                queuebuf_to_packetbuf
 .text.queuebuf_attr
                0x000000000001533c        0xc contiki-srf06-cc26xx.a(queuebuf.o)
                0x000000000001533c                queuebuf_attr
 .text.index_from_lladdr
                0x0000000000015348       0x50 contiki-srf06-cc26xx.a(nbr-table.o)
 .text.remove_key
                0x0000000000015398       0x9c contiki-srf06-cc26xx.a(nbr-table.o)
 .text.nbr_table_register
                0x0000000000015434       0x2c contiki-srf06-cc26xx.a(nbr-table.o)
                0x0000000000015434                nbr_table_register
 .text.nbr_table_next
                0x0000000000015460       0x7c contiki-srf06-cc26xx.a(nbr-table.o)
                0x0000000000015460                nbr_table_next
 .text.nbr_table_head
                0x00000000000154dc       0x70 contiki-srf06-cc26xx.a(nbr-table.o)
                0x00000000000154dc                nbr_table_head
 .text.nbr_table_add_lladdr
                0x000000000001554c      0x15c contiki-srf06-cc26xx.a(nbr-table.o)
                0x000000000001554c                nbr_table_add_lladdr
 .text.nbr_table_get_from_lladdr
                0x00000000000156a8       0x44 contiki-srf06-cc26xx.a(nbr-table.o)
                0x00000000000156a8                nbr_table_get_from_lladdr
 .text.nbr_table_remove
                0x00000000000156ec       0x5c contiki-srf06-cc26xx.a(nbr-table.o)
                0x00000000000156ec                nbr_table_remove
 .text.nbr_table_lock
                0x0000000000015748       0x34 contiki-srf06-cc26xx.a(nbr-table.o)
                0x0000000000015748                nbr_table_lock
 .text.nbr_table_unlock
                0x000000000001577c       0x38 contiki-srf06-cc26xx.a(nbr-table.o)
                0x000000000001577c                nbr_table_unlock
 .text.nbr_table_get_lladdr
                0x00000000000157b4       0x30 contiki-srf06-cc26xx.a(nbr-table.o)
                0x00000000000157b4                nbr_table_get_lladdr
 .text.nbr_table_update_lladdr
                0x00000000000157e4       0x54 contiki-srf06-cc26xx.a(nbr-table.o)
                0x00000000000157e4                nbr_table_update_lladdr
 .text.packetbuf_copyto
                0x0000000000015838       0x50 contiki-srf06-cc26xx.a(packetbuf.o)
                0x0000000000015838                packetbuf_copyto
 .text.packetbuf_hdralloc
                0x0000000000015888       0x54 contiki-srf06-cc26xx.a(packetbuf.o)
                0x0000000000015888                packetbuf_hdralloc
 .text.packetbuf_hdrreduce
                0x00000000000158dc       0x2c contiki-srf06-cc26xx.a(packetbuf.o)
                0x00000000000158dc                packetbuf_hdrreduce
 .text.packetbuf_set_datalen
                0x0000000000015908        0xc contiki-srf06-cc26xx.a(packetbuf.o)
                0x0000000000015908                packetbuf_set_datalen
 .text.packetbuf_dataptr
                0x0000000000015914       0x20 contiki-srf06-cc26xx.a(packetbuf.o)
                0x0000000000015914                packetbuf_dataptr
 .text.packetbuf_hdrptr
                0x0000000000015934        0x8 contiki-srf06-cc26xx.a(packetbuf.o)
                0x0000000000015934                packetbuf_hdrptr
 .text.packetbuf_datalen
                0x000000000001593c        0xc contiki-srf06-cc26xx.a(packetbuf.o)
                0x000000000001593c                packetbuf_datalen
 .text.packetbuf_totlen
                0x0000000000015948       0x24 contiki-srf06-cc26xx.a(packetbuf.o)
                0x0000000000015948                packetbuf_totlen
 .text.packetbuf_attr_clear
                0x000000000001596c       0x34 contiki-srf06-cc26xx.a(packetbuf.o)
                0x000000000001596c                packetbuf_attr_clear
 .text.packetbuf_clear
                0x00000000000159a0       0x20 contiki-srf06-cc26xx.a(packetbuf.o)
                0x00000000000159a0                packetbuf_clear
 .text.packetbuf_copyfrom
                0x00000000000159c0       0x40 contiki-srf06-cc26xx.a(packetbuf.o)
                0x00000000000159c0                packetbuf_copyfrom
 .text.packetbuf_attr_copyto
                0x0000000000015a00       0x44 contiki-srf06-cc26xx.a(packetbuf.o)
                0x0000000000015a00                packetbuf_attr_copyto
 .text.packetbuf_attr_copyfrom
                0x0000000000015a44       0x44 contiki-srf06-cc26xx.a(packetbuf.o)
                0x0000000000015a44                packetbuf_attr_copyfrom
 .text.packetbuf_set_attr
                0x0000000000015a88       0x10 contiki-srf06-cc26xx.a(packetbuf.o)
                0x0000000000015a88                packetbuf_set_attr
 .text.packetbuf_attr
                0x0000000000015a98        0xc contiki-srf06-cc26xx.a(packetbuf.o)
                0x0000000000015a98                packetbuf_attr
 .text.packetbuf_set_addr
                0x0000000000015aa4       0x18 contiki-srf06-cc26xx.a(packetbuf.o)
                0x0000000000015aa4                packetbuf_set_addr
 .text.packetbuf_addr
                0x0000000000015abc       0x10 contiki-srf06-cc26xx.a(packetbuf.o)
                0x0000000000015abc                packetbuf_addr
 .text.packetbuf_holds_broadcast
                0x0000000000015acc       0x10 contiki-srf06-cc26xx.a(packetbuf.o)
                0x0000000000015acc                packetbuf_holds_broadcast
 .text.netstack_init
                0x0000000000015adc       0x38 contiki-srf06-cc26xx.a(netstack.o)
                0x0000000000015adc                netstack_init
 .text.linkaddr_copy
                0x0000000000015b14        0xc contiki-srf06-cc26xx.a(linkaddr.o)
                0x0000000000015b14                linkaddr_copy
 .text.linkaddr_cmp
                0x0000000000015b20       0x10 contiki-srf06-cc26xx.a(linkaddr.o)
                0x0000000000015b20                linkaddr_cmp
 .text.periodic
                0x0000000000015b30       0x2c contiki-srf06-cc26xx.a(link-stats.o)
 .text.link_stats_from_lladdr
                0x0000000000015b5c        0xc contiki-srf06-cc26xx.a(link-stats.o)
                0x0000000000015b5c                link_stats_from_lladdr
 .text.link_stats_is_fresh
                0x0000000000015b68       0x28 contiki-srf06-cc26xx.a(link-stats.o)
                0x0000000000015b68                link_stats_is_fresh
 .text.link_stats_packet_sent