Archive member included to satisfy reference by file (symbol)

contiki-srf06-cc26xx.a(contiki-main.o)
                              obj_srf06-cc26xx/startup_gcc.o (main)
contiki-srf06-cc26xx.a(sensors.o)
                              cc26xx-demo.co (sensors_event)
contiki-srf06-cc26xx.a(leds.o)
                              contiki-srf06-cc26xx.a(contiki-main.o) (leds_init)
contiki-srf06-cc26xx.a(leds-arch.o)
                              contiki-srf06-cc26xx.a(leds.o) (leds_arch_init)
contiki-srf06-cc26xx.a(sensortag-senso)
                              contiki-srf06-cc26xx.a(sensors.o) (sensors_flags)
contiki-srf06-cc26xx.a(bmp-280-sensor.)
                              cc26xx-demo.co (bmp_280_sensor)
contiki-srf06-cc26xx.a(tmp-007-sensor.)
                              contiki-srf06-cc26xx.a(sensortag-senso) (tmp_007_sensor)
contiki-srf06-cc26xx.a(opt-3001-sensor)
                              cc26xx-demo.co (opt_3001_sensor)
contiki-srf06-cc26xx.a(hdc-1000-sensor)
                              contiki-srf06-cc26xx.a(sensortag-senso) (hdc_1000_sensor)
contiki-srf06-cc26xx.a(mpu-9250-sensor)
                              contiki-srf06-cc26xx.a(sensortag-senso) (mpu_9250_sensor)
contiki-srf06-cc26xx.a(button-sensor.o)
                              cc26xx-demo.co (button_right_sensor)
contiki-srf06-cc26xx.a(reed-relay.o)
                              cc26xx-demo.co (reed_relay_sensor)
contiki-srf06-cc26xx.a(buzzer.o)
                              cc26xx-demo.co (buzzer_state)
contiki-srf06-cc26xx.a(board.o)
                              contiki-srf06-cc26xx.a(contiki-main.o) (board_init)
contiki-srf06-cc26xx.a(board-i2c.o)
                              contiki-srf06-cc26xx.a(board.o) (board_i2c_wakeup)
contiki-srf06-cc26xx.a(clock.o)
                              contiki-srf06-cc26xx.a(contiki-main.o) (clock_init)
contiki-srf06-cc26xx.a(rtimer-arch.o)
                              contiki-srf06-cc26xx.a(mpu-9250-sensor) (rtimer_arch_now)
contiki-srf06-cc26xx.a(soc-rtc.o)
                              contiki-srf06-cc26xx.a(contiki-main.o) (soc_rtc_init)
contiki-srf06-cc26xx.a(contiki-watchdo)
                              contiki-srf06-cc26xx.a(contiki-main.o) (watchdog_init)
contiki-srf06-cc26xx.a(putchar.o)
                              contiki-srf06-cc26xx.a(contiki-main.o) (putchar)
contiki-srf06-cc26xx.a(ieee-addr.o)
                              contiki-srf06-cc26xx.a(contiki-main.o) (ieee_addr_cpy_to)
contiki-srf06-cc26xx.a(cc26xx-uart.o)
                              contiki-srf06-cc26xx.a(contiki-main.o) (cc26xx_uart_init)
contiki-srf06-cc26xx.a(lpm.o)
                              contiki-srf06-cc26xx.a(contiki-main.o) (lpm_drop)
contiki-srf06-cc26xx.a(gpio-interrupt.)
                              contiki-srf06-cc26xx.a(button-sensor.o) (gpio_interrupt_register_handler)
contiki-srf06-cc26xx.a(oscillators.o)
                              contiki-srf06-cc26xx.a(contiki-main.o) (oscillators_select_lf_xosc)
contiki-srf06-cc26xx.a(ieee-mode.o)
                              contiki-srf06-cc26xx.a(contiki-main.o) (ieee_mode_driver)
contiki-srf06-cc26xx.a(random.o)
                              contiki-srf06-cc26xx.a(contiki-main.o) (random_init)
contiki-srf06-cc26xx.a(soc-trng.o)
                              contiki-srf06-cc26xx.a(random.o) (soc_trng_rand_synchronous)
contiki-srf06-cc26xx.a(dbg-printf.o)
                              cc26xx-demo.co (printf)
contiki-srf06-cc26xx.a(strformat.o)
                              contiki-srf06-cc26xx.a(dbg-printf.o) (format_str_v)
contiki-srf06-cc26xx.a(autostart.o)
                              contiki-srf06-cc26xx.a(contiki-main.o) (autostart_start)
contiki-srf06-cc26xx.a(energest.o)
                              contiki-srf06-cc26xx.a(contiki-main.o) (energest_init)
contiki-srf06-cc26xx.a(etimer.o)
                              contiki-srf06-cc26xx.a(clock.o) (etimer_request_poll)
contiki-srf06-cc26xx.a(ctimer.o)
                              contiki-srf06-cc26xx.a(contiki-main.o) (ctimer_init)
contiki-srf06-cc26xx.a(process.o)
                              contiki-srf06-cc26xx.a(sensors.o) (process_alloc_event)
contiki-srf06-cc26xx.a(rtimer.o)
                              contiki-srf06-cc26xx.a(contiki-main.o) (rtimer_init)
contiki-srf06-cc26xx.a(timer.o)
                              contiki-srf06-cc26xx.a(button-sensor.o) (timer_set)
contiki-srf06-cc26xx.a(serial-line.o)
                              contiki-srf06-cc26xx.a(contiki-main.o) (serial_line_init)
contiki-srf06-cc26xx.a(ringbuf.o)
                              contiki-srf06-cc26xx.a(serial-line.o) (ringbuf_init)
contiki-srf06-cc26xx.a(list.o)
                              contiki-srf06-cc26xx.a(lpm.o) (list_init)
contiki-srf06-cc26xx.a(uip6.o)
                              contiki-srf06-cc26xx.a(contiki-main.o) (uip_lladdr)
contiki-srf06-cc26xx.a(uip-nd6.o)
                              contiki-srf06-cc26xx.a(uip6.o) (uip_nd6_init)
contiki-srf06-cc26xx.a(sicslowpan.o)
[...]
Memory Configuration

Name             Origin             Length             Attributes
FLASH            0x0000000000000000 0x000000000001ffa8 xr
FLASH_CCFG       0x000000000001ffa8 0x0000000000000058 xr
SRAM             0x0000000020000000 0x0000000000005000 xrw
GPRAM            0x0000000011000000 0x0000000000002000 xrw
*default*        0x0000000000000000 0xffffffffffffffff

Linker script and memory map

LOAD obj_srf06-cc26xx/fault-handlers.o
LOAD obj_srf06-cc26xx/ccfg.o
LOAD obj_srf06-cc26xx/startup_gcc.o
LOAD cc26xx-demo.co
LOAD contiki-srf06-cc26xx.a
LOAD /usr/lib/gcc/arm-none-eabi/5.4.1/../../../arm-none-eabi/lib/armv7-m/libm.a
START GROUP
LOAD /usr/lib/gcc/arm-none-eabi/5.4.1/armv7-m/libgcc.a
LOAD /usr/lib/gcc/arm-none-eabi/5.4.1/../../../arm-none-eabi/lib/armv7-m/libc.a
END GROUP
                0x0000000020005000                _estack = (ORIGIN (SRAM) + LENGTH (SRAM))
                0x0000000000000000                _Min_Heap_Size = 0x0
                0x0000000000000100                _Min_Stack_Size = 0x100

.text           0x0000000000000000    0x1130c
                0x0000000000000000                _text = .
 *(SORT(.vectors))
 .vectors       0x0000000000000000       0xc8 obj_srf06-cc26xx/startup_gcc.o
                0x0000000000000000                g_pfnVectors
 *(SORT(.text*))
 .text.value    0x00000000000000c8       0xb0 contiki-srf06-cc26xx.a(opt-3001-sensor)
 .text.value    0x0000000000000178       0x9c contiki-srf06-cc26xx.a(hdc-1000-sensor)
 *fill*         0x0000000000000214        0x4 00000000
 .text.value    0x0000000000000218      0x19c contiki-srf06-cc26xx.a(mpu-9250-sensor)
 *fill*         0x00000000000003b4        0x4 00000000
 .text          0x00000000000003b8      0xac4 /usr/lib/gcc/arm-none-eabi/5.4.1/../../../arm-none-eabi/lib/armv7-m/libm.a(lib_a-e_pow.o)
                0x00000000000003b8                __ieee754_pow
 *fill*         0x0000000000000e7c        0x4 00000000
 .text          0x0000000000000e80       0xe4 /usr/lib/gcc/arm-none-eabi/5.4.1/../../../arm-none-eabi/lib/armv7-m/libm.a(lib_a-s_scalbn.o)
                0x0000000000000e80                scalbn
 .text.FaultISR
                0x0000000000000f64       0x18 obj_srf06-cc26xx/fault-handlers.o
                0x0000000000000f64                FaultISR
 .text.NmiSRHandler
                0x0000000000000f7c        0x4 obj_srf06-cc26xx/startup_gcc.o
                0x0000000000000f7c                NmiSR
 .text.IntDefaultHandler
                0x0000000000000f80        0x4 obj_srf06-cc26xx/startup_gcc.o
                0x0000000000000f80                SSI0IntHandler
                0x0000000000000f80                SWEvent0IntHandler
                0x0000000000000f80                uDMAIntHandler
                0x0000000000000f80                WatchdogIntHandler
                0x0000000000000f80                RFCHardwareIntHandler
                0x0000000000000f80                Timer1BIntHandler
                0x0000000000000f80                I2SIntHandler
                0x0000000000000f80                Timer2BIntHandler
                0x0000000000000f80                Timer2AIntHandler
                0x0000000000000f80                Timer1AIntHandler
                0x0000000000000f80                AONIntHandler
                0x0000000000000f80                AUXSWEvent0IntHandler
                0x0000000000000f80                AUXADCIntHandler
                0x0000000000000f80                PendSVIntHandler
                0x0000000000000f80                AUXSWEvent1IntHandler
                0x0000000000000f80                SVCallIntHandler
                0x0000000000000f80                MPUFaultIntHandler
                0x0000000000000f80                SysTickIntHandler
                0x0000000000000f80                BusFaultIntHandler
                0x0000000000000f80                AONProgIntHandler
                0x0000000000000f80                AUXCompAIntHandler
                0x0000000000000f80                SSI1IntHandler
                0x0000000000000f80                FlashIntHandler
                0x0000000000000f80                uDMAErrIntHandler
                0x0000000000000f80                UsageFaultIntHandler
                0x0000000000000f80                RFCCmdAckIntHandler
                0x0000000000000f80                CryptoIntHandler
                0x0000000000000f80                Timer0AIntHandler
                0x0000000000000f80                I2CIntHandler
                0x0000000000000f80                DebugMonIntHandler
                0x0000000000000f80                Timer0BIntHandler
                0x0000000000000f80                AUXCombEventIntHandler
                0x0000000000000f80                Timer3AIntHandler
                0x0000000000000f80                DynProgIntHandler
                0x0000000000000f80                Timer3BIntHandler
 .text.ResetISR
                0x0000000000000f84       0x5c obj_srf06-cc26xx/startup_gcc.o
                0x0000000000000f84                ResetISR
 .text.init_bmp_reading
                0x0000000000000fe0       0x10 cc26xx-demo.co
 .text.init_opt_reading
                0x0000000000000ff0       0x10 cc26xx-demo.co
 .text.process_thread_cc26xx_demo_process
                0x0000000000001000      0x1d8 cc26xx-demo.co
 .text.fade     0x00000000000011d8       0x64 contiki-srf06-cc26xx.a(contiki-main.o)
 .text.startup.main
                0x000000000000123c      0x24c contiki-srf06-cc26xx.a(contiki-main.o)
                0x000000000000123c                main
 .text.process_thread_sensors_process
                0x0000000000001488       0xf8 contiki-srf06-cc26xx.a(sensors.o)
 .text.sensors_changed
                0x0000000000001580       0x4c contiki-srf06-cc26xx.a(sensors.o)
                0x0000000000001580                sensors_changed
 .text.leds_init
                0x00000000000015cc       0x14 contiki-srf06-cc26xx.a(leds.o)
                0x00000000000015cc                leds_init
 .text.leds_on  0x00000000000015e0       0x14 contiki-srf06-cc26xx.a(leds.o)
                0x00000000000015e0                leds_on
 .text.leds_off
                0x00000000000015f4       0x14 contiki-srf06-cc26xx.a(leds.o)
                0x00000000000015f4                leds_off
 .text.leds_toggle
                0x0000000000001608       0x14 contiki-srf06-cc26xx.a(leds.o)
                0x0000000000001608                leds_toggle
 .text.leds_arch_init
                0x000000000000161c       0x38 contiki-srf06-cc26xx.a(leds-arch.o)
                0x000000000000161c                leds_arch_init
 .text.leds_arch_set
                0x0000000000001654       0x34 contiki-srf06-cc26xx.a(leds-arch.o)
                0x0000000000001654                leds_arch_set
 .text.status   0x0000000000001688       0x14 contiki-srf06-cc26xx.a(bmp-280-sensor.)
 .text.notify_ready
                0x000000000000169c       0x14 contiki-srf06-cc26xx.a(bmp-280-sensor.)
 .text.enable_sensor
                0x00000000000016b0       0x2c contiki-srf06-cc26xx.a(bmp-280-sensor.)
 .text.configure
                0x00000000000016dc       0x94 contiki-srf06-cc26xx.a(bmp-280-sensor.)
 .text.value    0x0000000000001770      0x178 contiki-srf06-cc26xx.a(bmp-280-sensor.)
 .text.status   0x00000000000018e8       0x14 contiki-srf06-cc26xx.a(tmp-007-sensor.)
 .text.notify_ready
                0x00000000000018fc       0x14 contiki-srf06-cc26xx.a(tmp-007-sensor.)
 .text.enable_sensor
                0x0000000000001910       0x2c contiki-srf06-cc26xx.a(tmp-007-sensor.)
 .text.configure
                0x000000000000193c       0x94 contiki-srf06-cc26xx.a(tmp-007-sensor.)
 .text.value    0x00000000000019d0       0xf0 contiki-srf06-cc26xx.a(tmp-007-sensor.)
 .text.status   0x0000000000001ac0        0xc contiki-srf06-cc26xx.a(opt-3001-sensor)
 .text.enable_sensor
                0x0000000000001acc       0x44 contiki-srf06-cc26xx.a(opt-3001-sensor)
 .text.notify_ready
                0x0000000000001b10       0x54 contiki-srf06-cc26xx.a(opt-3001-sensor)
 .text.configure
                0x0000000000001b64       0x4c contiki-srf06-cc26xx.a(opt-3001-sensor)
 .text.status   0x0000000000001bb0       0x14 contiki-srf06-cc26xx.a(hdc-1000-sensor)
 .text.notify_ready
                0x0000000000001bc4       0x68 contiki-srf06-cc26xx.a(hdc-1000-sensor)
 .text.configure
                0x0000000000001c2c       0xb8 contiki-srf06-cc26xx.a(hdc-1000-sensor)
 .text.acc_convert
                0x0000000000001ce4       0x70 contiki-srf06-cc26xx.a(mpu-9250-sensor)
 .text.status   0x0000000000001d54       0x14 contiki-srf06-cc26xx.a(mpu-9250-sensor)
 .text.notify_ready
                0x0000000000001d68       0x14 contiki-srf06-cc26xx.a(mpu-9250-sensor)
 .text.sensor_sleep
                0x0000000000001d7c       0x38 contiki-srf06-cc26xx.a(mpu-9250-sensor)
 .text.configure
                0x0000000000001db4       0xdc contiki-srf06-cc26xx.a(mpu-9250-sensor)
 .text.int_status
                0x0000000000001e90       0x28 contiki-srf06-cc26xx.a(mpu-9250-sensor)
 .text.initialise
                0x0000000000001eb8      0x100 contiki-srf06-cc26xx.a(mpu-9250-sensor)
 .text.status.part.0
                0x0000000000001fb8       0x14 contiki-srf06-cc26xx.a(button-sensor.o)
 .text.value_left
                0x0000000000001fcc       0x24 contiki-srf06-cc26xx.a(button-sensor.o)
 .text.value_right
                0x0000000000001ff0       0x24 contiki-srf06-cc26xx.a(button-sensor.o)
 .text.status_left
                0x0000000000002014       0x10 contiki-srf06-cc26xx.a(button-sensor.o)
 .text.status_right
                0x0000000000002024       0x10 contiki-srf06-cc26xx.a(button-sensor.o)
 .text.config_buttons
                0x0000000000002034       0x84 contiki-srf06-cc26xx.a(button-sensor.o)
 .text.config_left
                0x00000000000020b8        0xc contiki-srf06-cc26xx.a(button-sensor.o)
 .text.config_right
                0x00000000000020c4        0xc contiki-srf06-cc26xx.a(button-sensor.o)
 .text.button_press_handler
                0x00000000000020d0       0x98 contiki-srf06-cc26xx.a(button-sensor.o)
 .text.value    0x0000000000002168       0x10 contiki-srf06-cc26xx.a(reed-relay.o)
 .text.status   0x0000000000002178       0x20 contiki-srf06-cc26xx.a(reed-relay.o)
 .text.configure
                0x0000000000002198       0x6c contiki-srf06-cc26xx.a(reed-relay.o)
 .text.reed_interrupt_handler
                0x0000000000002204       0x28 contiki-srf06-cc26xx.a(reed-relay.o)
 .text.buzzer_init
                0x000000000000222c        0xc contiki-srf06-cc26xx.a(buzzer.o)
                0x000000000000222c                buzzer_init
 .text.buzzer_state
                0x0000000000002238        0xc contiki-srf06-cc26xx.a(buzzer.o)
                0x0000000000002238                buzzer_state
 .text.buzzer_start
                0x0000000000002244       0xa4 contiki-srf06-cc26xx.a(buzzer.o)
                0x0000000000002244                buzzer_start
 .text.buzzer_stop
                0x00000000000022e8       0x74 contiki-srf06-cc26xx.a(buzzer.o)
                0x00000000000022e8                buzzer_stop
 .text.power_domains_on
                0x000000000000235c       0x20 contiki-srf06-cc26xx.a(board.o)
 .text.lpm_wakeup_handler
                0x000000000000237c        0x4 contiki-srf06-cc26xx.a(board.o)
 .text.shutdown_handler
                0x0000000000002380       0x68 contiki-srf06-cc26xx.a(board.o)
 .text.board_init
                0x00000000000023e8      0x118 contiki-srf06-cc26xx.a(board.o)
                0x00000000000023e8                board_init
 .text.i2c_status
                0x0000000000002500       0x34 contiki-srf06-cc26xx.a(board-i2c.o)
 .text.accessible
                0x0000000000002534       0x24 contiki-srf06-cc26xx.a(board-i2c.o)
 .text.board_i2c_wakeup
                0x0000000000002558       0x5c contiki-srf06-cc26xx.a(board-i2c.o)
                0x0000000000002558                board_i2c_wakeup
 .text.board_i2c_shutdown
                0x00000000000025b4       0xa4 contiki-srf06-cc26xx.a(board-i2c.o)
                0x00000000000025b4                board_i2c_shutdown
 .text.board_i2c_write
                0x0000000000002658      0x138 contiki-srf06-cc26xx.a(board-i2c.o)
                0x0000000000002658                board_i2c_write
 .text.board_i2c_write_single
                0x0000000000002790       0x70 contiki-srf06-cc26xx.a(board-i2c.o)
                0x0000000000002790                board_i2c_write_single
 .text.board_i2c_read
                0x0000000000002800      0x118 contiki-srf06-cc26xx.a(board-i2c.o)
                0x0000000000002800                board_i2c_read
 .text.board_i2c_write_read
                0x0000000000002918      0x1c0 contiki-srf06-cc26xx.a(board-i2c.o)
                0x0000000000002918                board_i2c_write_read
 .text.board_i2c_select
                0x0000000000002ad8       0xdc contiki-srf06-cc26xx.a(board-i2c.o)
                0x0000000000002ad8                board_i2c_select
 .text.power_domain_on
                0x0000000000002bb4       0x20 contiki-srf06-cc26xx.a(clock.o)
 .text.clock_init
                0x0000000000002bd4       0x98 contiki-srf06-cc26xx.a(clock.o)
                0x0000000000002bd4                clock_init
 .text.clock_time
                0x0000000000002c6c       0x34 contiki-srf06-cc26xx.a(clock.o)
                0x0000000000002c6c                clock_time
 .text.clock_update
                0x0000000000002ca0       0x3c contiki-srf06-cc26xx.a(clock.o)
                0x0000000000002ca0                clock_update
 .text.clock_seconds
                0x0000000000002cdc       0x18 contiki-srf06-cc26xx.a(clock.o)
                0x0000000000002cdc                clock_seconds
 .text.rtimer_arch_init
                0x0000000000002cf4        0x4 contiki-srf06-cc26xx.a(rtimer-arch.o)
                0x0000000000002cf4                rtimer_arch_init
 .text.rtimer_arch_schedule
                0x0000000000002cf8        0x8 contiki-srf06-cc26xx.a(rtimer-arch.o)
                0x0000000000002cf8                rtimer_arch_schedule
 .text.rtimer_arch_now
                0x0000000000002d00        0x4 contiki-srf06-cc26xx.a(rtimer-arch.o)
                0x0000000000002d00                rtimer_arch_now
 .text.soc_rtc_init
                0x0000000000002d04       0xa0 contiki-srf06-cc26xx.a(soc-rtc.o)
                0x0000000000002d04                soc_rtc_init
 .text.soc_rtc_schedule_one_shot
                0x0000000000002da4       0x6c contiki-srf06-cc26xx.a(soc-rtc.o)
                0x0000000000002da4                soc_rtc_schedule_one_shot
 .text.soc_rtc_last_isr_time
                0x0000000000002e10        0xc contiki-srf06-cc26xx.a(soc-rtc.o)
                0x0000000000002e10                soc_rtc_last_isr_time
 .text.AONRTCIntHandler
                0x0000000000002e1c       0x88 contiki-srf06-cc26xx.a(soc-rtc.o)
                0x0000000000002e1c                AONRTCIntHandler
 .text.watchdog_init
                0x0000000000002ea4       0x1c contiki-srf06-cc26xx.a(contiki-watchdo)
                0x0000000000002ea4                watchdog_init
 .text.watchdog_start
                0x0000000000002ec0       0x68 contiki-srf06-cc26xx.a(contiki-watchdo)
                0x0000000000002ec0                watchdog_start
 .text.watchdog_periodic
                0x0000000000002f28       0x1c contiki-srf06-cc26xx.a(contiki-watchdo)
                0x0000000000002f28                watchdog_periodic
 .text.watchdog_reboot
                0x0000000000002f44        0x8 contiki-srf06-cc26xx.a(contiki-watchdo)
                0x0000000000002f44                watchdog_reboot
 .text.putchar  0x0000000000002f4c       0x10 contiki-srf06-cc26xx.a(putchar.o)
                0x0000000000002f4c                putchar
 .text.puts     0x0000000000002f5c       0x30 contiki-srf06-cc26xx.a(putchar.o)
                0x0000000000002f5c                puts
 .text.dbg_send_bytes
                0x0000000000002f8c       0x40 contiki-srf06-cc26xx.a(putchar.o)
                0x0000000000002f8c                dbg_send_bytes
 .text.ieee_addr_cpy_to
                0x0000000000002fcc       0x40 contiki-srf06-cc26xx.a(ieee-addr.o)
                0x0000000000002fcc                ieee_addr_cpy_to
 .text.power_and_clock
                0x000000000000300c       0x40 contiki-srf06-cc26xx.a(cc26xx-uart.o)
 .text.enable   0x000000000000304c       0xf4 contiki-srf06-cc26xx.a(cc26xx-uart.o)
 .text.accessible
                0x0000000000003140       0x24 contiki-srf06-cc26xx.a(cc26xx-uart.o)
 .text.lpm_drop_handler
                0x0000000000003164       0xcc contiki-srf06-cc26xx.a(cc26xx-uart.o)
 .text.cc26xx_uart_init
                0x0000000000003230       0x28 contiki-srf06-cc26xx.a(cc26xx-uart.o)
                0x0000000000003230                cc26xx_uart_init
 .text.cc26xx_uart_write_byte
                0x0000000000003258       0x28 contiki-srf06-cc26xx.a(cc26xx-uart.o)
                0x0000000000003258                cc26xx_uart_write_byte
 .text.cc26xx_uart_busy
                0x0000000000003280       0x18 contiki-srf06-cc26xx.a(cc26xx-uart.o)
                0x0000000000003280                cc26xx_uart_busy
 .text.UART0IntHandler
                0x0000000000003298       0x54 contiki-srf06-cc26xx.a(cc26xx-uart.o)
                0x0000000000003298                UART0IntHandler
 .text.lpm_sleep
                0x00000000000032ec       0x14 contiki-srf06-cc26xx.a(lpm.o)
                0x00000000000032ec                lpm_sleep
 .text.lpm_drop
                0x0000000000003300      0x258 contiki-srf06-cc26xx.a(lpm.o)
                0x0000000000003300                lpm_drop
 .text.lpm_register_module
                0x0000000000003558        0xc contiki-srf06-cc26xx.a(lpm.o)
                0x0000000000003558                lpm_register_module
 .text.lpm_unregister_module
                0x0000000000003564        0xc contiki-srf06-cc26xx.a(lpm.o)
                0x0000000000003564                lpm_unregister_module
 .text.lpm_init
                0x0000000000003570       0x20 contiki-srf06-cc26xx.a(lpm.o)
                0x0000000000003570                lpm_init
 .text.lpm_pin_set_default_state
                0x0000000000003590       0x2c contiki-srf06-cc26xx.a(lpm.o)
                0x0000000000003590                lpm_pin_set_default_state
 .text.gpio_interrupt_register_handler
                0x00000000000035bc       0x2c contiki-srf06-cc26xx.a(gpio-interrupt.)
                0x00000000000035bc                gpio_interrupt_register_handler
 .text.gpio_interrupt_init
                0x00000000000035e8       0x24 contiki-srf06-cc26xx.a(gpio-interrupt.)
                0x00000000000035e8                gpio_interrupt_init
 .text.GPIOIntHandler
                0x000000000000360c       0x30 contiki-srf06-cc26xx.a(gpio-interrupt.)
                0x000000000000360c                GPIOIntHandler
 .text.oscillators_select_lf_xosc
                0x000000000000363c       0x50 contiki-srf06-cc26xx.a(oscillators.o)
                0x000000000000363c                oscillators_select_lf_xosc
 .text.oscillators_request_hf_xosc
                0x000000000000368c       0x30 contiki-srf06-cc26xx.a(oscillators.o)
                0x000000000000368c                oscillators_request_hf_xosc
 .text.oscillators_switch_to_hf_xosc
                0x00000000000036bc       0x34 contiki-srf06-cc26xx.a(oscillators.o)
                0x00000000000036bc                oscillators_switch_to_hf_xosc
 .text.oscillators_switch_to_hf_rc
                0x00000000000036f0       0x38 contiki-srf06-cc26xx.a(oscillators.o)
                0x00000000000036f0                oscillators_switch_to_hf_rc
 .text.request  0x0000000000003728       0x20 contiki-srf06-cc26xx.a(ieee-mode.o)
 .text.rx_on    0x0000000000003748       0x60 contiki-srf06-cc26xx.a(ieee-mode.o)
 .text.prepare  0x00000000000037a8       0x1c contiki-srf06-cc26xx.a(ieee-mode.o)
 .text.rf_radio_setup
                0x00000000000037c4       0x64 contiki-srf06-cc26xx.a(ieee-mode.o)
 .text.soft_on  0x0000000000003828       0x18 contiki-srf06-cc26xx.a(ieee-mode.o)
 .text.pending_packet
                0x0000000000003840       0x48 contiki-srf06-cc26xx.a(ieee-mode.o)
 .text.soft_off
                0x0000000000003888       0x44 contiki-srf06-cc26xx.a(ieee-mode.o)
 .text.get_object
                0x00000000000038cc       0x4c contiki-srf06-cc26xx.a(ieee-mode.o)
 .text.transmitting.part.1
                0x0000000000003918       0x40 contiki-srf06-cc26xx.a(ieee-mode.o)
 .text.rx_off   0x0000000000003958       0x74 contiki-srf06-cc26xx.a(ieee-mode.o)
 .text.set_object
                0x00000000000039cc       0x60 contiki-srf06-cc26xx.a(ieee-mode.o)
 .text.get_cca_info
                0x0000000000003a2c       0x50 contiki-srf06-cc26xx.a(ieee-mode.o)
 .text.check_rat_overflow
                0x0000000000003a7c       0x80 contiki-srf06-cc26xx.a(ieee-mode.o)
 .text.receiving_packet
                0x0000000000003afc       0x3c contiki-srf06-cc26xx.a(ieee-mode.o)
 .text.off.part.7
                0x0000000000003b38       0x6c contiki-srf06-cc26xx.a(ieee-mode.o)
 .text.off      0x0000000000003ba4       0x14 contiki-srf06-cc26xx.a(ieee-mode.o)
 .text.on       0x0000000000003bb8       0xa8 contiki-srf06-cc26xx.a(ieee-mode.o)
 .text.set_value
                0x0000000000003c60      0x178 contiki-srf06-cc26xx.a(ieee-mode.o)
 .text.get_value
                0x0000000000003dd8      0x188 contiki-srf06-cc26xx.a(ieee-mode.o)
 .text.transmit
                0x0000000000003f60      0x114 contiki-srf06-cc26xx.a(ieee-mode.o)
 .text.send     0x0000000000004074       0x24 contiki-srf06-cc26xx.a(ieee-mode.o)
 .text.channel_clear
                0x0000000000004098       0x84 contiki-srf06-cc26xx.a(ieee-mode.o)
 .text.read_frame
                0x000000000000411c      0x190 contiki-srf06-cc26xx.a(ieee-mode.o)
 .text.handle_rat_overflow
                0x00000000000042ac       0x68 contiki-srf06-cc26xx.a(ieee-mode.o)
 .text.init     0x0000000000004314       0xfc contiki-srf06-cc26xx.a(ieee-mode.o)
 .text.random_rand
                0x0000000000004410        0xc contiki-srf06-cc26xx.a(random.o)
                0x0000000000004410                random_rand
 .text.random_init
                0x000000000000441c        0x4 contiki-srf06-cc26xx.a(random.o)
                0x000000000000441c                random_init
 .text.power_up
                0x0000000000004420       0x40 contiki-srf06-cc26xx.a(soc-trng.o)
 .text.request  0x0000000000004460       0x14 contiki-srf06-cc26xx.a(soc-trng.o)
 .text.process_thread_soc_trng_process
                0x0000000000004474       0x94 contiki-srf06-cc26xx.a(soc-trng.o)
 .text.accessible
                0x0000000000004508       0x24 contiki-srf06-cc26xx.a(soc-trng.o)
 .text.soc_trng_rand_synchronous
                0x000000000000452c       0xc4 contiki-srf06-cc26xx.a(soc-trng.o)
                0x000000000000452c                soc_trng_rand_synchronous
 .text.TRNGIntHandler
                0x00000000000045f0       0x50 contiki-srf06-cc26xx.a(soc-trng.o)
                0x00000000000045f0                TRNGIntHandler
 .text.soc_trng_init
                0x0000000000004640       0x28 contiki-srf06-cc26xx.a(soc-trng.o)
                0x0000000000004640                soc_trng_init
 .text.write_str
                0x0000000000004668       0x14 contiki-srf06-cc26xx.a(dbg-printf.o)
 .text.printf   0x000000000000467c       0x24 contiki-srf06-cc26xx.a(dbg-printf.o)
                0x000000000000467c                printf
 .text.fill_space
                0x00000000000046a0       0x3c contiki-srf06-cc26xx.a(strformat.o)
 .text.format_str_v
                0x00000000000046dc      0x95c contiki-srf06-cc26xx.a(strformat.o)
                0x00000000000046dc                format_str_v
 .text.autostart_start
                0x0000000000005038       0x18 contiki-srf06-cc26xx.a(autostart.o)
                0x0000000000005038                autostart_start
 .text.energest_init
                0x0000000000005050        0x4 contiki-srf06-cc26xx.a(energest.o)
                0x0000000000005050                energest_init
 .text.update_time
                0x0000000000005054       0x44 contiki-srf06-cc26xx.a(etimer.o)
 .text.process_thread_etimer_process
                0x0000000000005098       0xc8 contiki-srf06-cc26xx.a(etimer.o)
 .text.add_timer
                0x0000000000005160       0x54 contiki-srf06-cc26xx.a(etimer.o)
 .text.etimer_request_poll
                0x00000000000051b4        0xc contiki-srf06-cc26xx.a(etimer.o)
                0x00000000000051b4                etimer_request_poll
 .text.etimer_set
                0x00000000000051c0       0x14 contiki-srf06-cc26xx.a(etimer.o)
                0x00000000000051c0                etimer_set
 .text.etimer_reset
                0x00000000000051d4       0x14 contiki-srf06-cc26xx.a(etimer.o)
                0x00000000000051d4                etimer_reset
 .text.etimer_restart
                0x00000000000051e8       0x14 contiki-srf06-cc26xx.a(etimer.o)
                0x00000000000051e8                etimer_restart
 .text.etimer_expired
                0x00000000000051fc        0xc contiki-srf06-cc26xx.a(etimer.o)
                0x00000000000051fc                etimer_expired
 .text.etimer_expiration_time
                0x0000000000005208        0x8 contiki-srf06-cc26xx.a(etimer.o)
                0x0000000000005208                etimer_expiration_time
 .text.etimer_pending
                0x0000000000005210       0x10 contiki-srf06-cc26xx.a(etimer.o)
                0x0000000000005210                etimer_pending
 .text.etimer_next_expiration_time
                0x0000000000005220       0x14 contiki-srf06-cc26xx.a(etimer.o)
                0x0000000000005220                etimer_next_expiration_time
 .text.etimer_stop
                0x0000000000005234       0x44 contiki-srf06-cc26xx.a(etimer.o)
                0x0000000000005234                etimer_stop
 .text.process_thread_ctimer_process
                0x0000000000005278       0x94 contiki-srf06-cc26xx.a(ctimer.o)
 .text.ctimer_init
                0x000000000000530c       0x28 contiki-srf06-cc26xx.a(ctimer.o)
                0x000000000000530c                ctimer_init
 .text.ctimer_set_with_process
                0x0000000000005334       0x4c contiki-srf06-cc26xx.a(ctimer.o)
                0x0000000000005334                ctimer_set_with_process
 .text.ctimer_set
                0x0000000000005380       0x18 contiki-srf06-cc26xx.a(ctimer.o)
                0x0000000000005380                ctimer_set
 .text.ctimer_reset
                0x0000000000005398       0x38 contiki-srf06-cc26xx.a(ctimer.o)
                0x0000000000005398                ctimer_reset
 .text.ctimer_restart
                0x00000000000053d0       0x38 contiki-srf06-cc26xx.a(ctimer.o)
                0x00000000000053d0                ctimer_restart
 .text.ctimer_stop
                0x0000000000005408       0x34 contiki-srf06-cc26xx.a(ctimer.o)
                0x0000000000005408                ctimer_stop
 .text.exit_process
                0x000000000000543c       0xb0 contiki-srf06-cc26xx.a(process.o)
 .text.call_process.part.0
                0x00000000000054ec       0x38 contiki-srf06-cc26xx.a(process.o)
 .text.do_poll  0x0000000000005524       0x3c contiki-srf06-cc26xx.a(process.o)
 .text.process_alloc_event
                0x0000000000005560       0x10 contiki-srf06-cc26xx.a(process.o)
                0x0000000000005560                process_alloc_event
 .text.process_start
                0x0000000000005570       0x48 contiki-srf06-cc26xx.a(process.o)
                0x0000000000005570                process_start
 .text.process_init
                0x00000000000055b8       0x34 contiki-srf06-cc26xx.a(process.o)
                0x00000000000055b8                process_init
 .text.process_run
                0x00000000000055ec       0xa8 contiki-srf06-cc26xx.a(process.o)
                0x00000000000055ec                process_run
 .text.process_nevents
                0x0000000000005694       0x14 contiki-srf06-cc26xx.a(process.o)
                0x0000000000005694                process_nevents
 .text.process_post
                0x00000000000056a8       0x40 contiki-srf06-cc26xx.a(process.o)
                0x00000000000056a8                process_post
 .text.process_post_synch
                0x00000000000056e8       0x18 contiki-srf06-cc26xx.a(process.o)
                0x00000000000056e8                process_post_synch
 .text.process_poll
                0x0000000000005700       0x18 contiki-srf06-cc26xx.a(process.o)
                0x0000000000005700                process_poll
 .text.rtimer_init
                0x0000000000005718        0x4 contiki-srf06-cc26xx.a(rtimer.o)
                0x0000000000005718                rtimer_init
 .text.rtimer_set
                0x000000000000571c       0x2c contiki-srf06-cc26xx.a(rtimer.o)
                0x000000000000571c                rtimer_set
 .text.rtimer_run_next
                0x0000000000005748       0x28 contiki-srf06-cc26xx.a(rtimer.o)
                0x0000000000005748                rtimer_run_next
 .text.timer_set
                0x0000000000005770       0x10 contiki-srf06-cc26xx.a(timer.o)
                0x0000000000005770                timer_set
 .text.timer_reset
                0x0000000000005780        0xc contiki-srf06-cc26xx.a(timer.o)
                0x0000000000005780                timer_reset
 .text.timer_restart
                0x000000000000578c        0xc contiki-srf06-cc26xx.a(timer.o)
                0x000000000000578c                timer_restart
 .text.timer_expired
                0x0000000000005798       0x1c contiki-srf06-cc26xx.a(timer.o)
                0x0000000000005798                timer_expired
 .text.process_thread_serial_line_process
                0x00000000000057b4       0xa8 contiki-srf06-cc26xx.a(serial-line.o)
 .text.serial_line_init
                0x000000000000585c       0x24 contiki-srf06-cc26xx.a(serial-line.o)
                0x000000000000585c                serial_line_init
 .text.ringbuf_init
                0x0000000000005880       0x10 contiki-srf06-cc26xx.a(ringbuf.o)
                0x0000000000005880                ringbuf_init
 .text.ringbuf_get
                0x0000000000005890       0x24 contiki-srf06-cc26xx.a(ringbuf.o)
                0x0000000000005890                ringbuf_get
 .text.list_init
                0x00000000000058b4        0x8 contiki-srf06-cc26xx.a(list.o)
                0x00000000000058b4                list_init
 .text.list_head
                0x00000000000058bc        0x4 contiki-srf06-cc26xx.a(list.o)
                0x00000000000058bc                list_head
 .text.list_add
                0x00000000000058c0       0x5c contiki-srf06-cc26xx.a(list.o)
                0x00000000000058c0                list_add
 .text.list_push
                0x000000000000591c       0x48 contiki-srf06-cc26xx.a(list.o)
                0x000000000000591c                list_push
 .text.list_remove
                0x0000000000005964       0x38 contiki-srf06-cc26xx.a(list.o)
                0x0000000000005964                list_remove
 .text.list_length
                0x000000000000599c       0x14 contiki-srf06-cc26xx.a(list.o)
                0x000000000000599c                list_length
 .text.list_item_next
                0x00000000000059b0        0x8 contiki-srf06-cc26xx.a(list.o)
                0x00000000000059b0                list_item_next
 .text.chksum   0x00000000000059b8       0x50 contiki-srf06-cc26xx.a(uip6.o)
 .text.upper_layer_chksum
                0x0000000000005a08       0x58 contiki-srf06-cc26xx.a(uip6.o)
 .text.ext_hdr_options_process
                0x0000000000005a60       0xd4 contiki-srf06-cc26xx.a(uip6.o)
 .text.uip_add32
                0x0000000000005b34       0x58 contiki-srf06-cc26xx.a(uip6.o)
                0x0000000000005b34                uip_add32
 .text.unlikely.uip_add_rcv_nxt
                0x0000000000005b8c       0x2c contiki-srf06-cc26xx.a(uip6.o)
 .text.uip_icmp6chksum
                0x0000000000005bb8        0x8 contiki-srf06-cc26xx.a(uip6.o)
                0x0000000000005bb8                uip_icmp6chksum
 .text.uip_init
                0x0000000000005bc0       0x5c contiki-srf06-cc26xx.a(uip6.o)
                0x0000000000005bc0                uip_init
 .text.remove_ext_hdr
                0x0000000000005c1c       0x54 contiki-srf06-cc26xx.a(uip6.o)
                0x0000000000005c1c                remove_ext_hdr
 .text.uip_unlisten
                0x0000000000005c70       0x28 contiki-srf06-cc26xx.a(uip6.o)
                0x0000000000005c70                uip_unlisten
 .text.uip_process
                0x0000000000005c98     0x1088 contiki-srf06-cc26xx.a(uip6.o)
                0x0000000000005c98                uip_process
 .text.uip_htonl
                0x0000000000006d20       0x18 contiki-srf06-cc26xx.a(uip6.o)
                0x0000000000006d20                uip_htonl
 .text.ns_input
                0x0000000000006d38      0x294 contiki-srf06-cc26xx.a(uip-nd6.o)
 .text.uip_nd6_init
                0x0000000000006fcc        0xc contiki-srf06-cc26xx.a(uip-nd6.o)
                0x0000000000006fcc                uip_nd6_init
 .text.sicslowpan_init
                0x0000000000006fd8       0x24 contiki-srf06-cc26xx.a(sicslowpan.o)
                0x0000000000006fd8                sicslowpan_init
 .text.compress_addr_64
                0x0000000000006ffc       0x9c contiki-srf06-cc26xx.a(sicslowpan.o)
 .text.set_packet_attrs
                0x0000000000007098       0x50 contiki-srf06-cc26xx.a(sicslowpan.o)
 .text.addr_context_lookup_by_prefix
                0x00000000000070e8       0x28 contiki-srf06-cc26xx.a(sicslowpan.o)
 .text.send_packet
                0x0000000000007110       0x24 contiki-srf06-cc26xx.a(sicslowpan.o)
 .text.packet_sent
                0x0000000000007134       0x28 contiki-srf06-cc26xx.a(sicslowpan.o)
 .text.store_fragment
                0x000000000000715c       0x68 contiki-srf06-cc26xx.a(sicslowpan.o)
 .text.add_fragment
                0x00000000000071c4      0x17c contiki-srf06-cc26xx.a(sicslowpan.o)
 .text.uncompress_addr
                0x0000000000007340       0xb8 contiki-srf06-cc26xx.a(sicslowpan.o)
 .text.input    0x00000000000073f8      0x68c contiki-srf06-cc26xx.a(sicslowpan.o)
 .text.output   0x0000000000007a84      0x6fc contiki-srf06-cc26xx.a(sicslowpan.o)
 .text.start_periodic_tcp_timer
                0x0000000000008180       0x1c contiki-srf06-cc26xx.a(tcpip.o)
 .text.tcpip_set_outputfunc
                0x000000000000819c        0xc contiki-srf06-cc26xx.a(tcpip.o)
                0x000000000000819c                tcpip_set_outputfunc
 .text.tcpip_icmp6_call
                0x00000000000081a8       0x28 contiki-srf06-cc26xx.a(tcpip.o)
                0x00000000000081a8                tcpip_icmp6_call
 .text.tcpip_input
                0x00000000000081d0       0x24 contiki-srf06-cc26xx.a(tcpip.o)
                0x00000000000081d0                tcpip_input
 .text.tcpip_ipv6_output
                0x00000000000081f4       0xbc contiki-srf06-cc26xx.a(tcpip.o)
                0x00000000000081f4                tcpip_ipv6_output
 .text.process_thread_tcpip_process
                0x00000000000082b0      0x1c0 contiki-srf06-cc26xx.a(tcpip.o)
 .text.tcpip_uipcall
                0x0000000000008470       0x70 contiki-srf06-cc26xx.a(tcpip.o)
                0x0000000000008470                tcpip_uipcall
 .text.rpl_set_preferred_parent
                0x00000000000084e0       0x2c contiki-srf06-cc26xx.a(rpl-dag.o)
 .text.set_ip_from_prefix
                0x000000000000850c       0x24 contiki-srf06-cc26xx.a(rpl-dag.o)
 .text.check_prefix
                0x0000000000008530       0x78 contiki-srf06-cc26xx.a(rpl-dag.o)
 .text.find_parent_any_dag_any_instance
                0x00000000000085a8       0x1c contiki-srf06-cc26xx.a(rpl-dag.o)
 .text.lollipop_greater_than
                0x00000000000085c4       0x3c contiki-srf06-cc26xx.a(rpl-dag.o)
 .text.rpl_dag_init
                0x0000000000008600       0x14 contiki-srf06-cc26xx.a(rpl-dag.o)
                0x0000000000008600                rpl_dag_init
 .text.rpl_get_parent
                0x0000000000008614       0x10 contiki-srf06-cc26xx.a(rpl-dag.o)
                0x0000000000008614                rpl_get_parent
 .text.rpl_rank_via_parent
                0x0000000000008624       0x1c contiki-srf06-cc26xx.a(rpl-dag.o)
                0x0000000000008624                rpl_rank_via_parent
 .text.rpl_get_parent_ipaddr
                0x0000000000008640       0x18 contiki-srf06-cc26xx.a(rpl-dag.o)
                0x0000000000008640                rpl_get_parent_ipaddr
 .text.rpl_get_parent_link_stats
                0x0000000000008658       0x18 contiki-srf06-cc26xx.a(rpl-dag.o)
                0x0000000000008658                rpl_get_parent_link_stats
 .text.best_parent
                0x0000000000008670       0x94 contiki-srf06-cc26xx.a(rpl-dag.o)
 .text.rpl_parent_is_fresh
                0x0000000000008704       0x10 contiki-srf06-cc26xx.a(rpl-dag.o)
                0x0000000000008704                rpl_parent_is_fresh
 .text.rpl_parent_is_reachable
                0x0000000000008714       0x40 contiki-srf06-cc26xx.a(rpl-dag.o)
                0x0000000000008714                rpl_parent_is_reachable
 .text.rpl_repair_root
                0x0000000000008754       0x60 contiki-srf06-cc26xx.a(rpl-dag.o)
                0x0000000000008754                rpl_repair_root
 .text.rpl_set_prefix
                0x00000000000087b4       0x94 contiki-srf06-cc26xx.a(rpl-dag.o)
                0x00000000000087b4                rpl_set_prefix
 .text.rpl_set_default_route
                0x0000000000008848       0x30 contiki-srf06-cc26xx.a(rpl-dag.o)
                0x0000000000008848                rpl_set_default_route
 .text.rpl_alloc_instance
                0x0000000000008878       0x34 contiki-srf06-cc26xx.a(rpl-dag.o)
                0x0000000000008878                rpl_alloc_instance
 .text.rpl_alloc_dag
                0x00000000000088ac       0x5c contiki-srf06-cc26xx.a(rpl-dag.o)
                0x00000000000088ac                rpl_alloc_dag
 .text.rpl_add_parent
                0x0000000000008908       0x30 contiki-srf06-cc26xx.a(rpl-dag.o)
                0x0000000000008908                rpl_add_parent
 .text.rpl_find_parent
                0x0000000000008938       0x18 contiki-srf06-cc26xx.a(rpl-dag.o)
                0x0000000000008938                rpl_find_parent
 .text.rpl_find_parent_any_dag
                0x0000000000008950       0x20 contiki-srf06-cc26xx.a(rpl-dag.o)
                0x0000000000008950                rpl_find_parent_any_dag
 .text.rpl_select_parent
                0x0000000000008970       0x58 contiki-srf06-cc26xx.a(rpl-dag.o)
                0x0000000000008970                rpl_select_parent
 .text.rpl_select_dag
                0x00000000000089c8      0x18c contiki-srf06-cc26xx.a(rpl-dag.o)
                0x00000000000089c8                rpl_select_dag
 .text.rpl_nullify_parent
                0x0000000000008b54       0x58 contiki-srf06-cc26xx.a(rpl-dag.o)
                0x0000000000008b54                rpl_nullify_parent
 .text.rpl_remove_parent
                0x0000000000008bac       0x1c contiki-srf06-cc26xx.a(rpl-dag.o)
                0x0000000000008bac                rpl_remove_parent
 .text.nbr_callback
                0x0000000000008bc8        0x4 contiki-srf06-cc26xx.a(rpl-dag.o)
 .text.remove_parents.constprop.7
                0x0000000000008bcc       0x48 contiki-srf06-cc26xx.a(rpl-dag.o)
 .text.rpl_free_dag
                0x0000000000008c14       0x3c contiki-srf06-cc26xx.a(rpl-dag.o)
                0x0000000000008c14                rpl_free_dag
 .text.rpl_move_parent
                0x0000000000008c50       0x58 contiki-srf06-cc26xx.a(rpl-dag.o)
                0x0000000000008c50                rpl_move_parent
 .text.rpl_get_dag
                0x0000000000008ca8       0x3c contiki-srf06-cc26xx.a(rpl-dag.o)
                0x0000000000008ca8                rpl_get_dag
 .text.rpl_get_any_dag
                0x0000000000008ce4       0x18 contiki-srf06-cc26xx.a(rpl-dag.o)
                0x0000000000008ce4                rpl_get_any_dag
 .text.rpl_get_instance
                0x0000000000008cfc       0x20 contiki-srf06-cc26xx.a(rpl-dag.o)
                0x0000000000008cfc                rpl_get_instance
 .text.rpl_join_instance
                0x0000000000008d1c      0x14c contiki-srf06-cc26xx.a(rpl-dag.o)
                0x0000000000008d1c                rpl_join_instance
 .text.rpl_local_repair
                0x0000000000008e68       0x90 contiki-srf06-cc26xx.a(rpl-dag.o)
                0x0000000000008e68                rpl_local_repair
 .text.rpl_process_parent_event
                0x0000000000008ef8       0x9c contiki-srf06-cc26xx.a(rpl-dag.o)
                0x0000000000008ef8                rpl_process_parent_event
 .text.rpl_add_dag
                0x0000000000008f94      0x14c contiki-srf06-cc26xx.a(rpl-dag.o)
                0x0000000000008f94                rpl_add_dag
 .text.rpl_recalculate_ranks
                0x00000000000090e0       0x50 contiki-srf06-cc26xx.a(rpl-dag.o)
                0x00000000000090e0                rpl_recalculate_ranks
 .text.rpl_process_dio
                0x0000000000009130      0x330 contiki-srf06-cc26xx.a(rpl-dag.o)
                0x0000000000009130                rpl_process_dio
 .text.new_dio_interval
                0x0000000000009460       0x60 contiki-srf06-cc26xx.a(rpl-timers.o)
 .text.handle_periodic_timer
                0x00000000000094c0       0x58 contiki-srf06-cc26xx.a(rpl-timers.o)
 .text.set_dao_lifetime_timer
                0x0000000000009518       0x48 contiki-srf06-cc26xx.a(rpl-timers.o)
 .text.handle_unicast_dio_timer
                0x0000000000009560       0x1c contiki-srf06-cc26xx.a(rpl-timers.o)
 .text.handle_dio_timer
                0x000000000000957c       0x8c contiki-srf06-cc26xx.a(rpl-timers.o)
 .text.schedule_dao
                0x0000000000009608       0x54 contiki-srf06-cc26xx.a(rpl-timers.o)
 .text.handle_dao_timer
                0x000000000000965c       0x5c contiki-srf06-cc26xx.a(rpl-timers.o)
 .text.rpl_reset_periodic_timer
                0x00000000000096b8       0x3c contiki-srf06-cc26xx.a(rpl-timers.o)
                0x00000000000096b8                rpl_reset_periodic_timer
 .text.rpl_reset_dio_timer
                0x00000000000096f4       0x1c contiki-srf06-cc26xx.a(rpl-timers.o)
                0x00000000000096f4                rpl_reset_dio_timer
 .text.rpl_schedule_dao
                0x0000000000009710        0x8 contiki-srf06-cc26xx.a(rpl-timers.o)
                0x0000000000009710                rpl_schedule_dao
 .text.rpl_schedule_unicast_dio_immediately
                0x0000000000009718       0x14 contiki-srf06-cc26xx.a(rpl-timers.o)
                0x0000000000009718                rpl_schedule_unicast_dio_immediately
 .text.get_probing_delay
                0x000000000000972c       0x4c contiki-srf06-cc26xx.a(rpl-timers.o)
                0x000000000000972c                get_probing_delay
 .text.get_probing_target
                0x0000000000009778       0xe4 contiki-srf06-cc26xx.a(rpl-timers.o)
                0x0000000000009778                get_probing_target
 .text.rpl_schedule_probing
                0x000000000000985c       0x20 contiki-srf06-cc26xx.a(rpl-timers.o)
                0x000000000000985c                rpl_schedule_probing
 .text.handle_probing_timer
                0x000000000000987c       0x34 contiki-srf06-cc26xx.a(rpl-timers.o)
 .text.update_hbh_header
                0x00000000000098b0       0xd0 contiki-srf06-cc26xx.a(rpl-ext-header.)
 .text.insert_hbh_header.isra.0
                0x0000000000009980       0xb0 contiki-srf06-cc26xx.a(rpl-ext-header.)
 .text.rpl_verify_hbh_header
                0x0000000000009a30       0xf0 contiki-srf06-cc26xx.a(rpl-ext-header.)
                0x0000000000009a30                rpl_verify_hbh_header
 .text.rpl_remove_header
                0x0000000000009b20       0x80 contiki-srf06-cc26xx.a(rpl-ext-header.)
                0x0000000000009b20                rpl_remove_header
 .text.rpl_update_header
                0x0000000000009ba0       0x74 contiki-srf06-cc26xx.a(rpl-ext-header.)
                0x0000000000009ba0                rpl_update_header
 .text.rpl_get_mode
                0x0000000000009c14        0xc contiki-srf06-cc26xx.a(rpl.o)
                0x0000000000009c14                rpl_get_mode
 .text.rpl_purge_routes
                0x0000000000009c20       0x7c contiki-srf06-cc26xx.a(rpl.o)
                0x0000000000009c20                rpl_purge_routes
 .text.rpl_remove_routes
                0x0000000000009c9c       0x24 contiki-srf06-cc26xx.a(rpl.o)
                0x0000000000009c9c                rpl_remove_routes
 .text.rpl_remove_routes_by_nexthop
                0x0000000000009cc0       0x34 contiki-srf06-cc26xx.a(rpl.o)
                0x0000000000009cc0                rpl_remove_routes_by_nexthop
 .text.rpl_add_route
                0x0000000000009cf4       0x38 contiki-srf06-cc26xx.a(rpl.o)
                0x0000000000009cf4                rpl_add_route
 .text.rpl_link_neighbor_callback
                0x0000000000009d2c       0x60 contiki-srf06-cc26xx.a(rpl.o)
                0x0000000000009d2c                rpl_link_neighbor_callback
 .text.rpl_ipv6_neighbor_callback
                0x0000000000009d8c       0x30 contiki-srf06-cc26xx.a(rpl.o)
                0x0000000000009d8c                rpl_ipv6_neighbor_callback
 .text.rpl_purge_dags
                0x0000000000009dbc       0x40 contiki-srf06-cc26xx.a(rpl.o)
                0x0000000000009dbc                rpl_purge_dags
 .text.rpl_init
                0x0000000000009dfc       0x4c contiki-srf06-cc26xx.a(rpl.o)
                0x0000000000009dfc                rpl_init
 .text.reset    0x0000000000009e48        0x4 contiki-srf06-cc26xx.a(rpl-mrhof.o)
 .text.update_metric_container
                0x0000000000009e4c        0x8 contiki-srf06-cc26xx.a(rpl-mrhof.o)
 .text.parent_link_metric
                0x0000000000009e54       0x14 contiki-srf06-cc26xx.a(rpl-mrhof.o)
 .text.parent_has_usable_link
                0x0000000000009e68       0x18 contiki-srf06-cc26xx.a(rpl-mrhof.o)
 .text.best_dag
                0x0000000000009e80       0x2c contiki-srf06-cc26xx.a(rpl-mrhof.o)
 .text.parent_path_cost
                0x0000000000009eac       0x4c contiki-srf06-cc26xx.a(rpl-mrhof.o)
 .text.parent_is_acceptable
                0x0000000000009ef8       0x34 contiki-srf06-cc26xx.a(rpl-mrhof.o)
 .text.rank_via_parent
                0x0000000000009f2c       0x3c contiki-srf06-cc26xx.a(rpl-mrhof.o)
 .text.best_parent
                0x0000000000009f68       0x68 contiki-srf06-cc26xx.a(rpl-mrhof.o)
 .text.dao_ack_input
                0x0000000000009fd0       0x14 contiki-srf06-cc26xx.a(rpl-icmp6.o)
 .text.dao_output_target_seq
                0x0000000000009fe4      0x120 contiki-srf06-cc26xx.a(rpl-icmp6.o)
 .text.dio_input
                0x000000000000a104      0x2a8 contiki-srf06-cc26xx.a(rpl-icmp6.o)
 .text.rpl_icmp6_update_nbr_table
                0x000000000000a3ac       0x38 contiki-srf06-cc26xx.a(rpl-icmp6.o)
                0x000000000000a3ac                rpl_icmp6_update_nbr_table
 .text.dao_input
                0x000000000000a3e4      0x2c8 contiki-srf06-cc26xx.a(rpl-icmp6.o)
 .text.dis_output
                0x000000000000a6ac       0x58 contiki-srf06-cc26xx.a(rpl-icmp6.o)
                0x000000000000a6ac                dis_output
 .text.dio_output
                0x000000000000a704      0x2b0 contiki-srf06-cc26xx.a(rpl-icmp6.o)
                0x000000000000a704                dio_output
 .text.dis_input
                0x000000000000a9b4       0x54 contiki-srf06-cc26xx.a(rpl-icmp6.o)
 .text.dao_output
                0x000000000000aa08       0x90 contiki-srf06-cc26xx.a(rpl-icmp6.o)
                0x000000000000aa08                dao_output
 .text.dao_output_target
                0x000000000000aa98        0xc contiki-srf06-cc26xx.a(rpl-icmp6.o)
                0x000000000000aa98                dao_output_target
 .text.rpl_icmp6_register_handlers
                0x000000000000aaa4       0x30 contiki-srf06-cc26xx.a(rpl-icmp6.o)
                0x000000000000aaa4                rpl_icmp6_register_handlers
 .text.TrimAfterColdResetWakeupFromShutDown
                0x000000000000aad4       0xe4 contiki-srf06-cc26xx.a(setup.o)
 .text.NOROM_SetupTrimDevice
                0x000000000000abb8       0xa4 contiki-srf06-cc26xx.a(setup.o)
                0x000000000000abb8                NOROM_SetupTrimDevice
 .text.NOROM_OSCClockSourceSet
                0x000000000000ac5c       0x50 contiki-srf06-cc26xx.a(osc.o)
                0x000000000000ac5c                NOROM_OSCClockSourceSet
 .text.NOROM_OSCClockSourceGet
                0x000000000000acac       0x20 contiki-srf06-cc26xx.a(osc.o)
                0x000000000000acac                NOROM_OSCClockSourceGet
 .text.NOROM_DDI32RegWrite
                0x000000000000accc       0x34 contiki-srf06-cc26xx.a(ddi.o)
                0x000000000000accc                NOROM_DDI32RegWrite
 .text.NOROM_DDI16BitfieldWrite
                0x000000000000ad00       0x4c contiki-srf06-cc26xx.a(ddi.o)
                0x000000000000ad00                NOROM_DDI16BitfieldWrite
 .text.NOROM_DDI16BitfieldRead
                0x000000000000ad4c       0x4c contiki-srf06-cc26xx.a(ddi.o)
                0x000000000000ad4c                NOROM_DDI16BitfieldRead
 .text.NOROM_SysCtrlSetRechargeBeforePowerDown
                0x000000000000ad98      0x264 contiki-srf06-cc26xx.a(sys_ctrl.o)
                0x000000000000ad98                NOROM_SysCtrlSetRechargeBeforePowerDown
 .text.NOROM_SysCtrlAdjustRechargeAfterPowerDown
                0x000000000000affc       0x70 contiki-srf06-cc26xx.a(sys_ctrl.o)
                0x000000000000affc                NOROM_SysCtrlAdjustRechargeAfterPowerDown
 .text.NOROM_SysCtrl_DCDC_VoltageConditionalControl
                0x000000000000b06c       0x7c contiki-srf06-cc26xx.a(sys_ctrl.o)
                0x000000000000b06c                NOROM_SysCtrl_DCDC_VoltageConditionalControl
 .text.SafeHapiVoid
                0x000000000000b0e8       0x2c contiki-srf06-cc26xx.a(adi.o)
                0x000000000000b0e8                SafeHapiVoid
 .text.NOROM_PowerCtrlSourceSet
                0x000000000000b114       0x30 contiki-srf06-cc26xx.a(pwr_ctrl.o)
                0x000000000000b114                NOROM_PowerCtrlSourceSet
 .text.NOROM_TRNGConfigure
                0x000000000000b144       0x38 contiki-srf06-cc26xx.a(trng.o)
                0x000000000000b144                NOROM_TRNGConfigure
 .text.NOROM_CPUcpsid
                0x000000000000b17c        0x8 contiki-srf06-cc26xx.a(cpu.o)
                0x000000000000b17c                NOROM_CPUcpsid
 .text.NOROM_CPUcpsie
                0x000000000000b184        0x8 contiki-srf06-cc26xx.a(cpu.o)
                0x000000000000b184                NOROM_CPUcpsie
 .text.NOROM_CPUdelay
                0x000000000000b18c        0x8 contiki-srf06-cc26xx.a(cpu.o)
                0x000000000000b18c                NOROM_CPUdelay
 .text.NOROM_AONRTCCurrentCompareValueGet
                0x000000000000b194       0x24 contiki-srf06-cc26xx.a(aon_rtc.o)
                0x000000000000b194                NOROM_AONRTCCurrentCompareValueGet
 .text.NOROM_ChipInfo_GetSupportedProtocol_BV
                0x000000000000b1b8       0x10 contiki-srf06-cc26xx.a(chipinfo.o)
                0x000000000000b1b8                NOROM_ChipInfo_GetSupportedProtocol_BV
 .text.NOROM_ChipInfo_GetChipFamily
                0x000000000000b1c8       0x4c contiki-srf06-cc26xx.a(chipinfo.o)
                0x000000000000b1c8                NOROM_ChipInfo_GetChipFamily
 .text.NOROM_ChipInfo_GetChipType
                0x000000000000b214       0x50 contiki-srf06-cc26xx.a(chipinfo.o)
                0x000000000000b214                NOROM_ChipInfo_GetChipType
 .text.NOROM_ChipInfo_GetHwRevision
                0x000000000000b264       0x6c contiki-srf06-cc26xx.a(chipinfo.o)
                0x000000000000b264                NOROM_ChipInfo_GetHwRevision
 .text.NOROM_ThisCodeIsBuiltForCC26xxHwRev22AndLater_HaltIfViolated
                0x000000000000b2d0       0x14 contiki-srf06-cc26xx.a(chipinfo.o)
                0x000000000000b2d0                NOROM_ThisCodeIsBuiltForCC26xxHwRev22AndLater_HaltIfViolated
 .text.queuebuf_init
                0x000000000000b2e4       0x1c contiki-srf06-cc26xx.a(queuebuf.o)
                0x000000000000b2e4                queuebuf_init
 .text.queuebuf_numfree
                0x000000000000b300        0xc contiki-srf06-cc26xx.a(queuebuf.o)
                0x000000000000b300                queuebuf_numfree
 .text.queuebuf_new_from_packetbuf
                0x000000000000b30c       0x48 contiki-srf06-cc26xx.a(queuebuf.o)
                0x000000000000b30c                queuebuf_new_from_packetbuf
 .text.queuebuf_update_attr_from_packetbuf
                0x000000000000b354        0xc contiki-srf06-cc26xx.a(queuebuf.o)
                0x000000000000b354                queuebuf_update_attr_from_packetbuf
 .text.queuebuf_update_from_packetbuf
                0x000000000000b360       0x1c contiki-srf06-cc26xx.a(queuebuf.o)
                0x000000000000b360                queuebuf_update_from_packetbuf
 .text.queuebuf_free
                0x000000000000b37c       0x2c contiki-srf06-cc26xx.a(queuebuf.o)
                0x000000000000b37c                queuebuf_free
 .text.queuebuf_to_packetbuf
                0x000000000000b3a8       0x30 contiki-srf06-cc26xx.a(queuebuf.o)
                0x000000000000b3a8                queuebuf_to_packetbuf
 .text.queuebuf_attr
                0x000000000000b3d8        0xc contiki-srf06-cc26xx.a(queuebuf.o)
                0x000000000000b3d8                queuebuf_attr
 .text.index_from_lladdr
                0x000000000000b3e4       0x50 contiki-srf06-cc26xx.a(nbr-table.o)
 .text.remove_key
                0x000000000000b434       0x9c contiki-srf06-cc26xx.a(nbr-table.o)
 .text.nbr_table_register
                0x000000000000b4d0       0x2c contiki-srf06-cc26xx.a(nbr-table.o)
                0x000000000000b4d0                nbr_table_register
 .text.nbr_table_next
                0x000000000000b4fc       0x7c contiki-srf06-cc26xx.a(nbr-table.o)
                0x000000000000b4fc                nbr_table_next
 .text.nbr_table_head
                0x000000000000b578       0x70 contiki-srf06-cc26xx.a(nbr-table.o)
                0x000000000000b578                nbr_table_head
 .text.nbr_table_add_lladdr
                0x000000000000b5e8      0x15c contiki-srf06-cc26xx.a(nbr-table.o)
                0x000000000000b5e8                nbr_table_add_lladdr
 .text.nbr_table_get_from_lladdr
                0x000000000000b744       0x44 contiki-srf06-cc26xx.a(nbr-table.o)
                0x000000000000b744                nbr_table_get_from_lladdr
 .text.nbr_table_remove
                0x000000000000b788       0x5c contiki-srf06-cc26xx.a(nbr-table.o)
                0x000000000000b788                nbr_table_remove
 .text.nbr_table_lock
                0x000000000000b7e4       0x34 contiki-srf06-cc26xx.a(nbr-table.o)
                0x000000000000b7e4                nbr_table_lock
 .text.nbr_table_unlock
                0x000000000000b818       0x38 contiki-srf06-cc26xx.a(nbr-table.o)
                0x000000000000b818                nbr_table_unlock
 .text.nbr_table_get_lladdr
                0x000000000000b850       0x30 contiki-srf06-cc26xx.a(nbr-table.o)
                0x000000000000b850                nbr_table_get_lladdr
 .text.nbr_table_update_lladdr
                0x000000000000b880       0x54 contiki-srf06-cc26xx.a(nbr-table.o)
                0x000000000000b880                nbr_table_update_lladdr
 .text.packetbuf_copyto
                0x000000000000b8d4       0x50 contiki-srf06-cc26xx.a(packetbuf.o)
                0x000000000000b8d4                packetbuf_copyto
 .text.packetbuf_hdralloc
                0x000000000000b924       0x54 contiki-srf06-cc26xx.a(packetbuf.o)
                0x000000000000b924                packetbuf_hdralloc
 .text.packetbuf_hdrreduce
                0x000000000000b978       0x2c contiki-srf06-cc26xx.a(packetbuf.o)
                0x000000000000b978                packetbuf_hdrreduce
 .text.packetbuf_set_datalen
                0x000000000000b9a4        0xc contiki-srf06-cc26xx.a(packetbuf.o)
                0x000000000000b9a4                packetbuf_set_datalen
 .text.packetbuf_dataptr
                0x000000000000b9b0       0x20 contiki-srf06-cc26xx.a(packetbuf.o)
                0x000000000000b9b0                packetbuf_dataptr
 .text.packetbuf_hdrptr
                0x000000000000b9d0        0x8 contiki-srf06-cc26xx.a(packetbuf.o)
                0x000000000000b9d0                packetbuf_hdrptr
 .text.packetbuf_datalen
                0x000000000000b9d8        0xc contiki-srf06-cc26xx.a(packetbuf.o)
                0x000000000000b9d8                packetbuf_datalen
 .text.packetbuf_totlen
                0x000000000000b9e4       0x24 contiki-srf06-cc26xx.a(packetbuf.o)
                0x000000000000b9e4                packetbuf_totlen
 .text.packetbuf_attr_clear
                0x000000000000ba08       0x34 contiki-srf06-cc26xx.a(packetbuf.o)
                0x000000000000ba08                packetbuf_attr_clear
 .text.packetbuf_clear
                0x000000000000ba3c       0x20 contiki-srf06-cc26xx.a(packetbuf.o)
                0x000000000000ba3c                packetbuf_clear
 .text.packetbuf_copyfrom
                0x000000000000ba5c       0x40 contiki-srf06-cc26xx.a(packetbuf.o)
                0x000000000000ba5c                packetbuf_copyfrom
 .text.packetbuf_attr_copyto
                0x000000000000ba9c       0x44 contiki-srf06-cc26xx.a(packetbuf.o)
                0x000000000000ba9c                packetbuf_attr_copyto
 .text.packetbuf_attr_copyfrom
                0x000000000000bae0       0x44 contiki-srf06-cc26xx.a(packetbuf.o)
                0x000000000000bae0                packetbuf_attr_copyfrom
 .text.packetbuf_set_attr
                0x000000000000bb24       0x10 contiki-srf06-cc26xx.a(packetbuf.o)
                0x000000000000bb24                packetbuf_set_attr
 .text.packetbuf_attr
                0x000000000000bb34        0xc contiki-srf06-cc26xx.a(packetbuf.o)
                0x000000000000bb34                packetbuf_attr
 .text.packetbuf_set_addr
                0x000000000000bb40       0x18 contiki-srf06-cc26xx.a(packetbuf.o)
                0x000000000000bb40                packetbuf_set_addr
 .text.packetbuf_addr
                0x000000000000bb58       0x10 contiki-srf06-cc26xx.a(packetbuf.o)
                0x000000000000bb58                packetbuf_addr
 .text.packetbuf_holds_broadcast
                0x000000000000bb68       0x10 contiki-srf06-cc26xx.a(packetbuf.o)
                0x000000000000bb68                packetbuf_holds_broadcast
 .text.netstack_init
                0x000000000000bb78       0x38 contiki-srf06-cc26xx.a(netstack.o)
                0x000000000000bb78                netstack_init
 .text.linkaddr_copy
                0x000000000000bbb0        0xc contiki-srf06-cc26xx.a(linkaddr.o)
                0x000000000000bbb0                linkaddr_copy
 .text.linkaddr_cmp
                0x000000000000bbbc       0x10 contiki-srf06-cc26xx.a(linkaddr.o)
                0x000000000000bbbc                linkaddr_cmp
 .text.periodic
                0x000000000000bbcc       0x2c contiki-srf06-cc26xx.a(link-stats.o)
 .text.link_stats_from_lladdr
                0x000000000000bbf8        0xc contiki-srf06-cc26xx.a(link-stats.o)
                0x000000000000bbf8                link_stats_from_lladdr
 .text.link_stats_is_fresh
                0x000000000000bc04       0x28 contiki-srf06-cc26xx.a(link-stats.o)
                0x000000000000bc04                link_stats_is_fresh
 .text.link_stats_packet_sent
                0x000000000000bc2c       0xcc contiki-srf06-cc26xx.a(link-stats.o)
                0x000000000000bc2c                link_stats_packet_sent
 .text.link_stats_input_callback
                0x000000000000bcf8       0x5c contiki-srf06-cc26xx.a(link-stats.o)
                0x000000000000bcf8                link_stats_input_callback
 .text.link_stats_init
                0x000000000000bd54       0x28 contiki-srf06-cc26xx.a(link-stats.o)
                0x000000000000bd54                link_stats_init
 .text.parse    0x000000000000bd7c       0xa0 contiki-srf06-cc26xx.a(framer-802154.o)
 .text.create_frame.isra.0
                0x000000000000be1c      0x144 contiki-srf06-cc26xx.a(framer-802154.o)
 .text.create   0x000000000000bf60        0x8 contiki-srf06-cc26xx.a(framer-802154.o)
 .text.hdr_length
                0x000000000000bf68        0x8 contiki-srf06-cc26xx.a(framer-802154.o)
 .text.frame802154_get_pan_id
                0x000000000000bf70        0xc contiki-srf06-cc26xx.a(frame802154.o)
                0x000000000000bf70                frame802154_get_pan_id
 .text.frame802154_has_panid
                0x000000000000bf7c       0xac contiki-srf06-cc26xx.a(frame802154.o)
                0x000000000000bf7c                frame802154_has_panid
 .text.field_len
                0x000000000000c028       0x88 contiki-srf06-cc26xx.a(frame802154.o)
 .text.frame802154_is_broadcast_addr
                0x000000000000c0b0       0x20 contiki-srf06-cc26xx.a(frame802154.o)
                0x000000000000c0b0                frame802154_is_broadcast_addr
 .text.frame802154_hdrlen
                0x000000000000c0d0       0x34 contiki-srf06-cc26xx.a(frame802154.o)
                0x000000000000c0d0                frame802154_hdrlen
 .text.frame802154_create_fcf
                0x000000000000c104       0x64 contiki-srf06-cc26xx.a(frame802154.o)
                0x000000000000c104                frame802154_create_fcf
 .text.frame802154_create
                0x000000000000c168       0xbc contiki-srf06-cc26xx.a(frame802154.o)
                0x000000000000c168                frame802154_create
 .text.frame802154_parse_fcf
                0x000000000000c224       0x44 contiki-srf06-cc26xx.a(frame802154.o)
                0x000000000000c224                frame802154_parse_fcf
 .text.frame802154_parse
                0x000000000000c268      0x138 contiki-srf06-cc26xx.a(frame802154.o)
                0x000000000000c268                frame802154_parse
 .text.input_packet
                0x000000000000c3a0        0xc contiki-srf06-cc26xx.a(csma.o)
 .text.on       0x000000000000c3ac        0xc contiki-srf06-cc26xx.a(csma.o)
 .text.off      0x000000000000c3b8        0xc contiki-srf06-cc26xx.a(csma.o)
 .text.channel_check_interval
                0x000000000000c3c4       0x10 contiki-srf06-cc26xx.a(csma.o)
 .text.transmit_packet_list
                0x000000000000c3d4       0x34 contiki-srf06-cc26xx.a(csma.o)
 .text.schedule_transmission
                0x000000000000c408       0x58 contiki-srf06-cc26xx.a(csma.o)
 .text.send_packet
                0x000000000000c460      0x154 contiki-srf06-cc26xx.a(csma.o)
 .text.init     0x000000000000c5b4       0x24 contiki-srf06-cc26xx.a(csma.o)
 .text.tx_done  0x000000000000c5d8       0x90 contiki-srf06-cc26xx.a(csma.o)
 .text.packet_sent
                0x000000000000c668       0xe8 contiki-srf06-cc26xx.a(csma.o)
 .text.duty_cycle
                0x000000000000c750        0x4 contiki-srf06-cc26xx.a(contikimac.o)
 .text.init     0x000000000000c754       0x40 contiki-srf06-cc26xx.a(contikimac.o)
 .text.on.part.0
                0x000000000000c794       0x14 contiki-srf06-cc26xx.a(contikimac.o)
 .text.off      0x000000000000c7a8       0x38 contiki-srf06-cc26xx.a(contikimac.o)
 .text.recv_burst_off
                0x000000000000c7e0       0x14 contiki-srf06-cc26xx.a(contikimac.o)
 .text.powercycle_turn_radio_off.part.2
                0x000000000000c7f4       0x10 contiki-srf06-cc26xx.a(contikimac.o)
 .text.turn_off
                0x000000000000c804       0x44 contiki-srf06-cc26xx.a(contikimac.o)
 .text.turn_on  0x000000000000c848       0x44 contiki-srf06-cc26xx.a(contikimac.o)
 .text.schedule_powercycle_fixed.part.5
                0x000000000000c88c       0x2c contiki-srf06-cc26xx.a(contikimac.o)
 .text.input_packet
                0x000000000000c8b8       0xc4 contiki-srf06-cc26xx.a(contikimac.o)
 .text.send_packet.isra.8
                0x000000000000c97c      0x23c contiki-srf06-cc26xx.a(contikimac.o)
 .text.qsend_list
                0x000000000000cbb8       0xec contiki-srf06-cc26xx.a(contikimac.o)
 .text.qsend_packet
                0x000000000000cca4       0x24 contiki-srf06-cc26xx.a(contikimac.o)
 .text.powercycle_wrapper
                0x000000000000ccc8      0x264 contiki-srf06-cc26xx.a(contikimac.o)
 .text.init     0x000000000000cf2c        0x4 contiki-srf06-cc26xx.a(nullsec.o)
 .text.input    0x000000000000cf30        0xc contiki-srf06-cc26xx.a(nullsec.o)
 .text.send     0x000000000000cf3c       0x20 contiki-srf06-cc26xx.a(nullsec.o)
 .text.sensor_common_read_reg
                0x000000000000cf5c       0x1c contiki-srf06-cc26xx.a(sensor-common.o)
                0x000000000000cf5c                sensor_common_read_reg
 .text.sensor_common_write_reg
                0x000000000000cf78       0x38 contiki-srf06-cc26xx.a(sensor-common.o)
                0x000000000000cf78                sensor_common_write_reg
 .text.sensor_common_set_error_data
                0x000000000000cfb0       0x10 contiki-srf06-cc26xx.a(sensor-common.o)
                0x000000000000cfb0                sensor_common_set_error_data
 .text.verify_part
                0x000000000000cfc0       0x80 contiki-srf06-cc26xx.a(ext-flash.o)
 .text.wait_ready
                0x000000000000d040       0x64 contiki-srf06-cc26xx.a(ext-flash.o)
 .text.power_down
                0x000000000000d0a4       0x50 contiki-srf06-cc26xx.a(ext-flash.o)
 .text.ext_flash_open
                0x000000000000d0f4       0x60 contiki-srf06-cc26xx.a(ext-flash.o)
                0x000000000000d0f4                ext_flash_open
 .text.ext_flash_init
                0x000000000000d154       0x14 contiki-srf06-cc26xx.a(ext-flash.o)
                0x000000000000d154                ext_flash_init
 .text.accessible
                0x000000000000d168       0x24 contiki-srf06-cc26xx.a(board-spi.o)
 .text.board_spi_write
                0x000000000000d18c       0x3c contiki-srf06-cc26xx.a(board-spi.o)
                0x000000000000d18c                board_spi_write
 .text.board_spi_read
                0x000000000000d1c8       0x48 contiki-srf06-cc26xx.a(board-spi.o)
                0x000000000000d1c8                board_spi_read
 .text.board_spi_flush
                0x000000000000d210       0x24 contiki-srf06-cc26xx.a(board-spi.o)
                0x000000000000d210                board_spi_flush
 .text.board_spi_open
                0x000000000000d234       0xbc contiki-srf06-cc26xx.a(board-spi.o)
                0x000000000000d234                board_spi_open
 .text.board_spi_close
                0x000000000000d2f0       0x70 contiki-srf06-cc26xx.a(board-spi.o)
                0x000000000000d2f0                board_spi_close
 .text.aux_ctrl_power_up
                0x000000000000d360       0x28 contiki-srf06-cc26xx.a(aux-ctrl.o)
                0x000000000000d360                aux_ctrl_power_up
 .text.aux_ctrl_register_consumer
                0x000000000000d388       0x40 contiki-srf06-cc26xx.a(aux-ctrl.o)
                0x000000000000d388                aux_ctrl_register_consumer
 .text.aux_ctrl_power_down
                0x000000000000d3c8       0x6c contiki-srf06-cc26xx.a(aux-ctrl.o)
                0x000000000000d3c8                aux_ctrl_power_down
 .text.aux_ctrl_unregister_consumer
                0x000000000000d434       0x28 contiki-srf06-cc26xx.a(aux-ctrl.o)
                0x000000000000d434                aux_ctrl_unregister_consumer
 .text.process_thread_rf_core_process
                0x000000000000d45c       0x58 contiki-srf06-cc26xx.a(rf-core.o)
 .text.rf_core_is_accessible
                0x000000000000d4b4       0x10 contiki-srf06-cc26xx.a(rf-core.o)
                0x000000000000d4b4                rf_core_is_accessible
 .text.rf_core_send_cmd
                0x000000000000d4c4       0x94 contiki-srf06-cc26xx.a(rf-core.o)
                0x000000000000d4c4                rf_core_send_cmd
 .text.rf_core_wait_cmd_done
                0x000000000000d558       0x30 contiki-srf06-cc26xx.a(rf-core.o)
                0x000000000000d558                rf_core_wait_cmd_done
 .text.rf_core_power_up
                0x000000000000d588       0xcc contiki-srf06-cc26xx.a(rf-core.o)
                0x000000000000d588                rf_core_power_up
 .text.rf_core_start_rat
                0x000000000000d654       0x68 contiki-srf06-cc26xx.a(rf-core.o)
                0x000000000000d654                rf_core_start_rat
 .text.rf_core_stop_rat
                0x000000000000d6bc       0x7c contiki-srf06-cc26xx.a(rf-core.o)
                0x000000000000d6bc                rf_core_stop_rat
 .text.rf_core_power_down
                0x000000000000d738       0xec contiki-srf06-cc26xx.a(rf-core.o)
                0x000000000000d738                rf_core_power_down
 .text.rf_core_set_modesel
                0x000000000000d824       0x44 contiki-srf06-cc26xx.a(rf-core.o)
                0x000000000000d824                rf_core_set_modesel
 .text.rf_core_boot
                0x000000000000d868       0x1c contiki-srf06-cc26xx.a(rf-core.o)
                0x000000000000d868                rf_core_boot
 .text.rf_core_restart_rat
                0x000000000000d884       0x18 contiki-srf06-cc26xx.a(rf-core.o)
                0x000000000000d884                rf_core_restart_rat
 .text.rf_core_setup_interrupts
                0x000000000000d89c       0x74 contiki-srf06-cc26xx.a(rf-core.o)
                0x000000000000d89c                rf_core_setup_interrupts
 .text.rf_core_cmd_done_en
                0x000000000000d910       0x28 contiki-srf06-cc26xx.a(rf-core.o)
                0x000000000000d910                rf_core_cmd_done_en
 .text.rf_core_cmd_done_dis
                0x000000000000d938       0x18 contiki-srf06-cc26xx.a(rf-core.o)
                0x000000000000d938                rf_core_cmd_done_dis
 .text.rf_core_get_last_radio_op
                0x000000000000d950        0xc contiki-srf06-cc26xx.a(rf-core.o)
                0x000000000000d950                rf_core_get_last_radio_op
 .text.rf_core_init_radio_op
                0x000000000000d95c       0x1c contiki-srf06-cc26xx.a(rf-core.o)
                0x000000000000d95c                rf_core_init_radio_op
 .text.rf_core_primary_mode_register
                0x000000000000d978        0xc contiki-srf06-cc26xx.a(rf-core.o)
                0x000000000000d978                rf_core_primary_mode_register
 .text.RFCCPE1IntHandler
                0x000000000000d984       0x28 contiki-srf06-cc26xx.a(rf-core.o)
                0x000000000000d984                RFCCPE1IntHandler
 .text.RFCCPE0IntHandler
                0x000000000000d9ac       0x5c contiki-srf06-cc26xx.a(rf-core.o)
                0x000000000000d9ac                RFCCPE0IntHandler
 .text.rf_ble_is_active
                0x000000000000da08        0xc contiki-srf06-cc26xx.a(rf-ble.o)
                0x000000000000da08                rf_ble_is_active
 .text.memb_init
                0x000000000000da14       0x24 contiki-srf06-cc26xx.a(memb.o)
                0x000000000000da14                memb_init
 .text.memb_alloc
                0x000000000000da38       0x3c contiki-srf06-cc26xx.a(memb.o)
                0x000000000000da38                memb_alloc
 .text.memb_free
                0x000000000000da74       0x3c contiki-srf06-cc26xx.a(memb.o)
                0x000000000000da74                memb_free
 .text.memb_inmemb
                0x000000000000dab0       0x1c contiki-srf06-cc26xx.a(memb.o)
                0x000000000000dab0                memb_inmemb
 .text.memb_numfree
                0x000000000000dacc       0x1c contiki-srf06-cc26xx.a(memb.o)
                0x000000000000dacc                memb_numfree
 .text.echo_reply_input
                0x000000000000dae8       0xac contiki-srf06-cc26xx.a(uip-icmp6.o)
 .text.echo_request_input
                0x000000000000db94       0xb0 contiki-srf06-cc26xx.a(uip-icmp6.o)
 .text.uip_icmp6_input
                0x000000000000dc44       0x3c contiki-srf06-cc26xx.a(uip-icmp6.o)
                0x000000000000dc44                uip_icmp6_input
 .text.uip_icmp6_register_input_handler
                0x000000000000dc80        0xc contiki-srf06-cc26xx.a(uip-icmp6.o)
                0x000000000000dc80                uip_icmp6_register_input_handler
 .text.uip_icmp6_error_output
                0x000000000000dc8c      0x158 contiki-srf06-cc26xx.a(uip-icmp6.o)
                0x000000000000dc8c                uip_icmp6_error_output
 .text.uip_icmp6_send
                0x000000000000dde4       0x80 contiki-srf06-cc26xx.a(uip-icmp6.o)
                0x000000000000dde4                uip_icmp6_send
 .text.uip_icmp6_init
                0x000000000000de64       0x24 contiki-srf06-cc26xx.a(uip-icmp6.o)
                0x000000000000de64                uip_icmp6_init
 .text.uip_ds6_list_loop
                0x000000000000de88       0x5c contiki-srf06-cc26xx.a(uip-ds6.o)
                0x000000000000de88                uip_ds6_list_loop
 .text.uip_ds6_prefix_add
                0x000000000000dee4       0x6c contiki-srf06-cc26xx.a(uip-ds6.o)
                0x000000000000dee4                uip_ds6_prefix_add
 .text.uip_ds6_is_addr_onlink
                0x000000000000df50       0x40 contiki-srf06-cc26xx.a(uip-ds6.o)
                0x000000000000df50                uip_ds6_is_addr_onlink
 .text.uip_ds6_addr_lookup
                0x000000000000df90       0x30 contiki-srf06-cc26xx.a(uip-ds6.o)
                0x000000000000df90                uip_ds6_addr_lookup
 .text.uip_ds6_get_link_local
                0x000000000000dfc0       0x50 contiki-srf06-cc26xx.a(uip-ds6.o)
                0x000000000000dfc0                uip_ds6_get_link_local
 .text.uip_ds6_maddr_add
                0x000000000000e010       0x50 contiki-srf06-cc26xx.a(uip-ds6.o)
                0x000000000000e010                uip_ds6_maddr_add
 .text.uip_ds6_addr_add
                0x000000000000e060       0xa8 contiki-srf06-cc26xx.a(uip-ds6.o)
                0x000000000000e060                uip_ds6_addr_add
 .text.uip_ds6_maddr_lookup
                0x000000000000e108       0x30 contiki-srf06-cc26xx.a(uip-ds6.o)
                0x000000000000e108                uip_ds6_maddr_lookup
 .text.uip_ds6_addr_rm
                0x000000000000e138       0x48 contiki-srf06-cc26xx.a(uip-ds6.o)
                0x000000000000e138                uip_ds6_addr_rm
 .text.uip_ds6_periodic
                0x000000000000e180       0x5c contiki-srf06-cc26xx.a(uip-ds6.o)
                0x000000000000e180                uip_ds6_periodic
 .text.uip_ds6_select_src
                0x000000000000e1dc      0x118 contiki-srf06-cc26xx.a(uip-ds6.o)
                0x000000000000e1dc                uip_ds6_select_src
 .text.uip_ds6_set_addr_iid
                0x000000000000e2f4       0x14 contiki-srf06-cc26xx.a(uip-ds6.o)
                0x000000000000e2f4                uip_ds6_set_addr_iid
 .text.uip_ds6_compute_reachable_time
                0x000000000000e308       0x2c contiki-srf06-cc26xx.a(uip-ds6.o)
                0x000000000000e308                uip_ds6_compute_reachable_time
 .text.uip_ds6_init
                0x000000000000e334       0xf8 contiki-srf06-cc26xx.a(uip-ds6.o)
                0x000000000000e334                uip_ds6_init
 .text.call_route_callback
                0x000000000000e42c       0x50 contiki-srf06-cc26xx.a(uip-ds6-route.o)
 .text.uip_ds6_route_init
                0x000000000000e47c       0x4c contiki-srf06-cc26xx.a(uip-ds6-route.o)
                0x000000000000e47c                uip_ds6_route_init
 .text.uip_ds6_route_nexthop
                0x000000000000e4c8       0x1c contiki-srf06-cc26xx.a(uip-ds6-route.o)
                0x000000000000e4c8                uip_ds6_route_nexthop
 .text.uip_ds6_route_head
                0x000000000000e4e4        0xc contiki-srf06-cc26xx.a(uip-ds6-route.o)
                0x000000000000e4e4                uip_ds6_route_head
 .text.uip_ds6_route_next
                0x000000000000e4f0        0x8 contiki-srf06-cc26xx.a(uip-ds6-route.o)
                0x000000000000e4f0                uip_ds6_route_next
 .text.uip_ds6_route_is_nexthop
                0x000000000000e4f8       0x20 contiki-srf06-cc26xx.a(uip-ds6-route.o)
                0x000000000000e4f8                uip_ds6_route_is_nexthop
 .text.uip_ds6_route_lookup
                0x000000000000e518       0x78 contiki-srf06-cc26xx.a(uip-ds6-route.o)
                0x000000000000e518                uip_ds6_route_lookup
 .text.uip_ds6_route_rm
                0x000000000000e590       0xac contiki-srf06-cc26xx.a(uip-ds6-route.o)
                0x000000000000e590                uip_ds6_route_rm
 .text.rm_routelist
                0x000000000000e63c       0x38 contiki-srf06-cc26xx.a(uip-ds6-route.o)
 .text.rm_routelist_callback
                0x000000000000e674        0x4 contiki-srf06-cc26xx.a(uip-ds6-route.o)
 .text.uip_ds6_route_add
                0x000000000000e678      0x118 contiki-srf06-cc26xx.a(uip-ds6-route.o)
                0x000000000000e678                uip_ds6_route_add
 .text.uip_ds6_defrt_rm
                0x000000000000e790       0x48 contiki-srf06-cc26xx.a(uip-ds6-route.o)
                0x000000000000e790                uip_ds6_defrt_rm
 .text.uip_ds6_defrt_lookup
                0x000000000000e7d8       0x34 contiki-srf06-cc26xx.a(uip-ds6-route.o)
                0x000000000000e7d8                uip_ds6_defrt_lookup
 .text.uip_ds6_defrt_add
                0x000000000000e80c       0x5c contiki-srf06-cc26xx.a(uip-ds6-route.o)
                0x000000000000e80c                uip_ds6_defrt_add
 .text.uip_ds6_defrt_choose
                0x000000000000e868       0x34 contiki-srf06-cc26xx.a(uip-ds6-route.o)
                0x000000000000e868                uip_ds6_defrt_choose
 .text.uip_ds6_defrt_periodic
                0x000000000000e89c       0x40 contiki-srf06-cc26xx.a(uip-ds6-route.o)
                0x000000000000e89c                uip_ds6_defrt_periodic
 .text.uip_ds6_nbr_rm
                0x000000000000e8dc       0x20 contiki-srf06-cc26xx.a(uip-ds6-nbr.o)
                0x000000000000e8dc                uip_ds6_nbr_rm
 .text.uip_ds6_neighbors_init
                0x000000000000e8fc       0x1c contiki-srf06-cc26xx.a(uip-ds6-nbr.o)
                0x000000000000e8fc                uip_ds6_neighbors_init
 .text.uip_ds6_nbr_add
                0x000000000000e918       0x38 contiki-srf06-cc26xx.a(uip-ds6-nbr.o)
                0x000000000000e918                uip_ds6_nbr_add
 .text.uip_ds6_nbr_get_ll
                0x000000000000e950       0x10 contiki-srf06-cc26xx.a(uip-ds6-nbr.o)
                0x000000000000e950                uip_ds6_nbr_get_ll
 .text.uip_ds6_nbr_lookup
                0x000000000000e960       0x3c contiki-srf06-cc26xx.a(uip-ds6-nbr.o)
                0x000000000000e960                uip_ds6_nbr_lookup
 .text.uip_ds6_nbr_ipaddr_from_lladdr
                0x000000000000e99c       0x10 contiki-srf06-cc26xx.a(uip-ds6-nbr.o)
                0x000000000000e99c                uip_ds6_nbr_ipaddr_from_lladdr
 .text.uip_ds6_nbr_lladdr_from_ipaddr
                0x000000000000e9ac       0x1c contiki-srf06-cc26xx.a(uip-ds6-nbr.o)
                0x000000000000e9ac                uip_ds6_nbr_lladdr_from_ipaddr
 .text.uip_ds6_link_neighbor_callback
                0x000000000000e9c8       0x34 contiki-srf06-cc26xx.a(uip-ds6-nbr.o)
                0x000000000000e9c8                uip_ds6_link_neighbor_callback
 .text.uip_debug_ipaddr_print
                0x000000000000e9fc       0xb0 contiki-srf06-cc26xx.a(uip-debug.o)
                0x000000000000e9fc                uip_debug_ipaddr_print
 .text.update_nbr
                0x000000000000eaac      0x110 contiki-srf06-cc26xx.a(rpl-nbr-policy.)
 .text.handle_periodic_timer
                0x000000000000ebbc       0x14 contiki-srf06-cc26xx.a(rpl-nbr-policy.)
 .text.find_removable_dio
                0x000000000000ebd0       0x40 contiki-srf06-cc26xx.a(rpl-nbr-policy.)
                0x000000000000ebd0                find_removable_dio
 .text.rpl_nbr_policy_find_removable
                0x000000000000ec10       0x64 contiki-srf06-cc26xx.a(rpl-nbr-policy.)
                0x000000000000ec10                rpl_nbr_policy_find_removable
 .text.NOROM_SetupGetTrimForXoscHfCtl.part.3
                0x000000000000ec74       0x20 contiki-srf06-cc26xx.a(setup_rom.o)
 .text.NOROM_SetupGetTrimForRadcExtCfg.part.4
                0x000000000000ec94       0x1c contiki-srf06-cc26xx.a(setup_rom.o)
 .text.NOROM_SetupAfterColdResetWakeupFromShutDownCfg1
                0x000000000000ecb0       0x7c contiki-srf06-cc26xx.a(setup_rom.o)
                0x000000000000ecb0                NOROM_SetupAfterColdResetWakeupFromShutDownCfg1
 .text.NOROM_SetupAfterColdResetWakeupFromShutDownCfg3
                0x000000000000ed2c      0x1a0 contiki-srf06-cc26xx.a(setup_rom.o)
                0x000000000000ed2c                NOROM_SetupAfterColdResetWakeupFromShutDownCfg3
 .text.NOROM_SetupGetTrimForAnabypassValue1
                0x000000000000eecc       0x64 contiki-srf06-cc26xx.a(setup_rom.o)
                0x000000000000eecc                NOROM_SetupGetTrimForAnabypassValue1
 .text.NOROM_SetupGetTrimForAmpcompCtrl
                0x000000000000ef30       0x74 contiki-srf06-cc26xx.a(setup_rom.o)
                0x000000000000ef30                NOROM_SetupGetTrimForAmpcompCtrl
 .text.NOROM_SetupAfterColdResetWakeupFromShutDownCfg2
                0x000000000000efa4      0x194 contiki-srf06-cc26xx.a(setup_rom.o)
                0x000000000000efa4                NOROM_SetupAfterColdResetWakeupFromShutDownCfg2
 .text.NOROM_SetupSetCacheModeAccordingToCcfgSetting
                0x000000000000f138       0x68 contiki-srf06-cc26xx.a(setup_rom.o)
                0x000000000000f138                NOROM_SetupSetCacheModeAccordingToCcfgSetting
 .text.NOROM_AONBatMonTemperatureGetDegC
                0x000000000000f1a0       0x30 contiki-srf06-cc26xx.a(aon_batmon.o)
                0x000000000000f1a0                NOROM_AONBatMonTemperatureGetDegC
 .text.mac_sequence_is_duplicate
                0x000000000000f1d0       0x4c contiki-srf06-cc26xx.a(mac-sequence.o)
                0x000000000000f1d0                mac_sequence_is_duplicate
 .text.mac_sequence_register_seqno
                0x000000000000f21c       0x74 contiki-srf06-cc26xx.a(mac-sequence.o)
                0x000000000000f21c                mac_sequence_register_seqno
 .text.mac_call_sent_callback
                0x000000000000f290       0x18 contiki-srf06-cc26xx.a(mac.o)
                0x000000000000f290                mac_call_sent_callback
 .text.stimer_set
                0x000000000000f2a8       0x10 contiki-srf06-cc26xx.a(stimer.o)
                0x000000000000f2a8                stimer_set
 .text.stimer_expired
                0x000000000000f2b8       0x20 contiki-srf06-cc26xx.a(stimer.o)
                0x000000000000f2b8                stimer_expired
 .text          0x000000000000f2d8       0x10 /usr/lib/gcc/arm-none-eabi/5.4.1/../../../arm-none-eabi/lib/armv7-m/libm.a(lib_a-w_exp2.o)
                0x000000000000f2d8                exp2
 .text          0x000000000000f2e8      0x330 /usr/lib/gcc/arm-none-eabi/5.4.1/../../../arm-none-eabi/lib/armv7-m/libm.a(lib_a-w_pow.o)
                0x000000000000f2e8                pow
 .text          0x000000000000f618      0x188 /usr/lib/gcc/arm-none-eabi/5.4.1/../../../arm-none-eabi/lib/armv7-m/libm.a(lib_a-e_sqrt.o)
                0x000000000000f618                __ieee754_sqrt
 .text          0x000000000000f7a0        0x8 /usr/lib/gcc/arm-none-eabi/5.4.1/../../../arm-none-eabi/lib/armv7-m/libm.a(lib_a-s_fabs.o)
                0x000000000000f7a0                fabs
 .text          0x000000000000f7a8        0xc /usr/lib/gcc/arm-none-eabi/5.4.1/../../../arm-none-eabi/lib/armv7-m/libm.a(lib_a-s_finite.o)
                0x000000000000f7a8                finite
 .text          0x000000000000f7b4        0x4 /usr/lib/gcc/arm-none-eabi/5.4.1/../../../arm-none-eabi/lib/armv7-m/libm.a(lib_a-s_matherr.o)
                0x000000000000f7b4                matherr
 .text          0x000000000000f7b8        0xc /usr/lib/gcc/arm-none-eabi/5.4.1/../../../arm-none-eabi/lib/armv7-m/libm.a(lib_a-s_nan.o)
                0x000000000000f7b8                nan
 .text          0x000000000000f7c4      0x120 /usr/lib/gcc/arm-none-eabi/5.4.1/../../../arm-none-eabi/lib/armv7-m/libm.a(lib_a-s_rint.o)
                0x000000000000f7c4                rint
 .text          0x000000000000f8e4       0x10 /usr/lib/gcc/arm-none-eabi/5.4.1/../../../arm-none-eabi/lib/armv7-m/libm.a(lib_a-s_copysign.o)
                0x000000000000f8e4                copysign
 .text          0x000000000000f8f4      0x370 /usr/lib/gcc/arm-none-eabi/5.4.1/armv7-m/libgcc.a(_arm_addsubdf3.o)
                0x000000000000f8f4                __aeabi_drsub
                0x000000000000f8fc                __aeabi_dsub
                0x000000000000f8fc                __subdf3
                0x000000000000f900                __adddf3
                0x000000000000f900                __aeabi_dadd
                0x000000000000fb78                __aeabi_ui2d
                0x000000000000fb78                __floatunsidf
                0x000000000000fb98                __floatsidf
                0x000000000000fb98                __aeabi_i2d
                0x000000000000fbbc                __extendsfdf2
                0x000000000000fbbc                __aeabi_f2d
                0x000000000000fbf8                __aeabi_ul2d
                0x000000000000fbf8                __floatundidf
                0x000000000000fc08                __floatdidf
                0x000000000000fc08                __aeabi_l2d
 .text          0x000000000000fc64      0x424 /usr/lib/gcc/arm-none-eabi/5.4.1/armv7-m/libgcc.a(_arm_muldivdf3.o)
                0x000000000000fc64                __aeabi_dmul
                0x000000000000fc64                __muldf3
                0x000000000000feb8                __aeabi_ddiv
                0x000000000000feb8                __divdf3
 .text          0x0000000000010088      0x110 /usr/lib/gcc/arm-none-eabi/5.4.1/armv7-m/libgcc.a(_arm_cmpdf2.o)
                0x0000000000010088                __gtdf2
                0x0000000000010088                __gedf2
                0x0000000000010090                __ltdf2
                0x0000000000010090                __ledf2
                0x0000000000010098                __cmpdf2
                0x0000000000010098                __eqdf2
                0x0000000000010098                __nedf2
                0x0000000000010114                __aeabi_cdrcmple
                0x0000000000010124                __aeabi_cdcmple
                0x0000000000010124                __aeabi_cdcmpeq
                0x0000000000010134                __aeabi_dcmpeq
                0x0000000000010148                __aeabi_dcmplt
                0x000000000001015c                __aeabi_dcmple
                0x0000000000010170                __aeabi_dcmpge
                0x0000000000010184                __aeabi_dcmpgt
 .text          0x0000000000010198       0x2c /usr/lib/gcc/arm-none-eabi/5.4.1/armv7-m/libgcc.a(_arm_unorddf2.o)
                0x0000000000010198                __aeabi_dcmpun
                0x0000000000010198                __unorddf2
 .text          0x00000000000101c4       0xa0 /usr/lib/gcc/arm-none-eabi/5.4.1/armv7-m/libgcc.a(_arm_truncdfsf2.o)
                0x00000000000101c4                __aeabi_d2f
                0x00000000000101c4                __truncdfsf2
 .text          0x0000000000010264      0x21c /usr/lib/gcc/arm-none-eabi/5.4.1/armv7-m/libgcc.a(_arm_addsubsf3.o)
                0x0000000000010264                __aeabi_frsub
                0x000000000001026c                __subsf3
                0x000000000001026c                __aeabi_fsub
                0x0000000000010270                __aeabi_fadd
                0x0000000000010270                __addsf3
                0x00000000000103d0                __aeabi_ui2f
                0x00000000000103d0                __floatunsisf
                0x00000000000103d8                __aeabi_i2f
                0x00000000000103d8                __floatsisf
                0x00000000000103f4                __floatundisf
                0x00000000000103f4                __aeabi_ul2f
                0x0000000000010404                __floatdisf
                0x0000000000010404                __aeabi_l2f
 .text          0x0000000000010480      0x2a0 /usr/lib/gcc/arm-none-eabi/5.4.1/armv7-m/libgcc.a(_arm_muldivsf3.o)
                0x0000000000010480                __mulsf3
                0x0000000000010480                __aeabi_fmul
                0x00000000000105e8                __divsf3
                0x00000000000105e8                __aeabi_fdiv
 .text          0x0000000000010720       0x4c /usr/lib/gcc/arm-none-eabi/5.4.1/armv7-m/libgcc.a(_arm_fixsfsi.o)
                0x0000000000010720                __fixsfsi
                0x0000000000010720                __aeabi_f2iz
 .text          0x000000000001076c       0x30 /usr/lib/gcc/arm-none-eabi/5.4.1/armv7-m/libgcc.a(_aeabi_uldivmod.o)
                0x000000000001076c                __aeabi_uldivmod
 .text          0x000000000001079c      0x2ec /usr/lib/gcc/arm-none-eabi/5.4.1/armv7-m/libgcc.a(_udivmoddi4.o)
                0x000000000001079c                __udivmoddi4
 .text          0x0000000000010a88        0x4 /usr/lib/gcc/arm-none-eabi/5.4.1/armv7-m/libgcc.a(_dvmd_tls.o)
                0x0000000000010a88                __aeabi_ldiv0
                0x0000000000010a88                __aeabi_idiv0
 .text          0x0000000000010a8c        0xc /usr/lib/gcc/arm-none-eabi/5.4.1/../../../arm-none-eabi/lib/armv7-m/libc.a(lib_a-errno.o)
                0x0000000000010a8c                __errno
 .text          0x0000000000010a98       0x64 /usr/lib/gcc/arm-none-eabi/5.4.1/../../../arm-none-eabi/lib/armv7-m/libc.a(lib_a-memcmp.o)
                0x0000000000010a98                memcmp
 .text          0x0000000000010afc       0xec /usr/lib/gcc/arm-none-eabi/5.4.1/../../../arm-none-eabi/lib/armv7-m/libc.a(lib_a-memcpy.o)
                0x0000000000010afc                memcpy
 .text          0x0000000000010be8       0xc8 /usr/lib/gcc/arm-none-eabi/5.4.1/../../../arm-none-eabi/lib/armv7-m/libc.a(lib_a-memmove.o)
                0x0000000000010be8                memmove
 .text          0x0000000000010cb0       0x9c /usr/lib/gcc/arm-none-eabi/5.4.1/../../../arm-none-eabi/lib/armv7-m/libc.a(lib_a-memset.o)
                0x0000000000010cb0                memset
 .text          0x0000000000010d4c       0x5c /usr/lib/gcc/arm-none-eabi/5.4.1/../../../arm-none-eabi/lib/armv7-m/libc.a(lib_a-strlen-stub.o)
                0x0000000000010d4c                strlen
 *(SORT(.rodata*))
 .rodata        0x0000000000010da8       0x10 /usr/lib/gcc/arm-none-eabi/5.4.1/../../../arm-none-eabi/lib/armv7-m/libm.a(lib_a-s_rint.o)
 .rodata.autostart_processes
                0x0000000000010db8        0x8 cc26xx-demo.co
                0x0000000000010db8                autostart_processes
 .rodata.str1.4
                0x0000000000010dc0      0x104 cc26xx-demo.co
 .rodata.str1.4
                0x0000000000010ec4       0xf2 contiki-srf06-cc26xx.a(contiki-main.o)
 *fill*         0x0000000000010fb6        0x2 00000000
 .rodata.str1.4
                0x0000000000010fb8        0x8 contiki-srf06-cc26xx.a(sensors.o)
 .rodata.str1.4
                0x0000000000010fc0        0x7 contiki-srf06-cc26xx.a(bmp-280-sensor.)
 *fill*         0x0000000000010fc7        0x1 00000000
 .rodata.bmp_280_sensor
                0x0000000000010fc8       0x10 contiki-srf06-cc26xx.a(bmp-280-sensor.)
                0x0000000000010fc8                bmp_280_sensor
 .rodata.tmp_007_sensor
                0x0000000000010fd8       0x10 contiki-srf06-cc26xx.a(tmp-007-sensor.)
                0x0000000000010fd8                tmp_007_sensor
 .rodata.str1.4
                0x0000000000010fe8        0x7 contiki-srf06-cc26xx.a(tmp-007-sensor.)
 *fill*         0x0000000000010fef        0x1 00000000
 .rodata.str1.4
                0x0000000000010ff0        0x8 contiki-srf06-cc26xx.a(opt-3001-sensor)
 .rodata.opt_3001_sensor
                0x0000000000010ff8       0x10 contiki-srf06-cc26xx.a(opt-3001-sensor)
                0x0000000000010ff8                opt_3001_sensor
 .rodata.hdc_1000_sensor
                0x0000000000011008       0x10 contiki-srf06-cc26xx.a(hdc-1000-sensor)
                0x0000000000011008                hdc_1000_sensor
 .rodata.str1.4
                0x0000000000011018        0x8 contiki-srf06-cc26xx.a(hdc-1000-sensor)
 .rodata.mpu_9250_sensor
                0x0000000000011020       0x10 contiki-srf06-cc26xx.a(mpu-9250-sensor)
                0x0000000000011020                mpu_9250_sensor
 .rodata.str1.4
                0x0000000000011030        0x8 contiki-srf06-cc26xx.a(mpu-9250-sensor)
 .rodata.button_left_sensor
                0x0000000000011038       0x10 contiki-srf06-cc26xx.a(button-sensor.o)
                0x0000000000011038                button_left_sensor
 .rodata.str1.4
                0x0000000000011048        0x7 contiki-srf06-cc26xx.a(button-sensor.o)
 *fill*         0x000000000001104f        0x1 00000000
 .rodata.button_right_sensor
                0x0000000000011050       0x10 contiki-srf06-cc26xx.a(button-sensor.o)
                0x0000000000011050                button_right_sensor
 .rodata.reed_relay_sensor
                0x0000000000011060       0x10 contiki-srf06-cc26xx.a(reed-relay.o)
                0x0000000000011060                reed_relay_sensor
 .rodata.str1.4
                0x0000000000011070        0x5 contiki-srf06-cc26xx.a(reed-relay.o)
 *fill*         0x0000000000011075        0x3 00000000